Component: Arm Compiler for Embedded 6.22 Tool: armlink [5ee90200]

==============================================================================

Section Cross References

    system_ptm280x.o(.ARM.exidx.text.Wait_ClockReady) refers to system_ptm280x.o(.text.Wait_ClockReady) for [Anonymous Symbol]
    system_ptm280x.o(.ARM.exidx.text.CLOCK_Cmd) refers to system_ptm280x.o(.text.CLOCK_Cmd) for [Anonymous Symbol]
    system_ptm280x.o(.text.CLOCK_SystemClockConfig) refers to pt32x0xx_rcc.o(.text.RCC_HCLKSetPrescaler) for RCC_HCLKSetPrescaler
    system_ptm280x.o(.text.CLOCK_SystemClockConfig) refers to pt32x0xx_rcc.o(.text.RCC_PCLKSetPrescaler) for RCC_PCLKSetPrescaler
    system_ptm280x.o(.ARM.exidx.text.CLOCK_SystemClockConfig) refers to system_ptm280x.o(.text.CLOCK_SystemClockConfig) for [Anonymous Symbol]
    system_ptm280x.o(.text.CLOCK_MCOConfig) refers to pt32x0xx_rcc.o(.text.RCC_SetMCOSource) for RCC_SetMCOSource
    system_ptm280x.o(.ARM.exidx.text.CLOCK_MCOConfig) refers to system_ptm280x.o(.text.CLOCK_MCOConfig) for [Anonymous Symbol]
    system_ptm280x.o(.text.GetClockFreq) refers to cmix_board.o(.text.assert_failed) for assert_failed
    system_ptm280x.o(.text.GetClockFreq) refers to uidiv_div0.o(.text) for __aeabi_uidiv
    system_ptm280x.o(.ARM.exidx.text.GetClockFreq) refers to system_ptm280x.o(.text.GetClockFreq) for [Anonymous Symbol]
    system_ptm280x.o(.text.SystemInit) refers to pt32x0xx_rcc.o(.text.RCC_HCLKSetPrescaler) for RCC_HCLKSetPrescaler
    system_ptm280x.o(.text.SystemInit) refers to pt32x0xx_rcc.o(.text.RCC_PCLKSetPrescaler) for RCC_PCLKSetPrescaler
    system_ptm280x.o(.text.SystemInit) refers to pt32x0xx_ifmc.o(.text.IFMC_SetLatency) for IFMC_SetLatency
    system_ptm280x.o(.text.SystemInit) refers to pt32x0xx_rcc.o(.text.RCC_SetMCOSource) for RCC_SetMCOSource
    system_ptm280x.o(.ARM.exidx.text.SystemInit) refers to system_ptm280x.o(.text.SystemInit) for [Anonymous Symbol]
    startup_ptm280x.o(RESET) refers to startup_ptm280x.o(STACK) for __initial_sp
    startup_ptm280x.o(RESET) refers to startup_ptm280x.o(.text) for Reset_Handler
    startup_ptm280x.o(.text) refers to system_ptm280x.o(.text.SystemInit) for SystemInit
    startup_ptm280x.o(.text) refers to entry.o(.ARM.Collect$$$$00000000) for __main
    cmix_board.o(.text.I2C_GPIO_Config) refers to pt32x0xx_gpio.o(.text.GPIO_Init) for GPIO_Init
    cmix_board.o(.text.I2C_GPIO_Config) refers to pt32x0xx_gpio.o(.text.GPIO_DigitalRemapConfig) for GPIO_DigitalRemapConfig
    cmix_board.o(.ARM.exidx.text.I2C_GPIO_Config) refers to cmix_board.o(.text.I2C_GPIO_Config) for [Anonymous Symbol]
    cmix_board.o(.text.I2C_Mode_Config) refers to pt32x0xx_i2c.o(.text.I2C_Init) for I2C_Init
    cmix_board.o(.ARM.exidx.text.I2C_Mode_Config) refers to cmix_board.o(.text.I2C_Mode_Config) for [Anonymous Symbol]
    cmix_board.o(.text.CMix_InitIIC) refers to pt32x0xx_gpio.o(.text.GPIO_Init) for GPIO_Init
    cmix_board.o(.text.CMix_InitIIC) refers to pt32x0xx_gpio.o(.text.GPIO_DigitalRemapConfig) for GPIO_DigitalRemapConfig
    cmix_board.o(.text.CMix_InitIIC) refers to pt32x0xx_i2c.o(.text.I2C_Init) for I2C_Init
    cmix_board.o(.ARM.exidx.text.CMix_InitIIC) refers to cmix_board.o(.text.CMix_InitIIC) for [Anonymous Symbol]
    cmix_board.o(.text.CMix_SystemInit) refers to cmix_board.o(.text.CMix_InitClocks) for CMix_InitClocks
    cmix_board.o(.text.CMix_SystemInit) refers to pt32x0xx_gpio.o(.text.GPIO_Init) for GPIO_Init
    cmix_board.o(.text.CMix_SystemInit) refers to pt32x0xx_gpio.o(.text.GPIO_DigitalRemapConfig) for GPIO_DigitalRemapConfig
    cmix_board.o(.text.CMix_SystemInit) refers to pt32x0xx_i2c.o(.text.I2C_Init) for I2C_Init
    cmix_board.o(.text.CMix_SystemInit) refers to cmix_board.o(.text.CMix_InitADCSequence) for CMix_InitADCSequence
    cmix_board.o(.text.CMix_SystemInit) refers to pt32x0xx_uart.o(.text.UART_Init) for UART_Init
    cmix_board.o(.text.CMix_SystemInit) refers to pt32x0xx_uart.o(.text.UART_Cmd) for UART_Cmd
    cmix_board.o(.text.CMix_SystemInit) refers to cmix_pinmap.o(.rodata.CMix_Pin_UART_Tx) for CMix_Pin_UART_Tx
    cmix_board.o(.text.CMix_SystemInit) refers to cmix_pinmap.o(.rodata.CMix_Pin_UART_Rx) for CMix_Pin_UART_Rx
    cmix_board.o(.ARM.exidx.text.CMix_SystemInit) refers to cmix_board.o(.text.CMix_SystemInit) for [Anonymous Symbol]
    cmix_board.o(.text.CMix_InitClocks) refers to pt32x0xx_rcc.o(.text.RCC_AHBPeriphClockCmd) for RCC_AHBPeriphClockCmd
    cmix_board.o(.text.CMix_InitClocks) refers to pt32x0xx_rcc.o(.text.RCC_APBPeriph1ClockCmd) for RCC_APBPeriph1ClockCmd
    cmix_board.o(.text.CMix_InitClocks) refers to pt32x0xx_rcc.o(.text.RCC_APBPeriph3ClockCmd) for RCC_APBPeriph3ClockCmd
    cmix_board.o(.text.CMix_InitClocks) refers to pt32x0xx_rcc.o(.text.RCC_APBPeriph2ClockCmd) for RCC_APBPeriph2ClockCmd
    cmix_board.o(.text.CMix_InitClocks) refers to pt32x0xx_rcc.o(.text.RCC_APBPeriph1ResetCmd) for RCC_APBPeriph1ResetCmd
[...]
    Removing cmix_board.o(.ARM.exidx.text.CMix_ReadAnalogMeasurements), (8 bytes).
    Removing cmix_board.o(.text.CMix_UpdateBoardStatus), (84 bytes).
    Removing cmix_board.o(.ARM.exidx.text.CMix_UpdateBoardStatus), (8 bytes).
    Removing cmix_board.o(.text.CMix_ProcessFaults), (44 bytes).
    Removing cmix_board.o(.ARM.exidx.text.CMix_ProcessFaults), (8 bytes).
    Removing cmix_board.o(.ARM.exidx.text.assert_failed), (8 bytes).
    Removing cmix_board.o(.bss.s_pwm_period_ticks), (2 bytes).
    Removing cmix_board.o(.bss.s_pwm_outputs_requested), (1 bytes).
    Removing cmix_board.o(.bss.s_ntc_mux_selects_ntc4), (1 bytes).
    Removing cmix_board.o(.bss.s_measurement_cache), (44 bytes).
    Removing cmix_board.o(.bss.s_ntc_mux_cached), (8 bytes).
    Removing cmix_control.o(.text), (0 bytes).
    Removing cmix_control.o(.text.CMix_ControlInit), (14 bytes).
    Removing cmix_control.o(.ARM.exidx.text.CMix_ControlInit), (8 bytes).
    Removing cmix_control.o(.text.CMix_ControlSetDirection), (30 bytes).
    Removing cmix_control.o(.ARM.exidx.text.CMix_ControlSetDirection), (8 bytes).
    Removing cmix_control.o(.text.CMix_ControlUpdate), (492 bytes).
    Removing cmix_control.o(.ARM.exidx.text.CMix_ControlUpdate), (8 bytes).
    Removing cmix_control.o(.text.CMix_ControlNotifyFault), (10 bytes).
    Removing cmix_control.o(.ARM.exidx.text.CMix_ControlNotifyFault), (8 bytes).
    Removing cmix_main.o(.text), (0 bytes).
    Removing cmix_main.o(.text.CMix_Hardware_Delay_ms), (24 bytes).
    Removing cmix_main.o(.ARM.exidx.text.CMix_Hardware_Delay_ms), (8 bytes).
    Removing cmix_main.o(.text.I2C_Master_Write), (2 bytes).
    Removing cmix_main.o(.ARM.exidx.text.I2C_Master_Write), (8 bytes).
    Removing cmix_main.o(.ARM.exidx.text.main), (8 bytes).
    Removing cmix_main.o(.ARM.use_no_argv), (4 bytes).
    Removing cmix_pinmap.o(.text), (0 bytes).
    Removing cmix_pinmap.o(.rodata.CMix_Pin_PhaseA_PWM), (12 bytes).
    Removing cmix_pinmap.o(.rodata.CMix_Pin_PhaseA_PWMN), (12 bytes).
    Removing cmix_pinmap.o(.rodata.CMix_Pin_PhaseB_PWM), (12 bytes).
    Removing cmix_pinmap.o(.rodata.CMix_Pin_PhaseB_PWMN), (12 bytes).
    Removing cmix_pinmap.o(.rodata.CMix_Pin_BKIN), (12 bytes).
    Removing cmix_pinmap.o(.rodata.CMix_Pin_NTC3_Gpio), (12 bytes).
    Removing cmix_pinmap.o(.rodata.CMix_Pin_SWDIO), (12 bytes).
    Removing cmix_pinmap.o(.rodata.CMix_Pin_SWCLK), (12 bytes).
    Removing cmix_pinmap.o(.rodata.CMix_Pin_NTC4_External), (12 bytes).
    Removing cmix_i2c.o(.text), (0 bytes).
    Removing cmix_i2c.o(.text.CMix_I2C_QueryStatus), (40 bytes).
    Removing cmix_i2c.o(.ARM.exidx.text.CMix_I2C_QueryStatus), (8 bytes).
    Removing cmix_i2c.o(.ARM.exidx.text.CMix_I2C_Master_Write), (8 bytes).
    Removing cmix_i2c.o(.text.CMix_I2C_Master_Read), (208 bytes).
    Removing cmix_i2c.o(.ARM.exidx.text.CMix_I2C_Master_Read), (8 bytes).
    Removing cmix_i2c.o(.text.CMix_I2C_Init), (44 bytes).
    Removing cmix_i2c.o(.ARM.exidx.text.CMix_I2C_Init), (8 bytes).
    Removing cmix_i2c.o(.ARM.exidx.text.CMix_I2C_Proc), (8 bytes).
    Removing cmix_i2c.o(.bss.i), (4 bytes).
    Removing cmix_i2c.o(.bss.addr), (1 bytes).
    Removing pt32x0xx_retarget.o(.text), (0 bytes).
    Removing pt32x0xx_retarget.o(.text._sys_exit), (2 bytes).
    Removing pt32x0xx_retarget.o(.ARM.exidx.text._sys_exit), (8 bytes).
    Removing pt32x0xx_retarget.o(.text._ttywrch), (2 bytes).
    Removing pt32x0xx_retarget.o(.ARM.exidx.text._ttywrch), (8 bytes).
    Removing pt32x0xx_retarget.o(.text._sys_command_string), (2 bytes).
    Removing pt32x0xx_retarget.o(.ARM.exidx.text._sys_command_string), (8 bytes).
    Removing pt32x0xx_retarget.o(.text.fputc), (20 bytes).
    Removing pt32x0xx_retarget.o(.ARM.exidx.text.fputc), (8 bytes).
    Removing pt32x0xx_retarget.o(.text.fgetc), (20 bytes).
    Removing pt32x0xx_retarget.o(.ARM.exidx.text.fgetc), (8 bytes).
    Removing pt32x0xx_retarget.o(.bss.__stdout), (84 bytes).
    Removing pt32x0xx_adc.o(.text), (0 bytes).
    Removing pt32x0xx_adc.o(.ARM.exidx.text.ADC_Init), (8 bytes).
    Removing pt32x0xx_adc.o(.text.ADC_StructInit), (20 bytes).
    Removing pt32x0xx_adc.o(.ARM.exidx.text.ADC_StructInit), (8 bytes).
    Removing pt32x0xx_adc.o(.ARM.exidx.text.ADC_Cmd), (8 bytes).
    Removing pt32x0xx_adc.o(.text.ADC_StartOfRegularConversion), (36 bytes).
    Removing pt32x0xx_adc.o(.ARM.exidx.text.ADC_StartOfRegularConversion), (8 bytes).
    Removing pt32x0xx_adc.o(.text.ADC_StartOfInjectedConversion), (40 bytes).
    Removing pt32x0xx_adc.o(.ARM.exidx.text.ADC_StartOfInjectedConversion), (8 bytes).
    Removing pt32x0xx_adc.o(.text.ADC_ModeConfig), (52 bytes).
    Removing pt32x0xx_adc.o(.ARM.exidx.text.ADC_ModeConfig), (8 bytes).
    Removing pt32x0xx_adc.o(.text.ADC_AlignConfig), (56 bytes).
    Removing pt32x0xx_adc.o(.ARM.exidx.text.ADC_AlignConfig), (8 bytes).
    Removing pt32x0xx_adc.o(.text.ADC_DMACmd), (60 bytes).
    Removing pt32x0xx_adc.o(.ARM.exidx.text.ADC_DMACmd), (8 bytes).
    Removing pt32x0xx_adc.o(.text.ADC_ConversionControlConfig), (68 bytes).
    Removing pt32x0xx_adc.o(.ARM.exidx.text.ADC_ConversionControlConfig), (8 bytes).
    Removing pt32x0xx_adc.o(.text.ADC_SingleConversionCountControl), (60 bytes).
    Removing pt32x0xx_adc.o(.ARM.exidx.text.ADC_SingleConversionCountControl), (8 bytes).
    Removing pt32x0xx_adc.o(.ARM.exidx.text.ADC_RegularTriggerSource), (8 bytes).
    Removing pt32x0xx_adc.o(.text.ADC_RegularTimerTriggerSource), (72 bytes).
    Removing pt32x0xx_adc.o(.ARM.exidx.text.ADC_RegularTimerTriggerSource), (8 bytes).
    Removing pt32x0xx_adc.o(.text.ADC_DigitalFilterConfig), (76 bytes).
    Removing pt32x0xx_adc.o(.ARM.exidx.text.ADC_DigitalFilterConfig), (8 bytes).
    Removing pt32x0xx_adc.o(.ARM.exidx.text.ADC_RegularScanCmd), (8 bytes).
    Removing pt32x0xx_adc.o(.text.ADC_InjectedScanCmd), (64 bytes).
    Removing pt32x0xx_adc.o(.ARM.exidx.text.ADC_InjectedScanCmd), (8 bytes).
    Removing pt32x0xx_adc.o(.text.ADC_InjectedTriggerSource), (72 bytes).
    Removing pt32x0xx_adc.o(.ARM.exidx.text.ADC_InjectedTriggerSource), (8 bytes).
    Removing pt32x0xx_adc.o(.text.ADC_InjectedTimerTriggerSource), (72 bytes).
    Removing pt32x0xx_adc.o(.ARM.exidx.text.ADC_InjectedTimerTriggerSource), (8 bytes).
    Removing pt32x0xx_adc.o(.ARM.exidx.text.ADC_RSCNTConfig), (8 bytes).
    Removing pt32x0xx_adc.o(.text.ADC_JSCNTConfig), (72 bytes).
    Removing pt32x0xx_adc.o(.ARM.exidx.text.ADC_JSCNTConfig), (8 bytes).
    Removing pt32x0xx_adc.o(.text.ADC_RVSPSConfig), (56 bytes).
    Removing pt32x0xx_adc.o(.ARM.exidx.text.ADC_RVSPSConfig), (8 bytes).
    Removing pt32x0xx_adc.o(.text.ADC_BGREFCmd), (64 bytes).
    Removing pt32x0xx_adc.o(.ARM.exidx.text.ADC_BGREFCmd), (8 bytes).
    Removing pt32x0xx_adc.o(.text.ADC_BGREFSourceConfig), (64 bytes).
    Removing pt32x0xx_adc.o(.ARM.exidx.text.ADC_BGREFSourceConfig), (8 bytes).
    Removing pt32x0xx_adc.o(.text.ADC_BGREFOutputCmd), (64 bytes).
    Removing pt32x0xx_adc.o(.ARM.exidx.text.ADC_BGREFOutputCmd), (8 bytes).
    Removing pt32x0xx_adc.o(.text.ADC_KeyValueConfig), (72 bytes).
    Removing pt32x0xx_adc.o(.ARM.exidx.text.ADC_KeyValueConfig), (8 bytes).
    Removing pt32x0xx_adc.o(.text.ADC_BG2v0OffsetTrimValueConfig), (72 bytes).
    Removing pt32x0xx_adc.o(.ARM.exidx.text.ADC_BG2v0OffsetTrimValueConfig), (8 bytes).
    Removing pt32x0xx_adc.o(.text.ADC_GetBG2v0TrimValue), (36 bytes).
    Removing pt32x0xx_adc.o(.ARM.exidx.text.ADC_GetBG2v0TrimValue), (8 bytes).
    Removing pt32x0xx_adc.o(.text.ADC_BG4v0OffsetTrimValueConfig), (72 bytes).
    Removing pt32x0xx_adc.o(.ARM.exidx.text.ADC_BG4v0OffsetTrimValueConfig), (8 bytes).
    Removing pt32x0xx_adc.o(.text.ADC_GetBG4v0TrimValue), (36 bytes).
    Removing pt32x0xx_adc.o(.ARM.exidx.text.ADC_GetBG4v0TrimValue), (8 bytes).
    Removing pt32x0xx_adc.o(.text.ADC_GetBGTFFlagStatus), (40 bytes).
    Removing pt32x0xx_adc.o(.ARM.exidx.text.ADC_GetBGTFFlagStatus), (8 bytes).
    Removing pt32x0xx_adc.o(.text.ADC_InputNegative), (52 bytes).
    Removing pt32x0xx_adc.o(.ARM.exidx.text.ADC_InputNegative), (8 bytes).
    Removing pt32x0xx_adc.o(.text.ADC_ChannelConfig), (104 bytes).
    Removing pt32x0xx_adc.o(.ARM.exidx.text.ADC_ChannelConfig), (8 bytes).
    Removing pt32x0xx_adc.o(.text.ADC_Prescaler), (60 bytes).
    Removing pt32x0xx_adc.o(.ARM.exidx.text.ADC_Prescaler), (8 bytes).
    Removing pt32x0xx_adc.o(.text.ADC_ReadyTimeConfig), (60 bytes).
    Removing pt32x0xx_adc.o(.ARM.exidx.text.ADC_ReadyTimeConfig), (8 bytes).
    Removing pt32x0xx_adc.o(.ARM.exidx.text.ADC_ChannelSetupTimeConfig), (8 bytes).
    Removing pt32x0xx_adc.o(.ARM.exidx.text.ADC_SampleTimeConfig), (8 bytes).
    Removing pt32x0xx_adc.o(.text.ADC_ITConfig), (100 bytes).
    Removing pt32x0xx_adc.o(.ARM.exidx.text.ADC_ITConfig), (8 bytes).
    Removing pt32x0xx_adc.o(.ARM.exidx.text.ADC_GetFlagStatus), (8 bytes).
    Removing pt32x0xx_adc.o(.text.ADC_ClearFlag), (52 bytes).
    Removing pt32x0xx_adc.o(.ARM.exidx.text.ADC_ClearFlag), (8 bytes).
    Removing pt32x0xx_adc.o(.text.ADC_GetAnalogWatchdogChannel), (48 bytes).
    Removing pt32x0xx_adc.o(.ARM.exidx.text.ADC_GetAnalogWatchdogChannel), (8 bytes).
    Removing pt32x0xx_adc.o(.text.ADC_AnalogWatchdogCmd), (60 bytes).
    Removing pt32x0xx_adc.o(.ARM.exidx.text.ADC_AnalogWatchdogCmd), (8 bytes).
    Removing pt32x0xx_adc.o(.text.ADC_AnalogWatchdogChannelControl), (64 bytes).
    Removing pt32x0xx_adc.o(.ARM.exidx.text.ADC_AnalogWatchdogChannelControl), (8 bytes).
    Removing pt32x0xx_adc.o(.text.ADC_AnalogWatchdogChannelSelect), (104 bytes).
    Removing pt32x0xx_adc.o(.ARM.exidx.text.ADC_AnalogWatchdogChannelSelect), (8 bytes).
    Removing pt32x0xx_adc.o(.text.ADC_AnalogWatchdogLowerThreshold), (64 bytes).
    Removing pt32x0xx_adc.o(.ARM.exidx.text.ADC_AnalogWatchdogLowerThreshold), (8 bytes).
    Removing pt32x0xx_adc.o(.text.ADC_AnalogWatchdogHigherThreshold), (60 bytes).
    Removing pt32x0xx_adc.o(.ARM.exidx.text.ADC_AnalogWatchdogHigherThreshold), (8 bytes).
    Removing pt32x0xx_adc.o(.text.ADC_GetConversionValue), (36 bytes).
    Removing pt32x0xx_adc.o(.ARM.exidx.text.ADC_GetConversionValue), (8 bytes).
    Removing pt32x0xx_adc.o(.ARM.exidx.text.ADC_ScanChannelConfig), (8 bytes).
    Removing pt32x0xx_adc.o(.text.ADC_InjectScanChannelConfig), (136 bytes).
    Removing pt32x0xx_adc.o(.ARM.exidx.text.ADC_InjectScanChannelConfig), (8 bytes).
    Removing pt32x0xx_adc.o(.text.ADC_GetRegularScanConversionValue), (60 bytes).
    Removing pt32x0xx_adc.o(.ARM.exidx.text.ADC_GetRegularScanConversionValue), (8 bytes).
    Removing pt32x0xx_adc.o(.text.ADC_GetInjectScanConversionValue), (60 bytes).
    Removing pt32x0xx_adc.o(.ARM.exidx.text.ADC_GetInjectScanConversionValue), (8 bytes).
    Removing pt32x0xx_cmp.o(.text), (0 bytes).
    Removing pt32x0xx_cmp.o(.text.CMP_Init), (176 bytes).
    Removing pt32x0xx_cmp.o(.ARM.exidx.text.CMP_Init), (8 bytes).
    Removing pt32x0xx_cmp.o(.text.CMP_StructInit), (14 bytes).
    Removing pt32x0xx_cmp.o(.ARM.exidx.text.CMP_StructInit), (8 bytes).
    Removing pt32x0xx_cmp.o(.text.CMP_Cmd), (68 bytes).
    Removing pt32x0xx_cmp.o(.ARM.exidx.text.CMP_Cmd), (8 bytes).
    Removing pt32x0xx_cmp.o(.text.CMP_PowerModeConfig), (56 bytes).
    Removing pt32x0xx_cmp.o(.ARM.exidx.text.CMP_PowerModeConfig), (8 bytes).
    Removing pt32x0xx_cmp.o(.text.CMP_OutputPolarityConfig), (60 bytes).
    Removing pt32x0xx_cmp.o(.ARM.exidx.text.CMP_OutputPolarityConfig), (8 bytes).
    Removing pt32x0xx_cmp.o(.text.CMP_HysteresisCmd), (72 bytes).
    Removing pt32x0xx_cmp.o(.ARM.exidx.text.CMP_HysteresisCmd), (8 bytes).
    Removing pt32x0xx_cmp.o(.text.CMP_NegativeIntputConfig), (72 bytes).
    Removing pt32x0xx_cmp.o(.ARM.exidx.text.CMP_NegativeIntputConfig), (8 bytes).
    Removing pt32x0xx_cmp.o(.text.CMP_DigitalFilterConfig), (76 bytes).
    Removing pt32x0xx_cmp.o(.ARM.exidx.text.CMP_DigitalFilterConfig), (8 bytes).
    Removing pt32x0xx_cmp.o(.text.CMP_HysteresisVoltageConfig), (68 bytes).
    Removing pt32x0xx_cmp.o(.ARM.exidx.text.CMP_HysteresisVoltageConfig), (8 bytes).
    Removing pt32x0xx_cmp.o(.text.CMP_PositiveIntputConfig), (80 bytes).
    Removing pt32x0xx_cmp.o(.ARM.exidx.text.CMP_PositiveIntputConfig), (8 bytes).
    Removing pt32x0xx_cmp.o(.text.CMP_OutputSynchronization), (76 bytes).
    Removing pt32x0xx_cmp.o(.ARM.exidx.text.CMP_OutputSynchronization), (8 bytes).
    Removing pt32x0xx_cmp.o(.text.CMP_OutputPWMPolarityConfig), (68 bytes).
    Removing pt32x0xx_cmp.o(.ARM.exidx.text.CMP_OutputPWMPolarityConfig), (8 bytes).
    Removing pt32x0xx_cmp.o(.text.CMP_OutputPWMConfig), (88 bytes).
    Removing pt32x0xx_cmp.o(.ARM.exidx.text.CMP_OutputPWMConfig), (8 bytes).
    Removing pt32x0xx_cmp.o(.text.CMP_ITConfig), (96 bytes).
    Removing pt32x0xx_cmp.o(.ARM.exidx.text.CMP_ITConfig), (8 bytes).
    Removing pt32x0xx_cmp.o(.text.CMP_GetFlagStatus), (80 bytes).
    Removing pt32x0xx_cmp.o(.ARM.exidx.text.CMP_GetFlagStatus), (8 bytes).
    Removing pt32x0xx_cmp.o(.text.CMP_ClearFlag), (60 bytes).
    Removing pt32x0xx_cmp.o(.ARM.exidx.text.CMP_ClearFlag), (8 bytes).
    Removing pt32x0xx_cmp.o(.text.CMP_GetITStatus), (76 bytes).
    Removing pt32x0xx_cmp.o(.ARM.exidx.text.CMP_GetITStatus), (8 bytes).
    Removing pt32x0xx_cmp.o(.text.CMP_GetPositiveIntput), (48 bytes).
    Removing pt32x0xx_cmp.o(.ARM.exidx.text.CMP_GetPositiveIntput), (8 bytes).
    Removing pt32x0xx_cmp.o(.text.CMP_InitializationDelayTime), (76 bytes).
    Removing pt32x0xx_cmp.o(.ARM.exidx.text.CMP_InitializationDelayTime), (8 bytes).
    Removing pt32x0xx_cmp.o(.text.CMP_SetClockDivision), (64 bytes).
    Removing pt32x0xx_cmp.o(.ARM.exidx.text.CMP_SetClockDivision), (8 bytes).
    Removing pt32x0xx_cmp.o(.text.CMP_ScanQueueConfig), (60 bytes).
    Removing pt32x0xx_cmp.o(.ARM.exidx.text.CMP_ScanQueueConfig), (8 bytes).
    Removing pt32x0xx_cmp.o(.text.CMP_ScanTimeConfig), (64 bytes).
    Removing pt32x0xx_cmp.o(.ARM.exidx.text.CMP_ScanTimeConfig), (8 bytes).
    Removing pt32x0xx_cmp.o(.rodata.str1.1), (53 bytes).
    Removing pt32x0xx_crc.o(.text), (0 bytes).
    Removing pt32x0xx_crc.o(.text.CRC_Init), (180 bytes).
    Removing pt32x0xx_crc.o(.ARM.exidx.text.CRC_Init), (8 bytes).
    Removing pt32x0xx_crc.o(.text.CRC_StructInit), (28 bytes).
    Removing pt32x0xx_crc.o(.ARM.exidx.text.CRC_StructInit), (8 bytes).
    Removing pt32x0xx_crc.o(.text.CRC_Cmd), (56 bytes).
    Removing pt32x0xx_crc.o(.ARM.exidx.text.CRC_Cmd), (8 bytes).
    Removing pt32x0xx_crc.o(.text.CRC_ResetDout), (36 bytes).
    Removing pt32x0xx_crc.o(.ARM.exidx.text.CRC_ResetDout), (8 bytes).
    Removing pt32x0xx_crc.o(.text.CRC_SetSeed), (32 bytes).
    Removing pt32x0xx_crc.o(.ARM.exidx.text.CRC_SetSeed), (8 bytes).
    Removing pt32x0xx_crc.o(.text.CRC_SetPoly), (60 bytes).
    Removing pt32x0xx_crc.o(.ARM.exidx.text.CRC_SetPoly), (8 bytes).
    Removing pt32x0xx_crc.o(.text.CRC_CalculateCRC), (36 bytes).
    Removing pt32x0xx_crc.o(.ARM.exidx.text.CRC_CalculateCRC), (8 bytes).
    Removing pt32x0xx_crc.o(.text.CRC_CalculateBlockCRC), (52 bytes).
    Removing pt32x0xx_crc.o(.ARM.exidx.text.CRC_CalculateBlockCRC), (8 bytes).
    Removing pt32x0xx_crc.o(.text.CRC_GetCRC), (32 bytes).
    Removing pt32x0xx_crc.o(.ARM.exidx.text.CRC_GetCRC), (8 bytes).
    Removing pt32x0xx_crc.o(.rodata.str1.1), (53 bytes).
    Removing pt32x0xx_dma.o(.text), (0 bytes).
    Removing pt32x0xx_dma.o(.text.DMA_Init), (272 bytes).
    Removing pt32x0xx_dma.o(.ARM.exidx.text.DMA_Init), (8 bytes).
    Removing pt32x0xx_dma.o(.text.DMA_StructInit), (44 bytes).
    Removing pt32x0xx_dma.o(.ARM.exidx.text.DMA_StructInit), (8 bytes).
    Removing pt32x0xx_dma.o(.text.DMA_Cmd), (68 bytes).
    Removing pt32x0xx_dma.o(.ARM.exidx.text.DMA_Cmd), (8 bytes).
    Removing pt32x0xx_dma.o(.text.DMA_GetCurrentSourceAddress), (44 bytes).
    Removing pt32x0xx_dma.o(.ARM.exidx.text.DMA_GetCurrentSourceAddress), (8 bytes).
    Removing pt32x0xx_dma.o(.text.DMA_GetCurrentDestinationAddress), (44 bytes).
    Removing pt32x0xx_dma.o(.ARM.exidx.text.DMA_GetCurrentDestinationAddress), (8 bytes).
    Removing pt32x0xx_dma.o(.text.DMA_GetNumberOfData), (40 bytes).
    Removing pt32x0xx_dma.o(.ARM.exidx.text.DMA_GetNumberOfData), (8 bytes).
    Removing pt32x0xx_dma.o(.text.DMA_ITConfig), (88 bytes).
    Removing pt32x0xx_dma.o(.ARM.exidx.text.DMA_ITConfig), (8 bytes).
    Removing pt32x0xx_dma.o(.text.DMA_ClearITFlag), (60 bytes).
    Removing pt32x0xx_dma.o(.ARM.exidx.text.DMA_ClearITFlag), (8 bytes).
    Removing pt32x0xx_dma.o(.text.DMA_GetFlagStatus), (64 bytes).
    Removing pt32x0xx_dma.o(.ARM.exidx.text.DMA_GetFlagStatus), (8 bytes).
    Removing pt32x0xx_dma.o(.text.DMA_PeripheralConfig), (312 bytes).
    Removing pt32x0xx_dma.o(.ARM.exidx.text.DMA_PeripheralConfig), (8 bytes).
    Removing pt32x0xx_dma.o(.rodata.str1.1), (53 bytes).
    Removing pt32x0xx_es.o(.text), (0 bytes).
    Removing pt32x0xx_es.o(.text.ES_GetChipInfo), (12 bytes).
    Removing pt32x0xx_es.o(.ARM.exidx.text.ES_GetChipInfo), (8 bytes).
    Removing pt32x0xx_es.o(.text.ES_GetCID), (32 bytes).
    Removing pt32x0xx_es.o(.ARM.exidx.text.ES_GetCID), (8 bytes).
    Removing pt32x0xx_es.o(.text.ES_GetUserDefinedInfo), (32 bytes).
    Removing pt32x0xx_es.o(.ARM.exidx.text.ES_GetUserDefinedInfo), (8 bytes).
    Removing pt32x0xx_es.o(.text.ES_SetUserDefinedInfo), (44 bytes).
    Removing pt32x0xx_es.o(.ARM.exidx.text.ES_SetUserDefinedInfo), (8 bytes).
    Removing pt32x0xx_es.o(.rodata.str1.1), (52 bytes).
    Removing pt32x0xx_exti.o(.text), (0 bytes).
    Removing pt32x0xx_exti.o(.text.EXTI_ITConfig), (92 bytes).
    Removing pt32x0xx_exti.o(.ARM.exidx.text.EXTI_ITConfig), (8 bytes).
    Removing pt32x0xx_exti.o(.text.EXTI_TriggerTypeConfig), (132 bytes).
    Removing pt32x0xx_exti.o(.ARM.exidx.text.EXTI_TriggerTypeConfig), (8 bytes).
    Removing pt32x0xx_exti.o(.text.EXTI_ClearFlag), (60 bytes).
    Removing pt32x0xx_exti.o(.ARM.exidx.text.EXTI_ClearFlag), (8 bytes).
    Removing pt32x0xx_exti.o(.text.EXTI_GetITStatus), (76 bytes).
    Removing pt32x0xx_exti.o(.ARM.exidx.text.EXTI_GetITStatus), (8 bytes).
    Removing pt32x0xx_exti.o(.rodata.str1.1), (54 bytes).
    Removing pt32x0xx_gpio.o(.text), (0 bytes).
    Removing pt32x0xx_gpio.o(.ARM.exidx.text.GPIO_Init), (8 bytes).
    Removing pt32x0xx_gpio.o(.text.GPIO_StructInit), (10 bytes).
    Removing pt32x0xx_gpio.o(.ARM.exidx.text.GPIO_StructInit), (8 bytes).
    Removing pt32x0xx_gpio.o(.text.GPIO_ReadData), (44 bytes).
    Removing pt32x0xx_gpio.o(.ARM.exidx.text.GPIO_ReadData), (8 bytes).
    Removing pt32x0xx_gpio.o(.text.GPIO_ReadDataBit), (64 bytes).
    Removing pt32x0xx_gpio.o(.ARM.exidx.text.GPIO_ReadDataBit), (8 bytes).
    Removing pt32x0xx_gpio.o(.text.GPIO_ReverseBits), (64 bytes).
    Removing pt32x0xx_gpio.o(.ARM.exidx.text.GPIO_ReverseBits), (8 bytes).
    Removing pt32x0xx_gpio.o(.ARM.exidx.text.GPIO_SetBits), (8 bytes).
    Removing pt32x0xx_gpio.o(.text.GPIO_ResetBits), (60 bytes).
    Removing pt32x0xx_gpio.o(.ARM.exidx.text.GPIO_ResetBits), (8 bytes).
    Removing pt32x0xx_gpio.o(.text.GPIO_PullUpConfig), (96 bytes).
    Removing pt32x0xx_gpio.o(.ARM.exidx.text.GPIO_PullUpConfig), (8 bytes).
    Removing pt32x0xx_gpio.o(.text.GPIO_PullDownConfig), (96 bytes).
    Removing pt32x0xx_gpio.o(.ARM.exidx.text.GPIO_PullDownConfig), (8 bytes).
    Removing pt32x0xx_gpio.o(.text.GPIO_SchmittConfig), (100 bytes).
    Removing pt32x0xx_gpio.o(.ARM.exidx.text.GPIO_SchmittConfig), (8 bytes).
    Removing pt32x0xx_gpio.o(.ARM.exidx.text.GPIO_DigitalRemapConfig), (8 bytes).
    Removing pt32x0xx_gpio.o(.text.GPIO_AnalogRemapConfig), (100 bytes).
    Removing pt32x0xx_gpio.o(.ARM.exidx.text.GPIO_AnalogRemapConfig), (8 bytes).
    Removing pt32x0xx_i2c.o(.text), (0 bytes).
    Removing pt32x0xx_i2c.o(.ARM.exidx.text.I2C_Init), (8 bytes).
    Removing pt32x0xx_i2c.o(.text.I2C_StructInit), (14 bytes).
    Removing pt32x0xx_i2c.o(.ARM.exidx.text.I2C_StructInit), (8 bytes).
    Removing pt32x0xx_i2c.o(.ARM.exidx.text.I2C_Cmd), (8 bytes).
    Removing pt32x0xx_i2c.o(.ARM.exidx.text.I2C_GenerateEvent), (8 bytes).
    Removing pt32x0xx_i2c.o(.text.I2C_AcknowledgeConfig), (52 bytes).
    Removing pt32x0xx_i2c.o(.ARM.exidx.text.I2C_AcknowledgeConfig), (8 bytes).
    Removing pt32x0xx_i2c.o(.text.I2C_HighLevelDetectConfig), (52 bytes).
    Removing pt32x0xx_i2c.o(.ARM.exidx.text.I2C_HighLevelDetectConfig), (8 bytes).
    Removing pt32x0xx_i2c.o(.ARM.exidx.text.I2C_GetFlagStatus), (8 bytes).
    Removing pt32x0xx_i2c.o(.ARM.exidx.text.I2C_SendData), (8 bytes).
    Removing pt32x0xx_i2c.o(.ARM.exidx.text.I2C_SendAddress), (8 bytes).
    Removing pt32x0xx_i2c.o(.text.I2C_ReceiveData), (36 bytes).
    Removing pt32x0xx_i2c.o(.ARM.exidx.text.I2C_ReceiveData), (8 bytes).
    Removing pt32x0xx_ifmc.o(.text), (0 bytes).
    Removing pt32x0xx_ifmc.o(.text.IFMC_GetStatus), (44 bytes).
    Removing pt32x0xx_ifmc.o(.ARM.exidx.text.IFMC_GetStatus), (8 bytes).
    Removing pt32x0xx_ifmc.o(.ARM.exidx.text.IFMC_SetLatency), (8 bytes).
    Removing pt32x0xx_ifmc.o(.text.IFMC_ProgramWord), (140 bytes).
    Removing pt32x0xx_ifmc.o(.ARM.exidx.text.IFMC_ProgramWord), (8 bytes).
    Removing pt32x0xx_ifmc.o(.text.IFMC_ProgramWords), (212 bytes).
    Removing pt32x0xx_ifmc.o(.ARM.exidx.text.IFMC_ProgramWords), (8 bytes).
    Removing pt32x0xx_ifmc.o(.text.IFMC_ErasePage), (140 bytes).
    Removing pt32x0xx_ifmc.o(.ARM.exidx.text.IFMC_ErasePage), (8 bytes).
    Removing pt32x0xx_ifmc.o(.text.IFMC_EraseChip), (108 bytes).
    Removing pt32x0xx_ifmc.o(.ARM.exidx.text.IFMC_EraseChip), (8 bytes).
    Removing pt32x0xx_ifmc.o(.text.IFMC_ITConfig), (72 bytes).
    Removing pt32x0xx_ifmc.o(.ARM.exidx.text.IFMC_ITConfig), (8 bytes).
    Removing pt32x0xx_ifmc.o(.text.IFMC_GetFlagStatus), (48 bytes).
    Removing pt32x0xx_ifmc.o(.ARM.exidx.text.IFMC_GetFlagStatus), (8 bytes).
    Removing pt32x0xx_ifmc.o(.text.IFMC_ClearFlag), (40 bytes).
    Removing pt32x0xx_ifmc.o(.ARM.exidx.text.IFMC_ClearFlag), (8 bytes).
    Removing pt32x0xx_ifmc.o(.text.IFMC_GetReadProtectStatus), (20 bytes).
    Removing pt32x0xx_ifmc.o(.ARM.exidx.text.IFMC_GetReadProtectStatus), (8 bytes).
    Removing pt32x0xx_ifmc.o(.text.IFMC_SetReadProtect), (52 bytes).
    Removing pt32x0xx_ifmc.o(.ARM.exidx.text.IFMC_SetReadProtect), (8 bytes).
    Removing pt32x0xx_ifmc.o(.text.IFMC_ReadWord), (4 bytes).
    Removing pt32x0xx_ifmc.o(.ARM.exidx.text.IFMC_ReadWord), (8 bytes).
    Removing pt32x0xx_ifmc.o(.text.IFMC_ReadHalfWord), (4 bytes).
    Removing pt32x0xx_ifmc.o(.ARM.exidx.text.IFMC_ReadHalfWord), (8 bytes).
    Removing pt32x0xx_ifmc.o(.text.IFMC_ReadByte), (4 bytes).
    Removing pt32x0xx_ifmc.o(.ARM.exidx.text.IFMC_ReadByte), (8 bytes).
    Removing pt32x0xx_iwdg.o(.text), (0 bytes).
    Removing pt32x0xx_iwdg.o(.text.IWDG_SetReload), (32 bytes).
    Removing pt32x0xx_iwdg.o(.ARM.exidx.text.IWDG_SetReload), (8 bytes).
    Removing pt32x0xx_iwdg.o(.text.IWDG_Cmd), (56 bytes).
    Removing pt32x0xx_iwdg.o(.ARM.exidx.text.IWDG_Cmd), (8 bytes).
    Removing pt32x0xx_iwdg.o(.text.IWDG_DBGPendingCmd), (64 bytes).
    Removing pt32x0xx_iwdg.o(.ARM.exidx.text.IWDG_DBGPendingCmd), (8 bytes).
    Removing pt32x0xx_iwdg.o(.text.IWDG_ReloadCounter), (32 bytes).
    Removing pt32x0xx_iwdg.o(.ARM.exidx.text.IWDG_ReloadCounter), (8 bytes).
    Removing pt32x0xx_iwdg.o(.text.IWDG_GetFlagStatus), (68 bytes).
    Removing pt32x0xx_iwdg.o(.ARM.exidx.text.IWDG_GetFlagStatus), (8 bytes).
    Removing pt32x0xx_iwdg.o(.text.IWDG_LockCmd), (60 bytes).
    Removing pt32x0xx_iwdg.o(.ARM.exidx.text.IWDG_LockCmd), (8 bytes).
    Removing pt32x0xx_iwdg.o(.rodata.str1.1), (54 bytes).
    Removing pt32x0xx_ldac.o(.text), (0 bytes).
    Removing pt32x0xx_ldac.o(.text.LDAC_Cmd), (56 bytes).
    Removing pt32x0xx_ldac.o(.ARM.exidx.text.LDAC_Cmd), (8 bytes).
    Removing pt32x0xx_ldac.o(.text.LDAC_OutputConfig), (2 bytes).
    Removing pt32x0xx_ldac.o(.ARM.exidx.text.LDAC_OutputConfig), (8 bytes).
    Removing pt32x0xx_ldac.o(.text.LDAC_SetRVSPS), (48 bytes).
    Removing pt32x0xx_ldac.o(.ARM.exidx.text.LDAC_SetRVSPS), (8 bytes).
    Removing pt32x0xx_ldac.o(.text.LDAC_SetPowerMode), (52 bytes).
    Removing pt32x0xx_ldac.o(.ARM.exidx.text.LDAC_SetPowerMode), (8 bytes).
    Removing pt32x0xx_ldac.o(.text.LDAC_SetData), (44 bytes).
    Removing pt32x0xx_ldac.o(.ARM.exidx.text.LDAC_SetData), (8 bytes).
    Removing pt32x0xx_ldac.o(.rodata.str1.1), (54 bytes).
    Removing pt32x0xx_nvic.o(.text), (0 bytes).
    Removing pt32x0xx_nvic.o(.text.NVIC_Init), (116 bytes).
    Removing pt32x0xx_nvic.o(.ARM.exidx.text.NVIC_Init), (8 bytes).
    Removing pt32x0xx_nvic.o(.text.NVIC_SystemLPConfig), (80 bytes).
    Removing pt32x0xx_nvic.o(.ARM.exidx.text.NVIC_SystemLPConfig), (8 bytes).
    Removing pt32x0xx_nvic.o(.rodata.str1.1), (54 bytes).
    Removing pt32x0xx_opa.o(.text), (0 bytes).
    Removing pt32x0xx_opa.o(.text.OPA_Cmd), (68 bytes).
    Removing pt32x0xx_opa.o(.ARM.exidx.text.OPA_Cmd), (8 bytes).
    Removing pt32x0xx_opa.o(.text.OPA_PGAVcmConfig), (56 bytes).
    Removing pt32x0xx_opa.o(.ARM.exidx.text.OPA_PGAVcmConfig), (8 bytes).
    Removing pt32x0xx_opa.o(.text.OPA_PowerModeConfig), (56 bytes).
    Removing pt32x0xx_opa.o(.ARM.exidx.text.OPA_PowerModeConfig), (8 bytes).
    Removing pt32x0xx_opa.o(.text.OPA_PGAGainConfig), (92 bytes).
    Removing pt32x0xx_opa.o(.ARM.exidx.text.OPA_PGAGainConfig), (8 bytes).
    Removing pt32x0xx_opa.o(.text.OPA_PositiveInputsConfig), (76 bytes).
    Removing pt32x0xx_opa.o(.ARM.exidx.text.OPA_PositiveInputsConfig), (8 bytes).
    Removing pt32x0xx_opa.o(.text.OPA_NegativeInputsConfig), (76 bytes).
    Removing pt32x0xx_opa.o(.ARM.exidx.text.OPA_NegativeInputsConfig), (8 bytes).
    Removing pt32x0xx_opa.o(.text.OPA_OutputsConfig), (76 bytes).
    Removing pt32x0xx_opa.o(.ARM.exidx.text.OPA_OutputsConfig), (8 bytes).
    Removing pt32x0xx_opa.o(.text.OPA_VGndCmd), (72 bytes).
    Removing pt32x0xx_opa.o(.ARM.exidx.text.OPA_VGndCmd), (8 bytes).
    Removing pt32x0xx_opa.o(.text.OPA_CalibrationModeConfig), (72 bytes).
    Removing pt32x0xx_opa.o(.ARM.exidx.text.OPA_CalibrationModeConfig), (8 bytes).
    Removing pt32x0xx_opa.o(.text.OPA_AutoCalibrationModeConfig), (60 bytes).
    Removing pt32x0xx_opa.o(.ARM.exidx.text.OPA_AutoCalibrationModeConfig), (8 bytes).
    Removing pt32x0xx_opa.o(.text.OPA_OffsetTrimValueConfig), (68 bytes).
    Removing pt32x0xx_opa.o(.ARM.exidx.text.OPA_OffsetTrimValueConfig), (8 bytes).
    Removing pt32x0xx_opa.o(.text.OPA_OffsetTrimValueReset), (48 bytes).
    Removing pt32x0xx_opa.o(.ARM.exidx.text.OPA_OffsetTrimValueReset), (8 bytes).
    Removing pt32x0xx_opa.o(.text.OPA_GetCalibrationOutput), (48 bytes).
    Removing pt32x0xx_opa.o(.ARM.exidx.text.OPA_GetCalibrationOutput), (8 bytes).
    Removing pt32x0xx_opa.o(.text.OPA_GetOffsetTrimSourceStatus), (48 bytes).
    Removing pt32x0xx_opa.o(.ARM.exidx.text.OPA_GetOffsetTrimSourceStatus), (8 bytes).
    Removing pt32x0xx_opa.o(.rodata.str1.1), (53 bytes).
    Removing pt32x0xx_pwr.o(.text), (0 bytes).
    Removing pt32x0xx_pwr.o(.text.PWR_PVDCmd), (44 bytes).
    Removing pt32x0xx_pwr.o(.ARM.exidx.text.PWR_PVDCmd), (8 bytes).
    Removing pt32x0xx_pwr.o(.text.PWR_PVDLevelConfig), (60 bytes).
    Removing pt32x0xx_pwr.o(.ARM.exidx.text.PWR_PVDLevelConfig), (8 bytes).
    Removing pt32x0xx_pwr.o(.text.PWR_PVDLevelReset), (24 bytes).
    Removing pt32x0xx_pwr.o(.ARM.exidx.text.PWR_PVDLevelReset), (8 bytes).
    Removing pt32x0xx_pwr.o(.text.PWR_FlashWakeUpMode), (36 bytes).
    Removing pt32x0xx_pwr.o(.ARM.exidx.text.PWR_FlashWakeUpMode), (8 bytes).
    Removing pt32x0xx_pwr.o(.text.PWR_GetFlagStatus), (32 bytes).
    Removing pt32x0xx_pwr.o(.ARM.exidx.text.PWR_GetFlagStatus), (8 bytes).
    Removing pt32x0xx_pwr.o(.text.PWR_VREFBUF_Config), (36 bytes).
    Removing pt32x0xx_pwr.o(.ARM.exidx.text.PWR_VREFBUF_Config), (8 bytes).
    Removing pt32x0xx_pwr.o(.text.PWR_VREFBUF_InternalRefVoltageConfig), (36 bytes).
    Removing pt32x0xx_pwr.o(.ARM.exidx.text.PWR_VREFBUF_InternalRefVoltageConfig), (8 bytes).
    Removing pt32x0xx_pwr.o(.text.PWR_VREFBUF_BG2v0TrimValueConfig), (48 bytes).
    Removing pt32x0xx_pwr.o(.ARM.exidx.text.PWR_VREFBUF_BG2v0TrimValueConfig), (8 bytes).
    Removing pt32x0xx_pwr.o(.text.PWR_SDADC0_PowerCapModeConfig), (32 bytes).
    Removing pt32x0xx_pwr.o(.ARM.exidx.text.PWR_SDADC0_PowerCapModeConfig), (8 bytes).
    Removing pt32x0xx_pwr.o(.text.PWR_SDADC0_PowerVoltageConfig), (44 bytes).
    Removing pt32x0xx_pwr.o(.ARM.exidx.text.PWR_SDADC0_PowerVoltageConfig), (8 bytes).
    Removing pt32x0xx_pwr.o(.text.PWR_EnterSleepMode), (56 bytes).
    Removing pt32x0xx_pwr.o(.ARM.exidx.text.PWR_EnterSleepMode), (8 bytes).
    Removing pt32x0xx_pwr.o(.text.PWR_EnterDeepSleepMode), (52 bytes).
    Removing pt32x0xx_pwr.o(.ARM.exidx.text.PWR_EnterDeepSleepMode), (8 bytes).
    Removing pt32x0xx_pwr.o(.rodata.str1.1), (53 bytes).
    Removing pt32x0xx_rcc.o(.text), (0 bytes).
    Removing pt32x0xx_rcc.o(.ARM.exidx.text.RCC_APBPeriph1ResetCmd), (8 bytes).
    Removing pt32x0xx_rcc.o(.ARM.exidx.text.RCC_APBPeriph2ResetCmd), (8 bytes).
    Removing pt32x0xx_rcc.o(.ARM.exidx.text.RCC_APBPeriph3ResetCmd), (8 bytes).
    Removing pt32x0xx_rcc.o(.text.RCC_APBPeriph4ResetCmd), (72 bytes).
    Removing pt32x0xx_rcc.o(.ARM.exidx.text.RCC_APBPeriph4ResetCmd), (8 bytes).
    Removing pt32x0xx_rcc.o(.text.RCC_AHBPeriphResetCmd), (72 bytes).
    Removing pt32x0xx_rcc.o(.ARM.exidx.text.RCC_AHBPeriphResetCmd), (8 bytes).
    Removing pt32x0xx_rcc.o(.text.RCC_GetResetFlagStatus), (48 bytes).
    Removing pt32x0xx_rcc.o(.ARM.exidx.text.RCC_GetResetFlagStatus), (8 bytes).
    Removing pt32x0xx_rcc.o(.text.RCC_ClearResetFlag), (44 bytes).
    Removing pt32x0xx_rcc.o(.ARM.exidx.text.RCC_ClearResetFlag), (8 bytes).
    Removing pt32x0xx_rcc.o(.text.RCC_ResetConfig), (76 bytes).
    Removing pt32x0xx_rcc.o(.ARM.exidx.text.RCC_ResetConfig), (8 bytes).
    Removing pt32x0xx_rcc.o(.text.RCC_AdvancedSoftwareReset), (56 bytes).
    Removing pt32x0xx_rcc.o(.ARM.exidx.text.RCC_AdvancedSoftwareReset), (8 bytes).
    Removing pt32x0xx_rcc.o(.ARM.exidx.text.RCC_APBPeriph1ClockCmd), (8 bytes).
    Removing pt32x0xx_rcc.o(.ARM.exidx.text.RCC_APBPeriph2ClockCmd), (8 bytes).
    Removing pt32x0xx_rcc.o(.ARM.exidx.text.RCC_APBPeriph3ClockCmd), (8 bytes).
    Removing pt32x0xx_rcc.o(.text.RCC_APBPeriph4ClockCmd), (76 bytes).
    Removing pt32x0xx_rcc.o(.ARM.exidx.text.RCC_APBPeriph4ClockCmd), (8 bytes).
    Removing pt32x0xx_rcc.o(.ARM.exidx.text.RCC_AHBPeriphClockCmd), (8 bytes).
    Removing pt32x0xx_rcc.o(.text.RCC_SetSystemClock), (40 bytes).
    Removing pt32x0xx_rcc.o(.ARM.exidx.text.RCC_SetSystemClock), (8 bytes).
    Removing pt32x0xx_rcc.o(.text.RCC_GetSystemClockSelection), (16 bytes).
    Removing pt32x0xx_rcc.o(.ARM.exidx.text.RCC_GetSystemClockSelection), (8 bytes).
    Removing pt32x0xx_rcc.o(.text.RCC_SetSystemClockAfterWakeUp), (48 bytes).
    Removing pt32x0xx_rcc.o(.ARM.exidx.text.RCC_SetSystemClockAfterWakeUp), (8 bytes).
    Removing pt32x0xx_rcc.o(.ARM.exidx.text.RCC_HCLKSetPrescaler), (8 bytes).
    Removing pt32x0xx_rcc.o(.ARM.exidx.text.RCC_PCLKSetPrescaler), (8 bytes).
    Removing pt32x0xx_rcc.o(.ARM.exidx.text.RCC_SetMCOSource), (8 bytes).
    Removing pt32x0xx_rcc.o(.text.RCC_MCOSetPrescaler), (48 bytes).
    Removing pt32x0xx_rcc.o(.ARM.exidx.text.RCC_MCOSetPrescaler), (8 bytes).
    Removing pt32x0xx_rcc.o(.text.RCC_Periph1ClockSourceConfig), (84 bytes).
    Removing pt32x0xx_rcc.o(.ARM.exidx.text.RCC_Periph1ClockSourceConfig), (8 bytes).
    Removing pt32x0xx_rcc.o(.text.RCC_Periph2ClockSourceConfig), (72 bytes).
    Removing pt32x0xx_rcc.o(.ARM.exidx.text.RCC_Periph2ClockSourceConfig), (8 bytes).
    Removing pt32x0xx_rcc.o(.text.RCC_ClockSourceConfig), (304 bytes).
    Removing pt32x0xx_rcc.o(.ARM.exidx.text.RCC_ClockSourceConfig), (8 bytes).
    Removing pt32x0xx_rcc.o(.text.RCC_LSIFreqConfig), (40 bytes).
    Removing pt32x0xx_rcc.o(.ARM.exidx.text.RCC_LSIFreqConfig), (8 bytes).
    Removing pt32x0xx_rcc.o(.text.RCC_HSEAmplitudeConfig), (48 bytes).
    Removing pt32x0xx_rcc.o(.ARM.exidx.text.RCC_HSEAmplitudeConfig), (8 bytes).
    Removing pt32x0xx_rcc.o(.text.RCC_HSEFreqRangeConfig), (36 bytes).
    Removing pt32x0xx_rcc.o(.ARM.exidx.text.RCC_HSEFreqRangeConfig), (8 bytes).
    Removing pt32x0xx_rcc.o(.text.RCC_HSEFailDetectConfig), (48 bytes).
    Removing pt32x0xx_rcc.o(.ARM.exidx.text.RCC_HSEFailDetectConfig), (8 bytes).
    Removing pt32x0xx_rcc.o(.text.RCC_ClockFilterBypassConfig), (80 bytes).
    Removing pt32x0xx_rcc.o(.ARM.exidx.text.RCC_ClockFilterBypassConfig), (8 bytes).
    Removing pt32x0xx_rcc.o(.text.RCC_HSEFilterConfig), (40 bytes).
    Removing pt32x0xx_rcc.o(.ARM.exidx.text.RCC_HSEFilterConfig), (8 bytes).
    Removing pt32x0xx_rcc.o(.text.RCC_LSEFilterConfig), (40 bytes).
    Removing pt32x0xx_rcc.o(.ARM.exidx.text.RCC_LSEFilterConfig), (8 bytes).
    Removing pt32x0xx_rcc.o(.text.RCC_PLLFilterConfig), (40 bytes).
    Removing pt32x0xx_rcc.o(.ARM.exidx.text.RCC_PLLFilterConfig), (8 bytes).
    Removing pt32x0xx_rcc.o(.text.RCC_HSEFeedbackResistanceConfig), (40 bytes).
    Removing pt32x0xx_rcc.o(.ARM.exidx.text.RCC_HSEFeedbackResistanceConfig), (8 bytes).
    Removing pt32x0xx_rcc.o(.text.RCC_LSEFeedbackResistanceConfig), (40 bytes).
    Removing pt32x0xx_rcc.o(.ARM.exidx.text.RCC_LSEFeedbackResistanceConfig), (8 bytes).
    Removing pt32x0xx_rcc.o(.text.RCC_PLLClockSourceDelayConfig), (36 bytes).
    Removing pt32x0xx_rcc.o(.ARM.exidx.text.RCC_PLLClockSourceDelayConfig), (8 bytes).
    Removing pt32x0xx_rcc.o(.text.RCC_PLLClockSourceConfig), (40 bytes).
    Removing pt32x0xx_rcc.o(.ARM.exidx.text.RCC_PLLClockSourceConfig), (8 bytes).
    Removing pt32x0xx_spi.o(.text), (0 bytes).
    Removing pt32x0xx_spi.o(.text.SPI_Init), (248 bytes).
    Removing pt32x0xx_spi.o(.ARM.exidx.text.SPI_Init), (8 bytes).
    Removing pt32x0xx_spi.o(.text.SPI_StructInit), (28 bytes).
    Removing pt32x0xx_spi.o(.ARM.exidx.text.SPI_StructInit), (8 bytes).
    Removing pt32x0xx_spi.o(.text.SPI_Cmd), (56 bytes).
    Removing pt32x0xx_spi.o(.ARM.exidx.text.SPI_Cmd), (8 bytes).
    Removing pt32x0xx_spi.o(.text.SPI_SlaveOutputConfig), (60 bytes).
    Removing pt32x0xx_spi.o(.ARM.exidx.text.SPI_SlaveOutputConfig), (8 bytes).
    Removing pt32x0xx_spi.o(.text.SPI_FrameFormatConfig), (60 bytes).
    Removing pt32x0xx_spi.o(.ARM.exidx.text.SPI_FrameFormatConfig), (8 bytes).
    Removing pt32x0xx_spi.o(.text.SPI_ReceiveDMACmd), (60 bytes).
    Removing pt32x0xx_spi.o(.ARM.exidx.text.SPI_ReceiveDMACmd), (8 bytes).
    Removing pt32x0xx_spi.o(.text.SPI_TransferDMACmd), (60 bytes).
    Removing pt32x0xx_spi.o(.ARM.exidx.text.SPI_TransferDMACmd), (8 bytes).
    Removing pt32x0xx_spi.o(.text.SPI_DMATriggerControlConfig), (56 bytes).
    Removing pt32x0xx_spi.o(.ARM.exidx.text.SPI_DMATriggerControlConfig), (8 bytes).
    Removing pt32x0xx_spi.o(.text.SPI_SoftwareControlCSSConfig), (60 bytes).
    Removing pt32x0xx_spi.o(.ARM.exidx.text.SPI_SoftwareControlCSSConfig), (8 bytes).
    Removing pt32x0xx_spi.o(.text.SPI_BaudRateConfig), (108 bytes).
    Removing pt32x0xx_spi.o(.ARM.exidx.text.SPI_BaudRateConfig), (8 bytes).
    Removing pt32x0xx_spi.o(.text.SPI_ITConfig), (92 bytes).
    Removing pt32x0xx_spi.o(.ARM.exidx.text.SPI_ITConfig), (8 bytes).
    Removing pt32x0xx_spi.o(.text.SPI_GetFlagStatus), (68 bytes).
    Removing pt32x0xx_spi.o(.ARM.exidx.text.SPI_GetFlagStatus), (8 bytes).
    Removing pt32x0xx_spi.o(.text.SPI_ClearFlag), (84 bytes).
    Removing pt32x0xx_spi.o(.ARM.exidx.text.SPI_ClearFlag), (8 bytes).
    Removing pt32x0xx_spi.o(.text.SPI_GetFifoSize), (64 bytes).
    Removing pt32x0xx_spi.o(.ARM.exidx.text.SPI_GetFifoSize), (8 bytes).
    Removing pt32x0xx_spi.o(.text.SPI_SendData), (36 bytes).
    Removing pt32x0xx_spi.o(.ARM.exidx.text.SPI_SendData), (8 bytes).
    Removing pt32x0xx_spi.o(.text.SPI_ReceiveData), (36 bytes).
    Removing pt32x0xx_spi.o(.ARM.exidx.text.SPI_ReceiveData), (8 bytes).
    Removing pt32x0xx_spi.o(.text.SPI_FifoReset), (68 bytes).
    Removing pt32x0xx_spi.o(.ARM.exidx.text.SPI_FifoReset), (8 bytes).
    Removing pt32x0xx_spi.o(.rodata.str1.1), (53 bytes).
    Removing pt32x0xx_syscfg.o(.text), (0 bytes).
    Removing pt32x0xx_syscfg.o(.text.SYSCFG_IAPConfig), (2 bytes).
    Removing pt32x0xx_syscfg.o(.ARM.exidx.text.SYSCFG_IAPConfig), (8 bytes).
    Removing pt32x0xx_syscfg.o(.text.SYSCFG_VTORSEnable), (112 bytes).
    Removing pt32x0xx_syscfg.o(.ARM.exidx.text.SYSCFG_VTORSEnable), (8 bytes).
    Removing pt32x0xx_syscfg.o(.text.SYSCFG_VTORSDisable), (12 bytes).
    Removing pt32x0xx_syscfg.o(.ARM.exidx.text.SYSCFG_VTORSDisable), (8 bytes).
    Removing pt32x0xx_tim.o(.text), (0 bytes).
    Removing pt32x0xx_tim.o(.text.TIM_TimeBaseInit), (264 bytes).
    Removing pt32x0xx_tim.o(.ARM.exidx.text.TIM_TimeBaseInit), (8 bytes).
    Removing pt32x0xx_tim.o(.text.TIM_TimeBaseStructInit), (20 bytes).
    Removing pt32x0xx_tim.o(.ARM.exidx.text.TIM_TimeBaseStructInit), (8 bytes).
    Removing pt32x0xx_tim.o(.text.TIM_Cmd), (152 bytes).
    Removing pt32x0xx_tim.o(.ARM.exidx.text.TIM_Cmd), (8 bytes).
    Removing pt32x0xx_tim.o(.text.TIM_UpdateEvent), (136 bytes).
    Removing pt32x0xx_tim.o(.ARM.exidx.text.TIM_UpdateEvent), (8 bytes).
    Removing pt32x0xx_tim.o(.text.TIM_SetOPM), (132 bytes).
    Removing pt32x0xx_tim.o(.ARM.exidx.text.TIM_SetOPM), (8 bytes).
    Removing pt32x0xx_tim.o(.text.TIM_SetClockDivision), (120 bytes).
    Removing pt32x0xx_tim.o(.ARM.exidx.text.TIM_SetClockDivision), (8 bytes).
    Removing pt32x0xx_tim.o(.text.TIM_DirectionConfig), (100 bytes).
    Removing pt32x0xx_tim.o(.ARM.exidx.text.TIM_DirectionConfig), (8 bytes).
    Removing pt32x0xx_tim.o(.text.TIM_GetDirection), (80 bytes).
    Removing pt32x0xx_tim.o(.ARM.exidx.text.TIM_GetDirection), (8 bytes).
    Removing pt32x0xx_tim.o(.text.TIM_SlaveModeInit), (240 bytes).
    Removing pt32x0xx_tim.o(.ARM.exidx.text.TIM_SlaveModeInit), (8 bytes).
    Removing pt32x0xx_tim.o(.text.TIM_SlaveModeStructInit), (16 bytes).
    Removing pt32x0xx_tim.o(.ARM.exidx.text.TIM_SlaveModeStructInit), (8 bytes).
    Removing pt32x0xx_tim.o(.text.TIM_MasterModeInit), (108 bytes).
    Removing pt32x0xx_tim.o(.ARM.exidx.text.TIM_MasterModeInit), (8 bytes).
    Removing pt32x0xx_tim.o(.text.TIM_MasterModeStructInit), (8 bytes).
    Removing pt32x0xx_tim.o(.ARM.exidx.text.TIM_MasterModeStructInit), (8 bytes).
    Removing pt32x0xx_tim.o(.text.TIM_ChannelPolarityEnable), (72 bytes).
    Removing pt32x0xx_tim.o(.ARM.exidx.text.TIM_ChannelPolarityEnable), (8 bytes).
    Removing pt32x0xx_tim.o(.text.TIM_ChannelPolarityDisable), (72 bytes).
    Removing pt32x0xx_tim.o(.ARM.exidx.text.TIM_ChannelPolarityDisable), (8 bytes).
    Removing pt32x0xx_tim.o(.text.TIM_ICInit), (232 bytes).
    Removing pt32x0xx_tim.o(.ARM.exidx.text.TIM_ICInit), (8 bytes).
    Removing pt32x0xx_tim.o(.text.TIM_ICStructInit), (34 bytes).
    Removing pt32x0xx_tim.o(.ARM.exidx.text.TIM_ICStructInit), (8 bytes).
    Removing pt32x0xx_tim.o(.text.TIM_OCInit), (208 bytes).
    Removing pt32x0xx_tim.o(.ARM.exidx.text.TIM_OCInit), (8 bytes).
    Removing pt32x0xx_tim.o(.text.TIM_OCStructInit), (24 bytes).
    Removing pt32x0xx_tim.o(.ARM.exidx.text.TIM_OCStructInit), (8 bytes).
    Removing pt32x0xx_tim.o(.text.TIM_BKICRInit), (160 bytes).
    Removing pt32x0xx_tim.o(.ARM.exidx.text.TIM_BKICRInit), (8 bytes).
    Removing pt32x0xx_tim.o(.text.TIM_BKICRStructInit), (22 bytes).
    Removing pt32x0xx_tim.o(.ARM.exidx.text.TIM_BKICRStructInit), (8 bytes).
    Removing pt32x0xx_tim.o(.text.TIM_SoftwareBreakCMD), (64 bytes).
    Removing pt32x0xx_tim.o(.ARM.exidx.text.TIM_SoftwareBreakCMD), (8 bytes).
    Removing pt32x0xx_tim.o(.text.TIM_BreakSourceConfig), (84 bytes).
    Removing pt32x0xx_tim.o(.ARM.exidx.text.TIM_BreakSourceConfig), (8 bytes).
    Removing pt32x0xx_tim.o(.text.TIM_SetDeadTime), (52 bytes).
    Removing pt32x0xx_tim.o(.ARM.exidx.text.TIM_SetDeadTime), (8 bytes).
    Removing pt32x0xx_tim.o(.text.TIM_DMAConfig), (136 bytes).
    Removing pt32x0xx_tim.o(.ARM.exidx.text.TIM_DMAConfig), (8 bytes).
    Removing pt32x0xx_tim.o(.text.TIM_ADCTrigger), (124 bytes).
    Removing pt32x0xx_tim.o(.ARM.exidx.text.TIM_ADCTrigger), (8 bytes).
    Removing pt32x0xx_tim.o(.text.TIM_GetFlagStatus), (144 bytes).
    Removing pt32x0xx_tim.o(.ARM.exidx.text.TIM_GetFlagStatus), (8 bytes).
    Removing pt32x0xx_tim.o(.text.TIM_ClearFlag), (128 bytes).
    Removing pt32x0xx_tim.o(.ARM.exidx.text.TIM_ClearFlag), (8 bytes).
    Removing pt32x0xx_tim.o(.text.TIM_ITConfig), (204 bytes).
    Removing pt32x0xx_tim.o(.ARM.exidx.text.TIM_ITConfig), (8 bytes).
    Removing pt32x0xx_tim.o(.text.TIM_SetInterruptAutoreload), (60 bytes).
    Removing pt32x0xx_tim.o(.ARM.exidx.text.TIM_SetInterruptAutoreload), (8 bytes).
    Removing pt32x0xx_tim.o(.text.TIM_SetPrescaler), (100 bytes).
    Removing pt32x0xx_tim.o(.ARM.exidx.text.TIM_SetPrescaler), (8 bytes).
    Removing pt32x0xx_tim.o(.text.TIM_GetPrescaler), (92 bytes).
    Removing pt32x0xx_tim.o(.ARM.exidx.text.TIM_GetPrescaler), (8 bytes).
    Removing pt32x0xx_tim.o(.text.TIM_SetCounter), (124 bytes).
    Removing pt32x0xx_tim.o(.ARM.exidx.text.TIM_SetCounter), (8 bytes).
    Removing pt32x0xx_tim.o(.text.TIM_GetCounter), (92 bytes).
    Removing pt32x0xx_tim.o(.ARM.exidx.text.TIM_GetCounter), (8 bytes).
    Removing pt32x0xx_tim.o(.text.TIM_SetAutoreload), (124 bytes).
    Removing pt32x0xx_tim.o(.ARM.exidx.text.TIM_SetAutoreload), (8 bytes).
    Removing pt32x0xx_tim.o(.text.TIM_GetAutoreload), (92 bytes).
    Removing pt32x0xx_tim.o(.ARM.exidx.text.TIM_GetAutoreload), (8 bytes).
    Removing pt32x0xx_tim.o(.text.TIM_SetOCxValue), (76 bytes).
    Removing pt32x0xx_tim.o(.ARM.exidx.text.TIM_SetOCxValue), (8 bytes).
    Removing pt32x0xx_tim.o(.text.TIM_SetUpDownOCxValue), (76 bytes).
    Removing pt32x0xx_tim.o(.ARM.exidx.text.TIM_SetUpDownOCxValue), (8 bytes).
    Removing pt32x0xx_tim.o(.text.TIM_GetICxValue), (56 bytes).
    Removing pt32x0xx_tim.o(.ARM.exidx.text.TIM_GetICxValue), (8 bytes).
    Removing pt32x0xx_tim.o(.rodata.str1.1), (53 bytes).
    Removing pt32x0xx_uart.o(.text), (0 bytes).
    Removing pt32x0xx_uart.o(.ARM.exidx.text.UART_Init), (8 bytes).
    Removing pt32x0xx_uart.o(.ARM.exidx.text.UART_BaudRateConfig), (8 bytes).
    Removing pt32x0xx_uart.o(.text.UART_SmartCardInit), (156 bytes).
    Removing pt32x0xx_uart.o(.ARM.exidx.text.UART_SmartCardInit), (8 bytes).
    Removing pt32x0xx_uart.o(.text.UART_StructInit), (30 bytes).
    Removing pt32x0xx_uart.o(.ARM.exidx.text.UART_StructInit), (8 bytes).
    Removing pt32x0xx_uart.o(.text.UART_SmartCardStructInit), (22 bytes).
    Removing pt32x0xx_uart.o(.ARM.exidx.text.UART_SmartCardStructInit), (8 bytes).
    Removing pt32x0xx_uart.o(.ARM.exidx.text.UART_Cmd), (8 bytes).
    Removing pt32x0xx_uart.o(.text.UART_ReceiverCmd), (104 bytes).
    Removing pt32x0xx_uart.o(.ARM.exidx.text.UART_ReceiverCmd), (8 bytes).
    Removing pt32x0xx_uart.o(.text.UART_ReceiveDMACmd), (112 bytes).
    Removing pt32x0xx_uart.o(.ARM.exidx.text.UART_ReceiveDMACmd), (8 bytes).
    Removing pt32x0xx_uart.o(.text.UART_TransferDMACmd), (108 bytes).
    Removing pt32x0xx_uart.o(.ARM.exidx.text.UART_TransferDMACmd), (8 bytes).
    Removing pt32x0xx_uart.o(.text.UART_WordLengthAndParityConfig), (120 bytes).
    Removing pt32x0xx_uart.o(.ARM.exidx.text.UART_WordLengthAndParityConfig), (8 bytes).
    Removing pt32x0xx_uart.o(.text.UART_StopBitLengthConfig), (112 bytes).
    Removing pt32x0xx_uart.o(.ARM.exidx.text.UART_StopBitLengthConfig), (8 bytes).
    Removing pt32x0xx_uart.o(.text.UART_DMATriggerControlConfig), (100 bytes).
    Removing pt32x0xx_uart.o(.ARM.exidx.text.UART_DMATriggerControlConfig), (8 bytes).
    Removing pt32x0xx_uart.o(.text.UART_PolarityControl), (144 bytes).
    Removing pt32x0xx_uart.o(.ARM.exidx.text.UART_PolarityControl), (8 bytes).
    Removing pt32x0xx_uart.o(.text.UART_SingleLineModeCmd), (108 bytes).
    Removing pt32x0xx_uart.o(.ARM.exidx.text.UART_SingleLineModeCmd), (8 bytes).
    Removing pt32x0xx_uart.o(.text.UART_SinglelineDirectionConfig), (112 bytes).
    Removing pt32x0xx_uart.o(.ARM.exidx.text.UART_SinglelineDirectionConfig), (8 bytes).
    Removing pt32x0xx_uart.o(.text.UART_MuteModeWakeupMethodConfig), (100 bytes).
    Removing pt32x0xx_uart.o(.ARM.exidx.text.UART_MuteModeWakeupMethodConfig), (8 bytes).
    Removing pt32x0xx_uart.o(.text.UART_MuteModeCmd), (44 bytes).
    Removing pt32x0xx_uart.o(.ARM.exidx.text.UART_MuteModeCmd), (8 bytes).
    Removing pt32x0xx_uart.o(.text.UART_LowPowerWakeupConfig), (100 bytes).
    Removing pt32x0xx_uart.o(.ARM.exidx.text.UART_LowPowerWakeupConfig), (8 bytes).
    Removing pt32x0xx_uart.o(.text.UART_LoopbackModeCmd), (116 bytes).
    Removing pt32x0xx_uart.o(.ARM.exidx.text.UART_LoopbackModeCmd), (8 bytes).
    Removing pt32x0xx_uart.o(.text.UART_SlaveDeviceAddressConfig), (48 bytes).
    Removing pt32x0xx_uart.o(.ARM.exidx.text.UART_SlaveDeviceAddressConfig), (8 bytes).
    Removing pt32x0xx_uart.o(.text.UART_ITConfig), (100 bytes).
    Removing pt32x0xx_uart.o(.ARM.exidx.text.UART_ITConfig), (8 bytes).
    Removing pt32x0xx_uart.o(.text.UART_GetFlagStatus), (68 bytes).
    Removing pt32x0xx_uart.o(.ARM.exidx.text.UART_GetFlagStatus), (8 bytes).
    Removing pt32x0xx_uart.o(.text.UART_ClearFlag), (64 bytes).
    Removing pt32x0xx_uart.o(.ARM.exidx.text.UART_ClearFlag), (8 bytes).
    Removing pt32x0xx_uart.o(.text.UART_GetITStatus), (76 bytes).
    Removing pt32x0xx_uart.o(.ARM.exidx.text.UART_GetITStatus), (8 bytes).
    Removing pt32x0xx_uart.o(.ARM.exidx.text.UART_SendData), (8 bytes).
    Removing pt32x0xx_uart.o(.text.UART_ReceiveData), (44 bytes).
    Removing pt32x0xx_uart.o(.ARM.exidx.text.UART_ReceiveData), (8 bytes).
    Removing pt32x0xx_uart.o(.text.UART_SetFrameIntervalTime), (56 bytes).
    Removing pt32x0xx_uart.o(.ARM.exidx.text.UART_SetFrameIntervalTime), (8 bytes).
    Removing pt32x0xx_uart.o(.text.UART_SetTimeout), (52 bytes).
    Removing pt32x0xx_uart.o(.ARM.exidx.text.UART_SetTimeout), (8 bytes).
    Removing pt32x0xx_uart.o(.text.UART_FifoReset), (68 bytes).
    Removing pt32x0xx_uart.o(.ARM.exidx.text.UART_FifoReset), (8 bytes).
    Removing pt32x0xx_uart.o(.text.UART_SmartCardCmd), (52 bytes).
    Removing pt32x0xx_uart.o(.ARM.exidx.text.UART_SmartCardCmd), (8 bytes).
    Removing pt32x0xx_uart.o(.text.UART_SmartCardDirectionConfig), (56 bytes).
    Removing pt32x0xx_uart.o(.ARM.exidx.text.UART_SmartCardDirectionConfig), (8 bytes).
    Removing fadd.o(.text), (178 bytes).
    Removing fmul.o(.text), (122 bytes).
    Removing fdiv.o(.text), (124 bytes).
    Removing fcmple.o(.text), (28 bytes).
    Removing fcmplt.o(.text), (28 bytes).
    Removing fcmpgt.o(.text), (28 bytes).
    Removing ffltui.o(.text), (14 bytes).
    Removing ffixi.o(.text), (50 bytes).
    Removing fepilogue.o(.text), (130 bytes).

704 unused section(s) (total 25682 bytes) removed from the image.

==============================================================================

Image Symbol Table

    Local Symbols

    Symbol Name                              Value     Ov Type        Size  Object(Section)

    ../clib/division.s                       0x00000000   Number         0  aeabi_sdivfast.o ABSOLUTE
    ../clib/division.s                       0x00000000   Number         0  aeabi_sdivfast_div0.o ABSOLUTE
    ../clib/microlib/division.c              0x00000000   Number         0  uidiv.o ABSOLUTE
    ../clib/microlib/division.c              0x00000000   Number         0  uidiv_div0.o ABSOLUTE
    ../clib/microlib/division.c              0x00000000   Number         0  idiv_div0.o ABSOLUTE
    ../clib/microlib/division.c              0x00000000   Number         0  idiv0.o ABSOLUTE
    ../clib/microlib/init/entry.s            0x00000000   Number         0  entry.o ABSOLUTE
    ../clib/microlib/init/entry.s            0x00000000   Number         0  entry2.o ABSOLUTE
    ../clib/microlib/init/entry.s            0x00000000   Number         0  entry5.o ABSOLUTE
    ../clib/microlib/init/entry.s            0x00000000   Number         0  entry7a.o ABSOLUTE
    ../clib/microlib/init/entry.s            0x00000000   Number         0  entry7b.o ABSOLUTE
    ../clib/microlib/init/entry.s            0x00000000   Number         0  entry8a.o ABSOLUTE
    ../clib/microlib/init/entry.s            0x00000000   Number         0  entry8b.o ABSOLUTE
    ../clib/microlib/init/entry.s            0x00000000   Number         0  entry9a.o ABSOLUTE
    ../clib/microlib/init/entry.s            0x00000000   Number         0  entry9b.o ABSOLUTE
    ../clib/microlib/init/entry.s            0x00000000   Number         0  entry10a.o ABSOLUTE
    ../clib/microlib/init/entry.s            0x00000000   Number         0  entry10b.o ABSOLUTE
    ../clib/microlib/init/entry.s            0x00000000   Number         0  entry11a.o ABSOLUTE
    ../clib/microlib/init/entry.s            0x00000000   Number         0  entry11b.o ABSOLUTE
    ../clib/microlib/string/memset.c         0x00000000   Number         0  memseta.o ABSOLUTE
    ../clib/microlib/stubs.s                 0x00000000   Number         0  useno.o ABSOLUTE
    ../clib/microlib/stubs.s                 0x00000000   Number         0  iusefp.o ABSOLUTE
    ../fplib/microlib/fpadd.c                0x00000000   Number         0  fadd.o ABSOLUTE
    ../fplib/microlib/fpcmp.c                0x00000000   Number         0  fcmple.o ABSOLUTE
    ../fplib/microlib/fpcmp.c                0x00000000   Number         0  fcmplt.o ABSOLUTE
    ../fplib/microlib/fpcmp.c                0x00000000   Number         0  fcmpgt.o ABSOLUTE
    ../fplib/microlib/fpdiv.c                0x00000000   Number         0  fdiv.o ABSOLUTE
    ../fplib/microlib/fpepilogue.c           0x00000000   Number         0  fepilogue.o ABSOLUTE
    ../fplib/microlib/fpfix.c                0x00000000   Number         0  ffixi.o ABSOLUTE
    ../fplib/microlib/fpflt.c                0x00000000   Number         0  ffltui.o ABSOLUTE
    ../fplib/microlib/fpmul.c                0x00000000   Number         0  fmul.o ABSOLUTE
    ..\..\..\Libraries\SYSTEM\PTM280x\arm\startup_PTM280x.s 0x00000000   Number         0  startup_ptm280x.o ABSOLUTE
    CMix_board.c                             0x00000000   Number         0  cmix_board.o ABSOLUTE
    CMix_control.c                           0x00000000   Number         0  cmix_control.o ABSOLUTE
    CMix_i2c.c                               0x00000000   Number         0  cmix_i2c.o ABSOLUTE
    CMix_main.c                              0x00000000   Number         0  cmix_main.o ABSOLUTE
    CMix_pinmap.c                            0x00000000   Number         0  cmix_pinmap.o ABSOLUTE
    PT32x0xx_adc.c                           0x00000000   Number         0  pt32x0xx_adc.o ABSOLUTE
    PT32x0xx_cmp.c                           0x00000000   Number         0  pt32x0xx_cmp.o ABSOLUTE
    PT32x0xx_crc.c                           0x00000000   Number         0  pt32x0xx_crc.o ABSOLUTE
    PT32x0xx_dma.c                           0x00000000   Number         0  pt32x0xx_dma.o ABSOLUTE
    PT32x0xx_es.c                            0x00000000   Number         0  pt32x0xx_es.o ABSOLUTE
    PT32x0xx_exti.c                          0x00000000   Number         0  pt32x0xx_exti.o ABSOLUTE
    PT32x0xx_gpio.c                          0x00000000   Number         0  pt32x0xx_gpio.o ABSOLUTE
    PT32x0xx_i2c.c                           0x00000000   Number         0  pt32x0xx_i2c.o ABSOLUTE
    PT32x0xx_ifmc.c                          0x00000000   Number         0  pt32x0xx_ifmc.o ABSOLUTE
    PT32x0xx_iwdg.c                          0x00000000   Number         0  pt32x0xx_iwdg.o ABSOLUTE
    PT32x0xx_ldac.c                          0x00000000   Number         0  pt32x0xx_ldac.o ABSOLUTE
    PT32x0xx_nvic.c                          0x00000000   Number         0  pt32x0xx_nvic.o ABSOLUTE
    PT32x0xx_opa.c                           0x00000000   Number         0  pt32x0xx_opa.o ABSOLUTE
    PT32x0xx_pwr.c                           0x00000000   Number         0  pt32x0xx_pwr.o ABSOLUTE
    PT32x0xx_rcc.c                           0x00000000   Number         0  pt32x0xx_rcc.o ABSOLUTE
    PT32x0xx_retarget.c                      0x00000000   Number         0  pt32x0xx_retarget.o ABSOLUTE
    PT32x0xx_spi.c                           0x00000000   Number         0  pt32x0xx_spi.o ABSOLUTE
    PT32x0xx_syscfg.c                        0x00000000   Number         0  pt32x0xx_syscfg.o ABSOLUTE
    PT32x0xx_tim.c                           0x00000000   Number         0  pt32x0xx_tim.o ABSOLUTE
    PT32x0xx_uart.c                          0x00000000   Number         0  pt32x0xx_uart.o ABSOLUTE
    dc.s                                     0x00000000   Number         0  dc.o ABSOLUTE
    handlers.s                               0x00000000   Number         0  handlers.o ABSOLUTE
    init.s                                   0x00000000   Number         0  init.o ABSOLUTE
    system_PTM280x.c                         0x00000000   Number         0  system_ptm280x.o ABSOLUTE
    RESET                                    0x00000000   Section      192  startup_ptm280x.o(RESET)
    .ARM.Collect$$$$00000000                 0x000000c0   Section        0  entry.o(.ARM.Collect$$$$00000000)
    .ARM.Collect$$$$00000001                 0x000000c0   Section        4  entry2.o(.ARM.Collect$$$$00000001)
    .ARM.Collect$$$$00000004                 0x000000c4   Section        4  entry5.o(.ARM.Collect$$$$00000004)
    .ARM.Collect$$$$00000008                 0x000000c8   Section        0  entry7b.o(.ARM.Collect$$$$00000008)
    .ARM.Collect$$$$0000000A                 0x000000c8   Section        0  entry8b.o(.ARM.Collect$$$$0000000A)
    .ARM.Collect$$$$0000000B                 0x000000c8   Section        8  entry9a.o(.ARM.Collect$$$$0000000B)
    __lit__00000000                          0x000000d0   Data           4  entry2.o(.ARM.Collect$$$$00002712)
    .ARM.Collect$$$$0000000D                 0x000000d0   Section        0  entry10a.o(.ARM.Collect$$$$0000000D)
    .ARM.Collect$$$$0000000F                 0x000000d0   Section        0  entry11a.o(.ARM.Collect$$$$0000000F)
    .ARM.Collect$$$$00002712                 0x000000d0   Section        4  entry2.o(.ARM.Collect$$$$00002712)
    .text                                    0x000000d4   Section       28  startup_ptm280x.o(.text)
    .text                                    0x000000f0   Section        0  uidiv_div0.o(.text)
    .text                                    0x00000130   Section       48  init.o(.text)
    [Anonymous Symbol]                       0x00000160   Section        0  pt32x0xx_adc.o(.text.ADC_ChannelSetupTimeConfig)
    __arm_cp.33_0                            0x00000194   Number         4  pt32x0xx_adc.o(.text.ADC_ChannelSetupTimeConfig)
    [Anonymous Symbol]                       0x00000198   Section        0  pt32x0xx_adc.o(.text.ADC_Cmd)
    [Anonymous Symbol]                       0x000001c8   Section        0  pt32x0xx_adc.o(.text.ADC_GetFlagStatus)
    __arm_cp.36_0                            0x00000200   Number         4  pt32x0xx_adc.o(.text.ADC_GetFlagStatus)
    [Anonymous Symbol]                       0x00000204   Section        0  pt32x0xx_adc.o(.text.ADC_Init)
    __arm_cp.0_2                             0x000002cc   Number         4  pt32x0xx_adc.o(.text.ADC_Init)
    __arm_cp.0_3                             0x000002d0   Number         4  pt32x0xx_adc.o(.text.ADC_Init)
    __arm_cp.0_4                             0x000002d4   Number         4  pt32x0xx_adc.o(.text.ADC_Init)
    [Anonymous Symbol]                       0x000002d8   Section        0  pt32x0xx_adc.o(.text.ADC_RSCNTConfig)
    __arm_cp.17_0                            0x000002ec   Number         4  pt32x0xx_adc.o(.text.ADC_RSCNTConfig)
    [Anonymous Symbol]                       0x000002f0   Section        0  pt32x0xx_adc.o(.text.ADC_RegularScanCmd)
    [Anonymous Symbol]                       0x00000324   Section        0  pt32x0xx_adc.o(.text.ADC_RegularTriggerSource)
    [Anonymous Symbol]                       0x00000364   Section        0  pt32x0xx_adc.o(.text.ADC_SampleTimeConfig)
    __arm_cp.34_0                            0x00000398   Number         4  pt32x0xx_adc.o(.text.ADC_SampleTimeConfig)
    __arm_cp.34_1                            0x0000039c   Number         4  pt32x0xx_adc.o(.text.ADC_SampleTimeConfig)
    __arm_cp.34_2                            0x000003a0   Number         4  pt32x0xx_adc.o(.text.ADC_SampleTimeConfig)
    [Anonymous Symbol]                       0x000003a4   Section        0  pt32x0xx_adc.o(.text.ADC_ScanChannelConfig)
    [Anonymous Symbol]                       0x000003c4   Section        0  cmix_i2c.o(.text.CMix_I2C_Master_Write)
    __arm_cp.1_1                             0x000004b4   Number         4  cmix_i2c.o(.text.CMix_I2C_Master_Write)
    __arm_cp.1_2                             0x000004b8   Number         4  cmix_i2c.o(.text.CMix_I2C_Master_Write)
    [Anonymous Symbol]                       0x000004bc   Section        0  cmix_i2c.o(.text.CMix_I2C_Proc)
    __arm_cp.4_0                             0x000004fc   Number         4  cmix_i2c.o(.text.CMix_I2C_Proc)
    [Anonymous Symbol]                       0x00000500   Section        0  cmix_board.o(.text.CMix_InitADCSequence)
    __arm_cp.5_0                             0x00000580   Number         4  cmix_board.o(.text.CMix_InitADCSequence)
    __arm_cp.5_1                             0x00000584   Number         4  cmix_board.o(.text.CMix_InitADCSequence)
    __arm_cp.5_2                             0x00000588   Number         4  cmix_board.o(.text.CMix_InitADCSequence)
    [Anonymous Symbol]                       0x0000058c   Section        0  cmix_board.o(.text.CMix_InitClocks)
    [Anonymous Symbol]                       0x000005f0   Section        0  cmix_board.o(.text.CMix_SystemInit)
    __arm_cp.3_0                             0x000006e4   Number         4  cmix_board.o(.text.CMix_SystemInit)
    __arm_cp.3_1                             0x000006e8   Number         4  cmix_board.o(.text.CMix_SystemInit)
    __arm_cp.3_2                             0x000006ec   Number         4  cmix_board.o(.text.CMix_SystemInit)
    __arm_cp.3_4                             0x000006f0   Number         4  cmix_board.o(.text.CMix_SystemInit)
    __arm_cp.3_5                             0x000006f4   Number         4  cmix_board.o(.text.CMix_SystemInit)
    [Anonymous Symbol]                       0x000006f8   Section        0  pt32x0xx_gpio.o(.text.GPIO_DigitalRemapConfig)
    __arm_cp.10_0                            0x00000784   Number         4  pt32x0xx_gpio.o(.text.GPIO_DigitalRemapConfig)
    [Anonymous Symbol]                       0x00000788   Section        0  pt32x0xx_gpio.o(.text.GPIO_Init)
    __arm_cp.0_0                             0x00000808   Number         4  pt32x0xx_gpio.o(.text.GPIO_Init)
    __arm_cp.0_1                             0x0000080c   Number         4  pt32x0xx_gpio.o(.text.GPIO_Init)
    __arm_cp.0_2                             0x00000810   Number         4  pt32x0xx_gpio.o(.text.GPIO_Init)
    [Anonymous Symbol]                       0x00000834   Section        0  pt32x0xx_gpio.o(.text.GPIO_SetBits)
    __arm_cp.5_0                             0x00000864   Number         4  pt32x0xx_gpio.o(.text.GPIO_SetBits)
    __arm_cp.5_1                             0x00000868   Number         4  pt32x0xx_gpio.o(.text.GPIO_SetBits)
    __arm_cp.5_2                             0x0000086c   Number         4  pt32x0xx_gpio.o(.text.GPIO_SetBits)
    [Anonymous Symbol]                       0x00000870   Section        0  system_ptm280x.o(.text.GetClockFreq)
    __arm_cp.4_1                             0x000008ec   Number         4  system_ptm280x.o(.text.GetClockFreq)
    __arm_cp.4_2                             0x000008f0   Number         4  system_ptm280x.o(.text.GetClockFreq)
    [Anonymous Symbol]                       0x000008f4   Section        0  pt32x0xx_i2c.o(.text.I2C_Cmd)
    [Anonymous Symbol]                       0x00000920   Section        0  pt32x0xx_i2c.o(.text.I2C_GenerateEvent)
    [Anonymous Symbol]                       0x0000098c   Section        0  pt32x0xx_i2c.o(.text.I2C_GetFlagStatus)
    __arm_cp.6_0                             0x000009b8   Number         4  pt32x0xx_i2c.o(.text.I2C_GetFlagStatus)
    [Anonymous Symbol]                       0x000009bc   Section        0  pt32x0xx_i2c.o(.text.I2C_Init)
    __arm_cp.0_2                             0x00000a34   Number         4  pt32x0xx_i2c.o(.text.I2C_Init)
    __arm_cp.0_3                             0x00000a38   Number         4  pt32x0xx_i2c.o(.text.I2C_Init)
    __arm_cp.0_4                             0x00000a3c   Number         4  pt32x0xx_i2c.o(.text.I2C_Init)
    [Anonymous Symbol]                       0x00000a40   Section        0  pt32x0xx_i2c.o(.text.I2C_SendAddress)
    [Anonymous Symbol]                       0x00000a60   Section        0  pt32x0xx_i2c.o(.text.I2C_SendData)
    __arm_cp.7_0                             0x00000a80   Number         4  pt32x0xx_i2c.o(.text.I2C_SendData)
    __arm_cp.7_1                             0x00000a84   Number         4  pt32x0xx_i2c.o(.text.I2C_SendData)
    [Anonymous Symbol]                       0x00000a88   Section        0  pt32x0xx_ifmc.o(.text.IFMC_SetLatency)
    __arm_cp.1_0                             0x00000aa8   Number         4  pt32x0xx_ifmc.o(.text.IFMC_SetLatency)
    [Anonymous Symbol]                       0x00000aac   Section        0  pt32x0xx_rcc.o(.text.RCC_AHBPeriphClockCmd)
    __arm_cp.13_0                            0x00000aec   Number         4  pt32x0xx_rcc.o(.text.RCC_AHBPeriphClockCmd)
    __arm_cp.13_2                            0x00000af0   Number         4  pt32x0xx_rcc.o(.text.RCC_AHBPeriphClockCmd)
    [Anonymous Symbol]                       0x00000af4   Section        0  pt32x0xx_rcc.o(.text.RCC_APBPeriph1ClockCmd)
    __arm_cp.9_1                             0x00000b38   Number         4  pt32x0xx_rcc.o(.text.RCC_APBPeriph1ClockCmd)
    [Anonymous Symbol]                       0x00000b3c   Section        0  pt32x0xx_rcc.o(.text.RCC_APBPeriph1ResetCmd)
    __arm_cp.0_1                             0x00000b7c   Number         4  pt32x0xx_rcc.o(.text.RCC_APBPeriph1ResetCmd)
    [Anonymous Symbol]                       0x00000b80   Section        0  pt32x0xx_rcc.o(.text.RCC_APBPeriph2ClockCmd)
    __arm_cp.10_2                            0x00000bc0   Number         4  pt32x0xx_rcc.o(.text.RCC_APBPeriph2ClockCmd)
    [Anonymous Symbol]                       0x00000bc4   Section        0  pt32x0xx_rcc.o(.text.RCC_APBPeriph2ResetCmd)
    __arm_cp.1_0                             0x00000c00   Number         4  pt32x0xx_rcc.o(.text.RCC_APBPeriph2ResetCmd)
    __arm_cp.1_2                             0x00000c04   Number         4  pt32x0xx_rcc.o(.text.RCC_APBPeriph2ResetCmd)
    [Anonymous Symbol]                       0x00000c08   Section        0  pt32x0xx_rcc.o(.text.RCC_APBPeriph3ClockCmd)
    __arm_cp.11_2                            0x00000c48   Number         4  pt32x0xx_rcc.o(.text.RCC_APBPeriph3ClockCmd)
    [Anonymous Symbol]                       0x00000c4c   Section        0  pt32x0xx_rcc.o(.text.RCC_APBPeriph3ResetCmd)
    __arm_cp.2_0                             0x00000c88   Number         4  pt32x0xx_rcc.o(.text.RCC_APBPeriph3ResetCmd)
    __arm_cp.2_2                             0x00000c8c   Number         4  pt32x0xx_rcc.o(.text.RCC_APBPeriph3ResetCmd)
    [Anonymous Symbol]                       0x00000c90   Section        0  pt32x0xx_rcc.o(.text.RCC_HCLKSetPrescaler)
    __arm_cp.17_1                            0x00000cb4   Number         4  pt32x0xx_rcc.o(.text.RCC_HCLKSetPrescaler)
    [Anonymous Symbol]                       0x00000cb8   Section        0  pt32x0xx_rcc.o(.text.RCC_PCLKSetPrescaler)
    __arm_cp.18_1                            0x00000cdc   Number         4  pt32x0xx_rcc.o(.text.RCC_PCLKSetPrescaler)
    [Anonymous Symbol]                       0x00000ce0   Section        0  pt32x0xx_rcc.o(.text.RCC_SetMCOSource)
    __arm_cp.19_0                            0x00000d10   Number         4  pt32x0xx_rcc.o(.text.RCC_SetMCOSource)
    __arm_cp.19_1                            0x00000d14   Number         4  pt32x0xx_rcc.o(.text.RCC_SetMCOSource)
    __arm_cp.19_2                            0x00000d18   Number         4  pt32x0xx_rcc.o(.text.RCC_SetMCOSource)
    [Anonymous Symbol]                       0x00000d1c   Section        0  system_ptm280x.o(.text.SystemInit)
    [Anonymous Symbol]                       0x00000d3c   Section        0  pt32x0xx_uart.o(.text.UART_BaudRateConfig)
    __arm_cp.1_0                             0x00000dc8   Number         4  pt32x0xx_uart.o(.text.UART_BaudRateConfig)
    __arm_cp.1_1                             0x00000dcc   Number         4  pt32x0xx_uart.o(.text.UART_BaudRateConfig)
    __arm_cp.1_2                             0x00000dd0   Number         4  pt32x0xx_uart.o(.text.UART_BaudRateConfig)
    __arm_cp.1_3                             0x00000dd4   Number         4  pt32x0xx_uart.o(.text.UART_BaudRateConfig)
    __arm_cp.1_4                             0x00000dd8   Number         4  pt32x0xx_uart.o(.text.UART_BaudRateConfig)
    [Anonymous Symbol]                       0x00000de4   Section        0  pt32x0xx_uart.o(.text.UART_Cmd)
    [Anonymous Symbol]                       0x00000e38   Section        0  pt32x0xx_uart.o(.text.UART_Init)
    __arm_cp.0_2                             0x00000f58   Number         4  pt32x0xx_uart.o(.text.UART_Init)
    __arm_cp.0_3                             0x00000f5c   Number         4  pt32x0xx_uart.o(.text.UART_Init)
    __arm_cp.0_4                             0x00000f60   Number         4  pt32x0xx_uart.o(.text.UART_Init)
    __arm_cp.0_5                             0x00000f64   Number         4  pt32x0xx_uart.o(.text.UART_Init)
    [Anonymous Symbol]                       0x00000f68   Section        0  pt32x0xx_uart.o(.text.UART_SendData)
    __arm_cp.24_0                            0x00000fa0   Number         4  pt32x0xx_uart.o(.text.UART_SendData)
    __arm_cp.24_2                            0x00000fa4   Number         4  pt32x0xx_uart.o(.text.UART_SendData)
    __arm_cp.24_3                            0x00000fa8   Number         4  pt32x0xx_uart.o(.text.UART_SendData)
    [Anonymous Symbol]                       0x00000fac   Section        0  cmix_board.o(.text.assert_failed)
    [Anonymous Symbol]                       0x00000fb0   Section        0  cmix_main.o(.text.main)
    __arm_cp.2_0                             0x00000fe4   Number         4  cmix_main.o(.text.main)
    i.__scatterload_copy                     0x00000fe8   Section       14  handlers.o(i.__scatterload_copy)
    i.__scatterload_null                     0x00000ff6   Section        2  handlers.o(i.__scatterload_null)
    i.__scatterload_zeroinit                 0x00000ff8   Section       14  handlers.o(i.__scatterload_zeroinit)
    s_adc_sequence                           0x00001098   Data          80  cmix_board.o(.rodata.s_adc_sequence)
    [Anonymous Symbol]                       0x00001098   Section        0  cmix_board.o(.rodata.s_adc_sequence)
    [Anonymous Symbol]                       0x000010e8   Section        0  cmix_pinmap.o(.rodata.str1.1)
    [Anonymous Symbol]                       0x000012f8   Section        0  pt32x0xx_adc.o(.rodata.str1.1)
    [Anonymous Symbol]                       0x0000132d   Section        0  pt32x0xx_gpio.o(.rodata.str1.1)
    [Anonymous Symbol]                       0x00001363   Section        0  pt32x0xx_i2c.o(.rodata.str1.1)
    [Anonymous Symbol]                       0x00001398   Section        0  pt32x0xx_ifmc.o(.rodata.str1.1)
    [Anonymous Symbol]                       0x000013ce   Section        0  pt32x0xx_rcc.o(.rodata.str1.1)
    [Anonymous Symbol]                       0x00001403   Section        0  pt32x0xx_uart.o(.rodata.str1.1)
    CMix_I2C_Master_Write.count              0x20000000   Data           4  cmix_i2c.o(.bss.CMix_I2C_Master_Write.count)
    [Anonymous Symbol]                       0x20000000   Section        0  cmix_i2c.o(.bss.CMix_I2C_Master_Write.count)
    i2c_tx_buffer                            0x20000004   Data           8  cmix_i2c.o(.bss.i2c_tx_buffer)
    [Anonymous Symbol]                       0x20000004   Section        0  cmix_i2c.o(.bss.i2c_tx_buffer)
    STACK                                    0x20000010   Section     1024  startup_ptm280x.o(STACK)

    Global Symbols

    Symbol Name                              Value     Ov Type        Size  Object(Section)

    BuildAttributes$$THM_ISAv3M$S$PE$A:L22$X:L11$S22$IEEE1$IW$~IW$USESV6$~STKCKD$USESV7$~SHL$OTIME$ROPI$EBA8$MICROLIB$REQ8$PRES8$EABIv2 0x00000000   Number         0  anon$$obj.o ABSOLUTE
    __Vectors                                0x00000000   Data           4  startup_ptm280x.o(RESET)
    __use_no_errno                           0x00000000   Number         0  useno.o ABSOLUTE
    __use_no_exception_handling              0x00000000   Number         0  useno.o ABSOLUTE
    __use_no_fp                              0x00000000   Number         0  useno.o ABSOLUTE
    __use_no_heap                            0x00000000   Number         0  useno.o ABSOLUTE
    __use_no_heap_region                     0x00000000   Number         0  useno.o ABSOLUTE
    __use_no_semihosting                     0x00000000   Number         0  useno.o ABSOLUTE
    __use_no_semihosting_swi                 0x00000000   Number         0  useno.o ABSOLUTE
    __use_no_signal_handling                 0x00000000   Number         0  useno.o ABSOLUTE
    __cpp_initialize__aeabi_                  - Undefined Weak Reference
    __cxa_finalize                            - Undefined Weak Reference
    __decompress                              - Undefined Weak Reference
    _clock_init                               - Undefined Weak Reference
    _microlib_exit                            - Undefined Weak Reference
    __Vectors_End                            0x000000c0   Data           0  startup_ptm280x.o(RESET)
    __Vectors_Size                           0x000000c0   Number         0  startup_ptm280x.o ABSOLUTE
    __main                                   0x000000c1   Thumb Code     0  entry.o(.ARM.Collect$$$$00000000)
    _main_stk                                0x000000c1   Thumb Code     0  entry2.o(.ARM.Collect$$$$00000001)
    _main_scatterload                        0x000000c5   Thumb Code     0  entry5.o(.ARM.Collect$$$$00000004)
    __main_after_scatterload                 0x000000c9   Thumb Code     0  entry5.o(.ARM.Collect$$$$00000004)
    _main_clock                              0x000000c9   Thumb Code     0  entry7b.o(.ARM.Collect$$$$00000008)
    _main_cpp_init                           0x000000c9   Thumb Code     0  entry8b.o(.ARM.Collect$$$$0000000A)
    _main_init                               0x000000c9   Thumb Code     0  entry9a.o(.ARM.Collect$$$$0000000B)
    __rt_final_cpp                           0x000000d1   Thumb Code     0  entry10a.o(.ARM.Collect$$$$0000000D)
    __rt_final_exit                          0x000000d1   Thumb Code     0  entry11a.o(.ARM.Collect$$$$0000000F)
    Reset_Handler                            0x000000d5   Thumb Code     8  startup_ptm280x.o(.text)
    NMI_Handler                              0x000000dd   Thumb Code     2  startup_ptm280x.o(.text)
    HardFault_Handler                        0x000000df   Thumb Code     2  startup_ptm280x.o(.text)
    SVC_Handler                              0x000000e1   Thumb Code     2  startup_ptm280x.o(.text)
    PendSV_Handler                           0x000000e3   Thumb Code     2  startup_ptm280x.o(.text)
    SysTick_Handler                          0x000000e5   Thumb Code     2  startup_ptm280x.o(.text)
    ADC0_Handler                             0x000000e7   Thumb Code     0  startup_ptm280x.o(.text)
    ALU_Handler                              0x000000e7   Thumb Code     0  startup_ptm280x.o(.text)
    CMP0_Handler                             0x000000e7   Thumb Code     0  startup_ptm280x.o(.text)
    CMP1_Handler                             0x000000e7   Thumb Code     0  startup_ptm280x.o(.text)
    DMA_Handler                              0x000000e7   Thumb Code     0  startup_ptm280x.o(.text)
    EXTIA_Handler                            0x000000e7   Thumb Code     0  startup_ptm280x.o(.text)
    EXTIB_Handler                            0x000000e7   Thumb Code     0  startup_ptm280x.o(.text)
    I2C0_Handler                             0x000000e7   Thumb Code     0  startup_ptm280x.o(.text)
    IFMC_Handler                             0x000000e7   Thumb Code     0  startup_ptm280x.o(.text)
    PVD_Handler                              0x000000e7   Thumb Code     0  startup_ptm280x.o(.text)
    SPI0_Handler                             0x000000e7   Thumb Code     0  startup_ptm280x.o(.text)
    TIM1_Handler                             0x000000e7   Thumb Code     0  startup_ptm280x.o(.text)
    TIM2_Handler                             0x000000e7   Thumb Code     0  startup_ptm280x.o(.text)
    TIM3_Handler                             0x000000e7   Thumb Code     0  startup_ptm280x.o(.text)
    TIM4_Handler                             0x000000e7   Thumb Code     0  startup_ptm280x.o(.text)
    TIM8_Handler                             0x000000e7   Thumb Code     0  startup_ptm280x.o(.text)
    UART0_Handler                            0x000000e7   Thumb Code     0  startup_ptm280x.o(.text)
    __aeabi_uidiv                            0x000000f1   Thumb Code     0  uidiv_div0.o(.text)
    __aeabi_uidivmod                         0x000000f1   Thumb Code    62  uidiv_div0.o(.text)
    __scatterload                            0x00000131   Thumb Code    38  init.o(.text)
    __scatterload_rt2                        0x00000131   Thumb Code     0  init.o(.text)
    ADC_ChannelSetupTimeConfig               0x00000161   Thumb Code    52  pt32x0xx_adc.o(.text.ADC_ChannelSetupTimeConfig)
    ADC_Cmd                                  0x00000199   Thumb Code    48  pt32x0xx_adc.o(.text.ADC_Cmd)
    ADC_GetFlagStatus                        0x000001c9   Thumb Code    56  pt32x0xx_adc.o(.text.ADC_GetFlagStatus)
    ADC_Init                                 0x00000205   Thumb Code   200  pt32x0xx_adc.o(.text.ADC_Init)
    ADC_RSCNTConfig                          0x000002d9   Thumb Code    20  pt32x0xx_adc.o(.text.ADC_RSCNTConfig)
    ADC_RegularScanCmd                       0x000002f1   Thumb Code    52  pt32x0xx_adc.o(.text.ADC_RegularScanCmd)
    ADC_RegularTriggerSource                 0x00000325   Thumb Code    64  pt32x0xx_adc.o(.text.ADC_RegularTriggerSource)
    ADC_SampleTimeConfig                     0x00000365   Thumb Code    52  pt32x0xx_adc.o(.text.ADC_SampleTimeConfig)
    ADC_ScanChannelConfig                    0x000003a5   Thumb Code    30  pt32x0xx_adc.o(.text.ADC_ScanChannelConfig)
    CMix_I2C_Master_Write                    0x000003c5   Thumb Code   240  cmix_i2c.o(.text.CMix_I2C_Master_Write)
    CMix_I2C_Proc                            0x000004bd   Thumb Code    64  cmix_i2c.o(.text.CMix_I2C_Proc)
    CMix_InitADCSequence                     0x00000501   Thumb Code   128  cmix_board.o(.text.CMix_InitADCSequence)
    CMix_InitClocks                          0x0000058d   Thumb Code    98  cmix_board.o(.text.CMix_InitClocks)
    CMix_SystemInit                          0x000005f1   Thumb Code   244  cmix_board.o(.text.CMix_SystemInit)
    GPIO_DigitalRemapConfig                  0x000006f9   Thumb Code   140  pt32x0xx_gpio.o(.text.GPIO_DigitalRemapConfig)
    GPIO_Init                                0x00000789   Thumb Code   128  pt32x0xx_gpio.o(.text.GPIO_Init)
    GPIO_SetBits                             0x00000835   Thumb Code    48  pt32x0xx_gpio.o(.text.GPIO_SetBits)
    GetClockFreq                             0x00000871   Thumb Code    72  system_ptm280x.o(.text.GetClockFreq)
    I2C_Cmd                                  0x000008f5   Thumb Code    44  pt32x0xx_i2c.o(.text.I2C_Cmd)
    I2C_GenerateEvent                        0x00000921   Thumb Code   108  pt32x0xx_i2c.o(.text.I2C_GenerateEvent)
    I2C_GetFlagStatus                        0x0000098d   Thumb Code    44  pt32x0xx_i2c.o(.text.I2C_GetFlagStatus)
    I2C_Init                                 0x000009bd   Thumb Code   120  pt32x0xx_i2c.o(.text.I2C_Init)
    I2C_SendAddress                          0x00000a41   Thumb Code    32  pt32x0xx_i2c.o(.text.I2C_SendAddress)
    I2C_SendData                             0x00000a61   Thumb Code    32  pt32x0xx_i2c.o(.text.I2C_SendData)
    IFMC_SetLatency                          0x00000a89   Thumb Code    32  pt32x0xx_ifmc.o(.text.IFMC_SetLatency)
    RCC_AHBPeriphClockCmd                    0x00000aad   Thumb Code    64  pt32x0xx_rcc.o(.text.RCC_AHBPeriphClockCmd)
    RCC_APBPeriph1ClockCmd                   0x00000af5   Thumb Code    68  pt32x0xx_rcc.o(.text.RCC_APBPeriph1ClockCmd)
    RCC_APBPeriph1ResetCmd                   0x00000b3d   Thumb Code    64  pt32x0xx_rcc.o(.text.RCC_APBPeriph1ResetCmd)
    RCC_APBPeriph2ClockCmd                   0x00000b81   Thumb Code    64  pt32x0xx_rcc.o(.text.RCC_APBPeriph2ClockCmd)
    RCC_APBPeriph2ResetCmd                   0x00000bc5   Thumb Code    60  pt32x0xx_rcc.o(.text.RCC_APBPeriph2ResetCmd)
    RCC_APBPeriph3ClockCmd                   0x00000c09   Thumb Code    64  pt32x0xx_rcc.o(.text.RCC_APBPeriph3ClockCmd)
    RCC_APBPeriph3ResetCmd                   0x00000c4d   Thumb Code    60  pt32x0xx_rcc.o(.text.RCC_APBPeriph3ResetCmd)
    RCC_HCLKSetPrescaler                     0x00000c91   Thumb Code    36  pt32x0xx_rcc.o(.text.RCC_HCLKSetPrescaler)
    RCC_PCLKSetPrescaler                     0x00000cb9   Thumb Code    36  pt32x0xx_rcc.o(.text.RCC_PCLKSetPrescaler)
    RCC_SetMCOSource                         0x00000ce1   Thumb Code    48  pt32x0xx_rcc.o(.text.RCC_SetMCOSource)
    SystemInit                               0x00000d1d   Thumb Code    30  system_ptm280x.o(.text.SystemInit)
    UART_BaudRateConfig                      0x00000d3d   Thumb Code   140  pt32x0xx_uart.o(.text.UART_BaudRateConfig)
    UART_Cmd                                 0x00000de5   Thumb Code    84  pt32x0xx_uart.o(.text.UART_Cmd)
    UART_Init                                0x00000e39   Thumb Code   288  pt32x0xx_uart.o(.text.UART_Init)
    UART_SendData                            0x00000f69   Thumb Code    56  pt32x0xx_uart.o(.text.UART_SendData)
    assert_failed                            0x00000fad   Thumb Code     4  cmix_board.o(.text.assert_failed)
    main                                     0x00000fb1   Thumb Code    52  cmix_main.o(.text.main)
    __scatterload_copy                       0x00000fe9   Thumb Code    14  handlers.o(i.__scatterload_copy)
    __scatterload_null                       0x00000ff7   Thumb Code     2  handlers.o(i.__scatterload_null)
    __scatterload_zeroinit                   0x00000ff9   Thumb Code    14  handlers.o(i.__scatterload_zeroinit)
    CMix_Pin_Cell1_Tap                       0x00001008   Data          12  cmix_pinmap.o(.rodata.CMix_Pin_Cell1_Tap)
    CMix_Pin_Cell2_Tap                       0x00001014   Data          12  cmix_pinmap.o(.rodata.CMix_Pin_Cell2_Tap)
    CMix_Pin_Cell3_Tap                       0x00001020   Data          12  cmix_pinmap.o(.rodata.CMix_Pin_Cell3_Tap)
    CMix_Pin_IBat_Sense                      0x0000102c   Data          12  cmix_pinmap.o(.rodata.CMix_Pin_IBat_Sense)
    CMix_Pin_IOut_Sense                      0x00001038   Data          12  cmix_pinmap.o(.rodata.CMix_Pin_IOut_Sense)
    CMix_Pin_NTC1                            0x00001044   Data          12  cmix_pinmap.o(.rodata.CMix_Pin_NTC1)
    CMix_Pin_NTC2                            0x00001050   Data          12  cmix_pinmap.o(.rodata.CMix_Pin_NTC2)
    CMix_Pin_NTC_Mux_Out                     0x0000105c   Data          12  cmix_pinmap.o(.rodata.CMix_Pin_NTC_Mux_Out)
    CMix_Pin_UART_Rx                         0x00001068   Data          12  cmix_pinmap.o(.rodata.CMix_Pin_UART_Rx)
    CMix_Pin_UART_Tx                         0x00001074   Data          12  cmix_pinmap.o(.rodata.CMix_Pin_UART_Tx)
    CMix_Pin_VOut_Bus                        0x00001080   Data          12  cmix_pinmap.o(.rodata.CMix_Pin_VOut_Bus)
    CMix_Pin_VPack_Total                     0x0000108c   Data          12  cmix_pinmap.o(.rodata.CMix_Pin_VPack_Total)
    Region$$Table$$Base                      0x0000143c   Number         0  anon$$obj.o(Region$$Table)
    Region$$Table$$Limit                     0x0000144c   Number         0  anon$$obj.o(Region$$Table)
    __initial_sp                             0x20000410   Data           0  startup_ptm280x.o(STACK)



==============================================================================

Memory Map of the image

  Image Entry point : 0x000000c1

  Load Region LR_IROM1 (Base: 0x00000000, Size: 0x0000144c, Max: 0x00008000, ABSOLUTE)

    Execution Region ER_IROM1 (Exec base: 0x00000000, Load base: 0x00000000, Size: 0x0000144c, Max: 0x00008000, ABSOLUTE)

    Exec Addr    Load Addr    Size         Type   Attr      Idx    E Section Name        Object

    0x00000000   0x00000000   0x000000c0   Code   RO           23    RESET               startup_ptm280x.o
    0x000000c0   0x000000c0   0x00000000   Code   RO          949  * .ARM.Collect$$$$00000000  mc_p.l(entry.o)
    0x000000c0   0x000000c0   0x00000004   Code   RO          976    .ARM.Collect$$$$00000001  mc_p.l(entry2.o)
    0x000000c4   0x000000c4   0x00000004   Code   RO          979    .ARM.Collect$$$$00000004  mc_p.l(entry5.o)
    0x000000c8   0x000000c8   0x00000000   Code   RO          981    .ARM.Collect$$$$00000008  mc_p.l(entry7b.o)
    0x000000c8   0x000000c8   0x00000000   Code   RO          983    .ARM.Collect$$$$0000000A  mc_p.l(entry8b.o)
    0x000000c8   0x000000c8   0x00000008   Code   RO          984    .ARM.Collect$$$$0000000B  mc_p.l(entry9a.o)
    0x000000d0   0x000000d0   0x00000000   Code   RO          986    .ARM.Collect$$$$0000000D  mc_p.l(entry10a.o)
    0x000000d0   0x000000d0   0x00000000   Code   RO          988    .ARM.Collect$$$$0000000F  mc_p.l(entry11a.o)
    0x000000d0   0x000000d0   0x00000004   Code   RO          977    .ARM.Collect$$$$00002712  mc_p.l(entry2.o)
    0x000000d4   0x000000d4   0x0000001c   Code   RO           24    .text               startup_ptm280x.o
    0x000000f0   0x000000f0   0x0000003e   Code   RO          994    .text               mc_p.l(uidiv_div0.o)
    0x0000012e   0x0000012e   0x00000002   PAD
    0x00000130   0x00000130   0x00000030   Code   RO         1003    .text               mc_p.l(init.o)
    0x00000160   0x00000160   0x00000038   Code   RO          250    .text.ADC_ChannelSetupTimeConfig  pt32x0xx_adc.o
    0x00000198   0x00000198   0x00000030   Code   RO          188    .text.ADC_Cmd       pt32x0xx_adc.o
    0x000001c8   0x000001c8   0x0000003c   Code   RO          256    .text.ADC_GetFlagStatus  pt32x0xx_adc.o
    0x00000204   0x00000204   0x000000d4   Code   RO          184    .text.ADC_Init      pt32x0xx_adc.o
    0x000002d8   0x000002d8   0x00000018   Code   RO          218    .text.ADC_RSCNTConfig  pt32x0xx_adc.o
    0x000002f0   0x000002f0   0x00000034   Code   RO          210    .text.ADC_RegularScanCmd  pt32x0xx_adc.o
    0x00000324   0x00000324   0x00000040   Code   RO          204    .text.ADC_RegularTriggerSource  pt32x0xx_adc.o
    0x00000364   0x00000364   0x00000040   Code   RO          252    .text.ADC_SampleTimeConfig  pt32x0xx_adc.o
    0x000003a4   0x000003a4   0x0000001e   Code   RO          274    .text.ADC_ScanChannelConfig  pt32x0xx_adc.o
    0x000003c2   0x000003c2   0x00000002   PAD
    0x000003c4   0x000003c4   0x000000f8   Code   RO          145    .text.CMix_I2C_Master_Write  cmix_i2c.o
    0x000004bc   0x000004bc   0x00000044   Code   RO          151    .text.CMix_I2C_Proc  cmix_i2c.o
    0x00000500   0x00000500   0x0000008c   Code   RO           43    .text.CMix_InitADCSequence  cmix_board.o
    0x0000058c   0x0000058c   0x00000062   Code   RO           41    .text.CMix_InitClocks  cmix_board.o
    0x000005ee   0x000005ee   0x00000002   PAD
    0x000005f0   0x000005f0   0x00000108   Code   RO           39    .text.CMix_SystemInit  cmix_board.o
    0x000006f8   0x000006f8   0x00000090   Code   RO          454    .text.GPIO_DigitalRemapConfig  pt32x0xx_gpio.o
    0x00000788   0x00000788   0x000000ac   Code   RO          434    .text.GPIO_Init     pt32x0xx_gpio.o
    0x00000834   0x00000834   0x0000003c   Code   RO          444    .text.GPIO_SetBits  pt32x0xx_gpio.o
    0x00000870   0x00000870   0x00000084   Code   RO           10    .text.GetClockFreq  system_ptm280x.o
    0x000008f4   0x000008f4   0x0000002c   Code   RO          471    .text.I2C_Cmd       pt32x0xx_i2c.o
    0x00000920   0x00000920   0x0000006c   Code   RO          473    .text.I2C_GenerateEvent  pt32x0xx_i2c.o
    0x0000098c   0x0000098c   0x00000030   Code   RO          479    .text.I2C_GetFlagStatus  pt32x0xx_i2c.o
    0x000009bc   0x000009bc   0x00000084   Code   RO          467    .text.I2C_Init      pt32x0xx_i2c.o
    0x00000a40   0x00000a40   0x00000020   Code   RO          483    .text.I2C_SendAddress  pt32x0xx_i2c.o
    0x00000a60   0x00000a60   0x00000028   Code   RO          481    .text.I2C_SendData  pt32x0xx_i2c.o
    0x00000a88   0x00000a88   0x00000024   Code   RO          498    .text.IFMC_SetLatency  pt32x0xx_ifmc.o
    0x00000aac   0x00000aac   0x00000048   Code   RO          682    .text.RCC_AHBPeriphClockCmd  pt32x0xx_rcc.o
    0x00000af4   0x00000af4   0x00000048   Code   RO          674    .text.RCC_APBPeriph1ClockCmd  pt32x0xx_rcc.o
    0x00000b3c   0x00000b3c   0x00000044   Code   RO          656    .text.RCC_APBPeriph1ResetCmd  pt32x0xx_rcc.o
    0x00000b80   0x00000b80   0x00000044   Code   RO          676    .text.RCC_APBPeriph2ClockCmd  pt32x0xx_rcc.o
    0x00000bc4   0x00000bc4   0x00000044   Code   RO          658    .text.RCC_APBPeriph2ResetCmd  pt32x0xx_rcc.o
    0x00000c08   0x00000c08   0x00000044   Code   RO          678    .text.RCC_APBPeriph3ClockCmd  pt32x0xx_rcc.o
    0x00000c4c   0x00000c4c   0x00000044   Code   RO          660    .text.RCC_APBPeriph3ResetCmd  pt32x0xx_rcc.o
    0x00000c90   0x00000c90   0x00000028   Code   RO          690    .text.RCC_HCLKSetPrescaler  pt32x0xx_rcc.o
    0x00000cb8   0x00000cb8   0x00000028   Code   RO          692    .text.RCC_PCLKSetPrescaler  pt32x0xx_rcc.o
    0x00000ce0   0x00000ce0   0x0000003c   Code   RO          694    .text.RCC_SetMCOSource  pt32x0xx_rcc.o
    0x00000d1c   0x00000d1c   0x0000001e   Code   RO           12    .text.SystemInit    system_ptm280x.o
    0x00000d3a   0x00000d3a   0x00000002   PAD
    0x00000d3c   0x00000d3c   0x000000a8   Code   RO          881    .text.UART_BaudRateConfig  pt32x0xx_uart.o
    0x00000de4   0x00000de4   0x00000054   Code   RO          889    .text.UART_Cmd      pt32x0xx_uart.o
    0x00000e38   0x00000e38   0x00000130   Code   RO          879    .text.UART_Init     pt32x0xx_uart.o
    0x00000f68   0x00000f68   0x00000044   Code   RO          927    .text.UART_SendData  pt32x0xx_uart.o
    0x00000fac   0x00000fac   0x00000004   Code   RO           69    .text.assert_failed  cmix_board.o
    0x00000fb0   0x00000fb0   0x00000038   Code   RO          105    .text.main          cmix_main.o
    0x00000fe8   0x00000fe8   0x0000000e   Code   RO         1007    i.__scatterload_copy  mc_p.l(handlers.o)
    0x00000ff6   0x00000ff6   0x00000002   Code   RO         1008    i.__scatterload_null  mc_p.l(handlers.o)
    0x00000ff8   0x00000ff8   0x0000000e   Code   RO         1009    i.__scatterload_zeroinit  mc_p.l(handlers.o)
    0x00001006   0x00001006   0x00000002   PAD
    0x00001008   0x00001008   0x0000000c   Data   RO          124    .rodata.CMix_Pin_Cell1_Tap  cmix_pinmap.o
    0x00001014   0x00001014   0x0000000c   Data   RO          125    .rodata.CMix_Pin_Cell2_Tap  cmix_pinmap.o
    0x00001020   0x00001020   0x0000000c   Data   RO          126    .rodata.CMix_Pin_Cell3_Tap  cmix_pinmap.o
    0x0000102c   0x0000102c   0x0000000c   Data   RO          122    .rodata.CMix_Pin_IBat_Sense  cmix_pinmap.o
    0x00001038   0x00001038   0x0000000c   Data   RO          123    .rodata.CMix_Pin_IOut_Sense  cmix_pinmap.o
    0x00001044   0x00001044   0x0000000c   Data   RO          129    .rodata.CMix_Pin_NTC1  cmix_pinmap.o
    0x00001050   0x00001050   0x0000000c   Data   RO          130    .rodata.CMix_Pin_NTC2  cmix_pinmap.o
    0x0000105c   0x0000105c   0x0000000c   Data   RO          132    .rodata.CMix_Pin_NTC_Mux_Out  cmix_pinmap.o
    0x00001068   0x00001068   0x0000000c   Data   RO          134    .rodata.CMix_Pin_UART_Rx  cmix_pinmap.o
    0x00001074   0x00001074   0x0000000c   Data   RO          133    .rodata.CMix_Pin_UART_Tx  cmix_pinmap.o
    0x00001080   0x00001080   0x0000000c   Data   RO          127    .rodata.CMix_Pin_VOut_Bus  cmix_pinmap.o
    0x0000108c   0x0000108c   0x0000000c   Data   RO          128    .rodata.CMix_Pin_VPack_Total  cmix_pinmap.o
    0x00001098   0x00001098   0x00000050   Data   RO           73    .rodata.s_adc_sequence  cmix_board.o
    0x000010e8   0x000010e8   0x00000210   Data   RO          116    .rodata.str1.1      cmix_pinmap.o
    0x000012f8   0x000012f8   0x00000035   Data   RO          282    .rodata.str1.1      pt32x0xx_adc.o
    0x0000132d   0x0000132d   0x00000036   Data   RO          458    .rodata.str1.1      pt32x0xx_gpio.o
    0x00001363   0x00001363   0x00000035   Data   RO          487    .rodata.str1.1      pt32x0xx_i2c.o
    0x00001398   0x00001398   0x00000036   Data   RO          524    .rodata.str1.1      pt32x0xx_ifmc.o
    0x000013ce   0x000013ce   0x00000035   Data   RO          728    .rodata.str1.1      pt32x0xx_rcc.o
    0x00001403   0x00001403   0x00000036   Data   RO          941    .rodata.str1.1      pt32x0xx_uart.o
    0x00001439   0x00001439   0x00000003   PAD
    0x0000143c   0x0000143c   0x00000010   Data   RO         1006    Region$$Table       anon$$obj.o


    Execution Region RW_IRAM1 (Exec base: 0x20000000, Load base: 0x0000144c, Size: 0x00000410, Max: 0x00002000, ABSOLUTE)

    Exec Addr    Load Addr    Size         Type   Attr      Idx    E Section Name        Object

    0x20000000        -       0x00000004   Zero   RW          153    .bss.CMix_I2C_Master_Write.count  cmix_i2c.o
    0x20000004        -       0x00000008   Zero   RW          156    .bss.i2c_tx_buffer  cmix_i2c.o
    0x2000000c   0x0000144c   0x00000004   PAD
    0x20000010        -       0x00000400   Zero   RW           21    STACK               startup_ptm280x.o


==============================================================================

Image component sizes


      Code (inc. data)   RO Data    RW Data    ZI Data      Debug   Object Name

       506         32         80          0          0      12959   cmix_board.o
       316         12          0          0         12       3301   cmix_i2c.o
        56          4          0          0          0       3033   cmix_main.o
         0          0        672          0          0       2380   cmix_pinmap.o
       610         36         53          0          0      15335   pt32x0xx_adc.o
       376         60         54          0          0       5088   pt32x0xx_gpio.o
       404         24         53          0          0       3770   pt32x0xx_i2c.o
        36          4         54          0          0       6069   pt32x0xx_ifmc.o
       624         60         53          0          0      10904   pt32x0xx_rcc.o
       624         56         54          0          0      12217   pt32x0xx_uart.o
       220        200          0          0       1024       1040   startup_ptm280x.o
       162         60          0          0          0       2581   system_ptm280x.o

    ----------------------------------------------------------------------
      3940        548       1092          0       1040      78677   Object Totals
         0          0         16          0          0          0   (incl. Generated)
         6          0          3          0          4          0   (incl. Padding)

    ----------------------------------------------------------------------

      Code (inc. data)   RO Data    RW Data    ZI Data      Debug   Library Member Name

         0          0          0          0          0          0   entry.o
         0          0          0          0          0          0   entry10a.o
         0          0          0          0          0          0   entry11a.o
         8          4          0          0          0          0   entry2.o
         4          0          0          0          0          0   entry5.o
         0          0          0          0          0          0   entry7b.o
         0          0          0          0          0          0   entry8b.o
         8          4          0          0          0          0   entry9a.o
        30          0          0          0          0          0   handlers.o
        48         10          0          0          0         68   init.o
        62          0          0          0          0         72   uidiv_div0.o

    ----------------------------------------------------------------------
       164         18          0          0          0        140   Library Totals
         4          0          0          0          0          0   (incl. Padding)

    ----------------------------------------------------------------------

      Code (inc. data)   RO Data    RW Data    ZI Data      Debug   Library Name

       160         18          0          0          0        140   mc_p.l

    ----------------------------------------------------------------------
       164         18          0          0          0        140   Library Totals

    ----------------------------------------------------------------------

==============================================================================


      Code (inc. data)   RO Data    RW Data    ZI Data      Debug   

      4104        566       1092          0       1040      78789   Grand Totals
      4104        566       1092          0       1040      78789   ELF Image Totals
      4104        566       1092          0          0          0   ROM Totals

==============================================================================

    Total RO  Size (Code + RO Data)                 5196 (   5.07kB)
    Total RW  Size (RW Data + ZI Data)              1040 (   1.02kB)
    Total ROM Size (Code + RO Data + RW Data)       5196 (   5.07kB)

==============================================================================

