<html>
<body>
<pre>
<h1>µVision Build Log</h1>
<h2>Tool Versions:</h2>
IDE-Version: ¦ÌVision V5.41.0.0
Copyright (C) 2024 ARM Ltd and ARM Germany GmbH. All rights reserved.
License Information: li xx2j@hotmail.com, li, LIC=MPPLD-8FSRG-BS2YX-HXPCV-E9BM3-V6GMY
 
Tool Versions:
Toolchain:       MDK-ARM Plus  Version: 5.41.0.0
Toolchain Path:  C:\Users\xx2j\AppData\Local\Keil_v5\ARM\ARMCLANG\Bin
C Compiler:      ArmClang.exe V6.22
Assembler:       Armasm.exe V6.22
Linker/Locator:  ArmLink.exe V6.22
Library Manager: ArmAr.exe V6.22
Hex Converter:   FromElf.exe V6.22
CPU DLL:         SARMCM3.DLL V5.41.0.0
Dialog DLL:      DARMCM1.DLL V1.19.6.0
Target DLL:      Segger\JL2CM3.dll V2.99.45.0
Dialog DLL:      TARMCM1.DLL V1.14.6.0
 
<h2>Project:</h2>
C:\iCloud\iCloudDrive\C-MIX\SourceCode\Boost\PT32x0xx_DFP\0.6.0\stdperiph_lib\PTM280x_StdPeriph\Template_i2c\MDK\Project.uvprojx
Project File Date:  09/28/2025

<h2>Output:</h2>
*** Using Compiler 'V6.22', folder: 'C:\Users\xx2j\AppData\Local\Keil_v5\ARM\ARMCLANG\Bin'
Rebuild target 'Porject'
assembling startup_PTM280x.s...
compiling PT32x0xx_exti.c...
compiling PT32x0xx_es.c...
compiling PT32x0xx_crc.c...
compiling system_PTM280x.c...
compiling PT32x0xx_retarget.c...
compiling main.c...
compiling PT32x0xx_dma.c...
compiling PT32x0xx_i2c.c...
compiling PT32x0xx_gpio.c...
compiling PT32x0xx_cmp.c...
compiling PT32x0xx_ifmc.c...
compiling PT32x0xx_adc.c...
compiling PT32x0xx_iwdg.c...
compiling PT32x0xx_ldac.c...
compiling PT32x0xx_nvic.c...
compiling PT32x0xx_opa.c...
compiling PT32x0xx_pwr.c...
compiling PT32x0xx_syscfg.c...
compiling PT32x0xx_spi.c...
compiling PT32x0xx_rcc.c...
compiling PT32x0xx_uart.c...
compiling PT32x0xx_tim.c...
linking...
Program Size: Code=3588 RO-data=308 RW-data=12 ZI-data=1124  
".\Out\Project.axf" - 0 Error(s), 0 Warning(s).

<h2>Software Packages used:</h2>

Package Vendor: PAI-IC
                
                PAI-IC::PT32x0xx_DFP@0.6.0
                PT32x0xx ARM Cortex-M0 Device Family Pack

<h2>Collection of Component include folders:</h2>
  C:/Users/xx2j/AppData/Local/Arm/Packs/PAI-IC/PT32x0xx_DFP/0.6.0/stdperiph_lib/Libraries/PT32x0xx_FWLib/inc

<h2>Collection of Component Files used:</h2>
Build Time Elapsed:  00:00:01
</pre>
</body>
</html>
