Component: Arm Compiler for Embedded 6.22 Tool: armlink [5ee90200]

==============================================================================

Section Cross References

    system_ptm280x.o(.ARM.exidx.text.Wait_ClockReady) refers to system_ptm280x.o(.text.Wait_ClockReady) for [Anonymous Symbol]
    system_ptm280x.o(.ARM.exidx.text.CLOCK_Cmd) refers to system_ptm280x.o(.text.CLOCK_Cmd) for [Anonymous Symbol]
    system_ptm280x.o(.text.CLOCK_SystemClockConfig) refers to pt32x0xx_rcc.o(.text.RCC_HCLKSetPrescaler) for RCC_HCLKSetPrescaler
    system_ptm280x.o(.text.CLOCK_SystemClockConfig) refers to pt32x0xx_rcc.o(.text.RCC_PCLKSetPrescaler) for RCC_PCLKSetPrescaler
    system_ptm280x.o(.ARM.exidx.text.CLOCK_SystemClockConfig) refers to system_ptm280x.o(.text.CLOCK_SystemClockConfig) for [Anonymous Symbol]
    system_ptm280x.o(.text.CLOCK_MCOConfig) refers to pt32x0xx_rcc.o(.text.RCC_SetMCOSource) for RCC_SetMCOSource
    system_ptm280x.o(.ARM.exidx.text.CLOCK_MCOConfig) refers to system_ptm280x.o(.text.CLOCK_MCOConfig) for [Anonymous Symbol]
    system_ptm280x.o(.text.GetClockFreq) refers to main.o(.text.assert_failed) for assert_failed
    system_ptm280x.o(.text.GetClockFreq) refers to uidiv_div0.o(.text) for __aeabi_uidiv
    system_ptm280x.o(.ARM.exidx.text.GetClockFreq) refers to system_ptm280x.o(.text.GetClockFreq) for [Anonymous Symbol]
    system_ptm280x.o(.text.SystemInit) refers to pt32x0xx_rcc.o(.text.RCC_HCLKSetPrescaler) for RCC_HCLKSetPrescaler
    system_ptm280x.o(.text.SystemInit) refers to pt32x0xx_rcc.o(.text.RCC_PCLKSetPrescaler) for RCC_PCLKSetPrescaler
    system_ptm280x.o(.text.SystemInit) refers to pt32x0xx_ifmc.o(.text.IFMC_SetLatency) for IFMC_SetLatency
    system_ptm280x.o(.text.SystemInit) refers to pt32x0xx_rcc.o(.text.RCC_SetMCOSource) for RCC_SetMCOSource
    system_ptm280x.o(.ARM.exidx.text.SystemInit) refers to system_ptm280x.o(.text.SystemInit) for [Anonymous Symbol]
    startup_ptm280x.o(RESET) refers to startup_ptm280x.o(STACK) for __initial_sp
    startup_ptm280x.o(RESET) refers to startup_ptm280x.o(.text) for Reset_Handler
    startup_ptm280x.o(.text) refers to system_ptm280x.o(.text.SystemInit) for SystemInit
    startup_ptm280x.o(.text) refers to entry.o(.ARM.Collect$$$$00000000) for __main
    main.o(.ARM.exidx.text.Software_Delay) refers to main.o(.text.Software_Delay) for [Anonymous Symbol]
    main.o(.ARM.exidx.text.CMix_Hardware_Delay_ms) refers to main.o(.text.CMix_Hardware_Delay_ms) for [Anonymous Symbol]
    main.o(.text.UART_GPIO_Config) refers to pt32x0xx_gpio.o(.text.GPIO_DigitalRemapConfig) for GPIO_DigitalRemapConfig
    main.o(.ARM.exidx.text.UART_GPIO_Config) refers to main.o(.text.UART_GPIO_Config) for [Anonymous Symbol]
    main.o(.text.UART_Mode_Config) refers to pt32x0xx_uart.o(.text.UART_Init) for UART_Init
    main.o(.text.UART_Mode_Config) refers to pt32x0xx_uart.o(.text.UART_Cmd) for UART_Cmd
    main.o(.ARM.exidx.text.UART_Mode_Config) refers to main.o(.text.UART_Mode_Config) for [Anonymous Symbol]
    main.o(.text.UART_Driver) refers to pt32x0xx_uart.o(.text.UART_Init) for UART_Init
    main.o(.text.UART_Driver) refers to pt32x0xx_uart.o(.text.UART_Cmd) for UART_Cmd
    main.o(.text.UART_Driver) refers to pt32x0xx_gpio.o(.text.GPIO_DigitalRemapConfig) for GPIO_DigitalRemapConfig
    main.o(.ARM.exidx.text.UART_Driver) refers to main.o(.text.UART_Driver) for [Anonymous Symbol]
    main.o(.text.I2C_GPIO_Config) refers to pt32x0xx_gpio.o(.text.GPIO_Init) for GPIO_Init
    main.o(.text.I2C_GPIO_Config) refers to pt32x0xx_gpio.o(.text.GPIO_DigitalRemapConfig) for GPIO_DigitalRemapConfig
    main.o(.ARM.exidx.text.I2C_GPIO_Config) refers to main.o(.text.I2C_GPIO_Config) for [Anonymous Symbol]
    main.o(.text.I2C_Mode_Config) refers to pt32x0xx_i2c.o(.text.I2C_Init) for I2C_Init
    main.o(.ARM.exidx.text.I2C_Mode_Config) refers to main.o(.text.I2C_Mode_Config) for [Anonymous Symbol]
    main.o(.text.I2C_Driver) refers to pt32x0xx_gpio.o(.text.GPIO_Init) for GPIO_Init
    main.o(.text.I2C_Driver) refers to pt32x0xx_gpio.o(.text.GPIO_DigitalRemapConfig) for GPIO_DigitalRemapConfig
    main.o(.text.I2C_Driver) refers to pt32x0xx_i2c.o(.text.I2C_Init) for I2C_Init
    main.o(.ARM.exidx.text.I2C_Driver) refers to main.o(.text.I2C_Driver) for [Anonymous Symbol]
    main.o(.text.I2C_EE_Write) refers to pt32x0xx_i2c.o(.text.I2C_GenerateEvent) for I2C_GenerateEvent
    main.o(.text.I2C_EE_Write) refers to pt32x0xx_i2c.o(.text.I2C_Cmd) for I2C_Cmd
    main.o(.text.I2C_EE_Write) refers to pt32x0xx_i2c.o(.text.I2C_GetFlagStatus) for I2C_GetFlagStatus
    main.o(.text.I2C_EE_Write) refers to pt32x0xx_i2c.o(.text.I2C_SendAddress) for I2C_SendAddress
    main.o(.text.I2C_EE_Write) refers to pt32x0xx_i2c.o(.text.I2C_SendData) for I2C_SendData
    main.o(.text.I2C_EE_Write) refers to main.o(.bss.I2C_EE_Write.count) for [Anonymous Symbol]
    main.o(.ARM.exidx.text.I2C_EE_Write) refers to main.o(.text.I2C_EE_Write) for [Anonymous Symbol]
[...]
    printfa.o(i.__0fprintf) refers to pt32x0xx_retarget.o(.text.fputc) for fputc
    printfa.o(i.__0printf) refers (Special) to iusefp.o(.text) for __I$use$fp
    printfa.o(i.__0printf) refers to printfa.o(i._printf_core) for _printf_core
    printfa.o(i.__0printf) refers to pt32x0xx_retarget.o(.text.fputc) for fputc
    printfa.o(i.__0printf) refers to pt32x0xx_retarget.o(.bss.__stdout) for __stdout
    printfa.o(i.__0snprintf) refers (Special) to iusefp.o(.text) for __I$use$fp
    printfa.o(i.__0snprintf) refers to printfa.o(i._printf_core) for _printf_core
    printfa.o(i.__0snprintf) refers to printfa.o(i._snputc) for _snputc
    printfa.o(i.__0sprintf) refers (Special) to iusefp.o(.text) for __I$use$fp
    printfa.o(i.__0sprintf) refers to printfa.o(i._printf_core) for _printf_core
    printfa.o(i.__0sprintf) refers to printfa.o(i._sputc) for _sputc
    printfa.o(i.__0vfprintf) refers (Special) to iusefp.o(.text) for __I$use$fp
    printfa.o(i.__0vfprintf) refers to printfa.o(i._printf_core) for _printf_core
    printfa.o(i.__0vfprintf) refers to pt32x0xx_retarget.o(.text.fputc) for fputc
    printfa.o(i.__0vprintf) refers (Special) to iusefp.o(.text) for __I$use$fp
    printfa.o(i.__0vprintf) refers to printfa.o(i._printf_core) for _printf_core
    printfa.o(i.__0vprintf) refers to pt32x0xx_retarget.o(.text.fputc) for fputc
    printfa.o(i.__0vprintf) refers to pt32x0xx_retarget.o(.bss.__stdout) for __stdout
    printfa.o(i.__0vsnprintf) refers (Special) to iusefp.o(.text) for __I$use$fp
    printfa.o(i.__0vsnprintf) refers to printfa.o(i._printf_core) for _printf_core
    printfa.o(i.__0vsnprintf) refers to printfa.o(i._snputc) for _snputc
    printfa.o(i.__0vsprintf) refers (Special) to iusefp.o(.text) for __I$use$fp
    printfa.o(i.__0vsprintf) refers to printfa.o(i._printf_core) for _printf_core
    printfa.o(i.__0vsprintf) refers to printfa.o(i._sputc) for _sputc
    printfa.o(i._fp_digits) refers (Special) to iusefp.o(.text) for __I$use$fp
    printfa.o(i._fp_digits) refers to dmul.o(.text) for __aeabi_dmul
    printfa.o(i._fp_digits) refers to ddiv.o(.text) for __aeabi_ddiv
    printfa.o(i._fp_digits) refers to cdrcmple.o(.text) for __aeabi_cdrcmple
    printfa.o(i._fp_digits) refers to dadd.o(.text) for __aeabi_dadd
    printfa.o(i._fp_digits) refers to dfixul.o(.text) for __aeabi_d2ulz
    printfa.o(i._fp_digits) refers to uldiv.o(.text) for __aeabi_uldivmod
    printfa.o(i._printf_core) refers (Special) to iusefp.o(.text) for __I$use$fp
    printfa.o(i._printf_core) refers to printfa.o(i._printf_pre_padding) for _printf_pre_padding
    printfa.o(i._printf_core) refers to uldiv.o(.text) for __aeabi_uldivmod
    printfa.o(i._printf_core) refers to printfa.o(i._printf_post_padding) for _printf_post_padding
    printfa.o(i._printf_core) refers to printfa.o(i._fp_digits) for _fp_digits
    printfa.o(i._printf_core) refers to uidiv_div0.o(.text) for __aeabi_uidivmod
    printfa.o(i._printf_post_padding) refers (Special) to iusefp.o(.text) for __I$use$fp
    printfa.o(i._printf_pre_padding) refers (Special) to iusefp.o(.text) for __I$use$fp
    printfa.o(i._snputc) refers (Special) to iusefp.o(.text) for __I$use$fp
    printfa.o(i._sputc) refers (Special) to iusefp.o(.text) for __I$use$fp
    entry2.o(.ARM.Collect$$$$00000001) refers to entry2.o(.ARM.Collect$$$$00002712) for __lit__00000000
    entry2.o(.ARM.Collect$$$$00002712) refers to startup_ptm280x.o(STACK) for __initial_sp
    entry2.o(__vectab_stack_and_reset_area) refers to startup_ptm280x.o(STACK) for __initial_sp
    entry2.o(__vectab_stack_and_reset_area) refers to entry.o(.ARM.Collect$$$$00000000) for __main
    entry5.o(.ARM.Collect$$$$00000004) refers to init.o(.text) for __scatterload
    entry9a.o(.ARM.Collect$$$$0000000B) refers to main.o(.text.main) for main
    entry9b.o(.ARM.Collect$$$$0000000C) refers to main.o(.text.main) for main
    idiv_div0.o(.text) refers to uidiv_div0.o(.text) for __aeabi_uidivmod
    uldiv.o(.text) refers to llushr.o(.text) for __aeabi_llsr
    uldiv.o(.text) refers to llshl.o(.text) for __aeabi_llsl
    dadd.o(.text) refers (Special) to iusefp.o(.text) for __I$use$fp
    dadd.o(.text) refers to llshl.o(.text) for __aeabi_llsl
    dadd.o(.text) refers to llsshr.o(.text) for __aeabi_lasr
    dadd.o(.text) refers to depilogue.o(.text) for _double_epilogue
    dmul.o(.text) refers (Special) to iusefp.o(.text) for __I$use$fp
    dmul.o(.text) refers to depilogue.o(.text) for _double_epilogue
    ddiv.o(.text) refers (Special) to iusefp.o(.text) for __I$use$fp
    ddiv.o(.text) refers to depilogue.o(.text) for _double_round
    dfixul.o(.text) refers (Special) to iusefp.o(.text) for __I$use$fp
    dfixul.o(.text) refers to llushr.o(.text) for __aeabi_llsr
    dfixul.o(.text) refers to llshl.o(.text) for __aeabi_llsl
    cdrcmple.o(.text) refers (Special) to iusefp.o(.text) for __I$use$fp
    init.o(.text) refers to entry5.o(.ARM.Collect$$$$00000004) for __main_after_scatterload
    depilogue.o(.text) refers (Special) to iusefp.o(.text) for __I$use$fp
    depilogue.o(.text) refers to depilogue.o(i.__ARM_clz) for __ARM_clz
    depilogue.o(.text) refers to llshl.o(.text) for __aeabi_llsl
    depilogue.o(.text) refers to llushr.o(.text) for __aeabi_llsr
    depilogue.o(i.__ARM_clz) refers (Special) to iusefp.o(.text) for __I$use$fp


==============================================================================

Removing Unused input sections from the image.

    Removing system_ptm280x.o(.text), (0 bytes).
    Removing system_ptm280x.o(.text.Wait_ClockReady), (2 bytes).
    Removing system_ptm280x.o(.ARM.exidx.text.Wait_ClockReady), (8 bytes).
    Removing system_ptm280x.o(.text.CLOCK_Cmd), (2 bytes).
    Removing system_ptm280x.o(.ARM.exidx.text.CLOCK_Cmd), (8 bytes).
    Removing system_ptm280x.o(.text.CLOCK_SystemClockConfig), (18 bytes).
    Removing system_ptm280x.o(.ARM.exidx.text.CLOCK_SystemClockConfig), (8 bytes).
    Removing system_ptm280x.o(.text.CLOCK_MCOConfig), (10 bytes).
    Removing system_ptm280x.o(.ARM.exidx.text.CLOCK_MCOConfig), (8 bytes).
    Removing system_ptm280x.o(.ARM.exidx.text.GetClockFreq), (8 bytes).
    Removing system_ptm280x.o(.ARM.exidx.text.SystemInit), (8 bytes).
    Removing startup_ptm280x.o(HEAP), (0 bytes).
    Removing main.o(.text), (0 bytes).
    Removing main.o(.text.Software_Delay), (2 bytes).
    Removing main.o(.ARM.exidx.text.Software_Delay), (8 bytes).
    Removing main.o(.text.CMix_Hardware_Delay_ms), (24 bytes).
    Removing main.o(.ARM.exidx.text.CMix_Hardware_Delay_ms), (8 bytes).
    Removing main.o(.text.UART_GPIO_Config), (40 bytes).
    Removing main.o(.ARM.exidx.text.UART_GPIO_Config), (8 bytes).
    Removing main.o(.text.UART_Mode_Config), (52 bytes).
    Removing main.o(.ARM.exidx.text.UART_Mode_Config), (8 bytes).
    Removing main.o(.text.UART_Driver), (88 bytes).
    Removing main.o(.ARM.exidx.text.UART_Driver), (8 bytes).
    Removing main.o(.text.I2C_GPIO_Config), (64 bytes).
    Removing main.o(.ARM.exidx.text.I2C_GPIO_Config), (8 bytes).
    Removing main.o(.text.I2C_Mode_Config), (28 bytes).
    Removing main.o(.ARM.exidx.text.I2C_Mode_Config), (8 bytes).
    Removing main.o(.text.I2C_Driver), (88 bytes).
    Removing main.o(.ARM.exidx.text.I2C_Driver), (8 bytes).
    Removing main.o(.ARM.exidx.text.I2C_EE_Write), (8 bytes).
    Removing main.o(.text.I2C_EE_Read), (284 bytes).
    Removing main.o(.ARM.exidx.text.I2C_EE_Read), (8 bytes).
    Removing main.o(.text.RCC_Configuration), (28 bytes).
    Removing main.o(.ARM.exidx.text.RCC_Configuration), (8 bytes).
    Removing main.o(.ARM.exidx.text.main), (8 bytes).
    Removing main.o(.ARM.exidx.text.assert_failed), (8 bytes).
    Removing main.o(.bss.arry_read), (10 bytes).
    Removing main.o(.bss.I2C_EE_Read.Read_Count), (4 bytes).
    Removing main.o(.ARM.use_no_argv), (4 bytes).
    Removing pt32x0xx_retarget.o(.text), (0 bytes).
    Removing pt32x0xx_retarget.o(.text._sys_exit), (2 bytes).
    Removing pt32x0xx_retarget.o(.ARM.exidx.text._sys_exit), (8 bytes).
    Removing pt32x0xx_retarget.o(.text._ttywrch), (2 bytes).
    Removing pt32x0xx_retarget.o(.ARM.exidx.text._ttywrch), (8 bytes).
    Removing pt32x0xx_retarget.o(.text._sys_command_string), (2 bytes).
    Removing pt32x0xx_retarget.o(.ARM.exidx.text._sys_command_string), (8 bytes).
    Removing pt32x0xx_retarget.o(.ARM.exidx.text.fputc), (8 bytes).
    Removing pt32x0xx_retarget.o(.text.fgetc), (20 bytes).
    Removing pt32x0xx_retarget.o(.ARM.exidx.text.fgetc), (8 bytes).
    Removing pt32x0xx_adc.o(.text), (0 bytes).
    Removing pt32x0xx_adc.o(.text.ADC_Init), (220 bytes).
    Removing pt32x0xx_adc.o(.ARM.exidx.text.ADC_Init), (8 bytes).
    Removing pt32x0xx_adc.o(.text.ADC_StructInit), (20 bytes).
    Removing pt32x0xx_adc.o(.ARM.exidx.text.ADC_StructInit), (8 bytes).
    Removing pt32x0xx_adc.o(.text.ADC_Cmd), (56 bytes).
    Removing pt32x0xx_adc.o(.ARM.exidx.text.ADC_Cmd), (8 bytes).
    Removing pt32x0xx_adc.o(.text.ADC_StartOfRegularConversion), (36 bytes).
    Removing pt32x0xx_adc.o(.ARM.exidx.text.ADC_StartOfRegularConversion), (8 bytes).
    Removing pt32x0xx_adc.o(.text.ADC_StartOfInjectedConversion), (40 bytes).
    Removing pt32x0xx_adc.o(.ARM.exidx.text.ADC_StartOfInjectedConversion), (8 bytes).
    Removing pt32x0xx_adc.o(.text.ADC_ModeConfig), (52 bytes).
    Removing pt32x0xx_adc.o(.ARM.exidx.text.ADC_ModeConfig), (8 bytes).
    Removing pt32x0xx_adc.o(.text.ADC_AlignConfig), (56 bytes).
    Removing pt32x0xx_adc.o(.ARM.exidx.text.ADC_AlignConfig), (8 bytes).
    Removing pt32x0xx_adc.o(.text.ADC_DMACmd), (60 bytes).
    Removing pt32x0xx_adc.o(.ARM.exidx.text.ADC_DMACmd), (8 bytes).
    Removing pt32x0xx_adc.o(.text.ADC_ConversionControlConfig), (68 bytes).
    Removing pt32x0xx_adc.o(.ARM.exidx.text.ADC_ConversionControlConfig), (8 bytes).
    Removing pt32x0xx_adc.o(.text.ADC_SingleConversionCountControl), (60 bytes).
    Removing pt32x0xx_adc.o(.ARM.exidx.text.ADC_SingleConversionCountControl), (8 bytes).
    Removing pt32x0xx_adc.o(.text.ADC_RegularTriggerSource), (72 bytes).
    Removing pt32x0xx_adc.o(.ARM.exidx.text.ADC_RegularTriggerSource), (8 bytes).
    Removing pt32x0xx_adc.o(.text.ADC_RegularTimerTriggerSource), (72 bytes).
    Removing pt32x0xx_adc.o(.ARM.exidx.text.ADC_RegularTimerTriggerSource), (8 bytes).
    Removing pt32x0xx_adc.o(.text.ADC_DigitalFilterConfig), (76 bytes).
    Removing pt32x0xx_adc.o(.ARM.exidx.text.ADC_DigitalFilterConfig), (8 bytes).
    Removing pt32x0xx_adc.o(.text.ADC_RegularScanCmd), (60 bytes).
    Removing pt32x0xx_adc.o(.ARM.exidx.text.ADC_RegularScanCmd), (8 bytes).
    Removing pt32x0xx_adc.o(.text.ADC_InjectedScanCmd), (64 bytes).
    Removing pt32x0xx_adc.o(.ARM.exidx.text.ADC_InjectedScanCmd), (8 bytes).
    Removing pt32x0xx_adc.o(.text.ADC_InjectedTriggerSource), (72 bytes).
    Removing pt32x0xx_adc.o(.ARM.exidx.text.ADC_InjectedTriggerSource), (8 bytes).
    Removing pt32x0xx_adc.o(.text.ADC_InjectedTimerTriggerSource), (72 bytes).
    Removing pt32x0xx_adc.o(.ARM.exidx.text.ADC_InjectedTimerTriggerSource), (8 bytes).
    Removing pt32x0xx_adc.o(.text.ADC_RSCNTConfig), (24 bytes).
    Removing pt32x0xx_adc.o(.ARM.exidx.text.ADC_RSCNTConfig), (8 bytes).
    Removing pt32x0xx_adc.o(.text.ADC_JSCNTConfig), (72 bytes).
    Removing pt32x0xx_adc.o(.ARM.exidx.text.ADC_JSCNTConfig), (8 bytes).
    Removing pt32x0xx_adc.o(.text.ADC_RVSPSConfig), (56 bytes).
    Removing pt32x0xx_adc.o(.ARM.exidx.text.ADC_RVSPSConfig), (8 bytes).
    Removing pt32x0xx_adc.o(.text.ADC_BGREFCmd), (64 bytes).
    Removing pt32x0xx_adc.o(.ARM.exidx.text.ADC_BGREFCmd), (8 bytes).
    Removing pt32x0xx_adc.o(.text.ADC_BGREFSourceConfig), (64 bytes).
    Removing pt32x0xx_adc.o(.ARM.exidx.text.ADC_BGREFSourceConfig), (8 bytes).
    Removing pt32x0xx_adc.o(.text.ADC_BGREFOutputCmd), (64 bytes).
    Removing pt32x0xx_adc.o(.ARM.exidx.text.ADC_BGREFOutputCmd), (8 bytes).
    Removing pt32x0xx_adc.o(.text.ADC_KeyValueConfig), (72 bytes).
    Removing pt32x0xx_adc.o(.ARM.exidx.text.ADC_KeyValueConfig), (8 bytes).
    Removing pt32x0xx_adc.o(.text.ADC_BG2v0OffsetTrimValueConfig), (72 bytes).
    Removing pt32x0xx_adc.o(.ARM.exidx.text.ADC_BG2v0OffsetTrimValueConfig), (8 bytes).
    Removing pt32x0xx_adc.o(.text.ADC_GetBG2v0TrimValue), (36 bytes).
    Removing pt32x0xx_adc.o(.ARM.exidx.text.ADC_GetBG2v0TrimValue), (8 bytes).
    Removing pt32x0xx_adc.o(.text.ADC_BG4v0OffsetTrimValueConfig), (72 bytes).
    Removing pt32x0xx_adc.o(.ARM.exidx.text.ADC_BG4v0OffsetTrimValueConfig), (8 bytes).
    Removing pt32x0xx_adc.o(.text.ADC_GetBG4v0TrimValue), (36 bytes).
    Removing pt32x0xx_adc.o(.ARM.exidx.text.ADC_GetBG4v0TrimValue), (8 bytes).
    Removing pt32x0xx_adc.o(.text.ADC_GetBGTFFlagStatus), (40 bytes).
    Removing pt32x0xx_adc.o(.ARM.exidx.text.ADC_GetBGTFFlagStatus), (8 bytes).
    Removing pt32x0xx_adc.o(.text.ADC_InputNegative), (52 bytes).
    Removing pt32x0xx_adc.o(.ARM.exidx.text.ADC_InputNegative), (8 bytes).
    Removing pt32x0xx_adc.o(.text.ADC_ChannelConfig), (104 bytes).
    Removing pt32x0xx_adc.o(.ARM.exidx.text.ADC_ChannelConfig), (8 bytes).
    Removing pt32x0xx_adc.o(.text.ADC_Prescaler), (60 bytes).
    Removing pt32x0xx_adc.o(.ARM.exidx.text.ADC_Prescaler), (8 bytes).
    Removing pt32x0xx_adc.o(.text.ADC_ReadyTimeConfig), (60 bytes).
    Removing pt32x0xx_adc.o(.ARM.exidx.text.ADC_ReadyTimeConfig), (8 bytes).
    Removing pt32x0xx_adc.o(.text.ADC_ChannelSetupTimeConfig), (64 bytes).
    Removing pt32x0xx_adc.o(.ARM.exidx.text.ADC_ChannelSetupTimeConfig), (8 bytes).
    Removing pt32x0xx_adc.o(.text.ADC_SampleTimeConfig), (64 bytes).
    Removing pt32x0xx_adc.o(.ARM.exidx.text.ADC_SampleTimeConfig), (8 bytes).
    Removing pt32x0xx_adc.o(.text.ADC_ITConfig), (100 bytes).
    Removing pt32x0xx_adc.o(.ARM.exidx.text.ADC_ITConfig), (8 bytes).
    Removing pt32x0xx_adc.o(.text.ADC_GetFlagStatus), (68 bytes).
    Removing pt32x0xx_adc.o(.ARM.exidx.text.ADC_GetFlagStatus), (8 bytes).
    Removing pt32x0xx_adc.o(.text.ADC_ClearFlag), (52 bytes).
    Removing pt32x0xx_adc.o(.ARM.exidx.text.ADC_ClearFlag), (8 bytes).
    Removing pt32x0xx_adc.o(.text.ADC_GetAnalogWatchdogChannel), (48 bytes).
    Removing pt32x0xx_adc.o(.ARM.exidx.text.ADC_GetAnalogWatchdogChannel), (8 bytes).
    Removing pt32x0xx_adc.o(.text.ADC_AnalogWatchdogCmd), (60 bytes).
    Removing pt32x0xx_adc.o(.ARM.exidx.text.ADC_AnalogWatchdogCmd), (8 bytes).
    Removing pt32x0xx_adc.o(.text.ADC_AnalogWatchdogChannelControl), (64 bytes).
    Removing pt32x0xx_adc.o(.ARM.exidx.text.ADC_AnalogWatchdogChannelControl), (8 bytes).
    Removing pt32x0xx_adc.o(.text.ADC_AnalogWatchdogChannelSelect), (104 bytes).
    Removing pt32x0xx_adc.o(.ARM.exidx.text.ADC_AnalogWatchdogChannelSelect), (8 bytes).
    Removing pt32x0xx_adc.o(.text.ADC_AnalogWatchdogLowerThreshold), (64 bytes).
    Removing pt32x0xx_adc.o(.ARM.exidx.text.ADC_AnalogWatchdogLowerThreshold), (8 bytes).
    Removing pt32x0xx_adc.o(.text.ADC_AnalogWatchdogHigherThreshold), (60 bytes).
    Removing pt32x0xx_adc.o(.ARM.exidx.text.ADC_AnalogWatchdogHigherThreshold), (8 bytes).
    Removing pt32x0xx_adc.o(.text.ADC_GetConversionValue), (36 bytes).
    Removing pt32x0xx_adc.o(.ARM.exidx.text.ADC_GetConversionValue), (8 bytes).
    Removing pt32x0xx_adc.o(.text.ADC_ScanChannelConfig), (30 bytes).
    Removing pt32x0xx_adc.o(.ARM.exidx.text.ADC_ScanChannelConfig), (8 bytes).
    Removing pt32x0xx_adc.o(.text.ADC_InjectScanChannelConfig), (136 bytes).
    Removing pt32x0xx_adc.o(.ARM.exidx.text.ADC_InjectScanChannelConfig), (8 bytes).
    Removing pt32x0xx_adc.o(.text.ADC_GetRegularScanConversionValue), (60 bytes).
    Removing pt32x0xx_adc.o(.ARM.exidx.text.ADC_GetRegularScanConversionValue), (8 bytes).
    Removing pt32x0xx_adc.o(.text.ADC_GetInjectScanConversionValue), (60 bytes).
    Removing pt32x0xx_adc.o(.ARM.exidx.text.ADC_GetInjectScanConversionValue), (8 bytes).
    Removing pt32x0xx_adc.o(.rodata.str1.1), (53 bytes).
    Removing pt32x0xx_cmp.o(.text), (0 bytes).
    Removing pt32x0xx_cmp.o(.text.CMP_Init), (176 bytes).
    Removing pt32x0xx_cmp.o(.ARM.exidx.text.CMP_Init), (8 bytes).
    Removing pt32x0xx_cmp.o(.text.CMP_StructInit), (14 bytes).
    Removing pt32x0xx_cmp.o(.ARM.exidx.text.CMP_StructInit), (8 bytes).
    Removing pt32x0xx_cmp.o(.text.CMP_Cmd), (68 bytes).
    Removing pt32x0xx_cmp.o(.ARM.exidx.text.CMP_Cmd), (8 bytes).
    Removing pt32x0xx_cmp.o(.text.CMP_PowerModeConfig), (56 bytes).
    Removing pt32x0xx_cmp.o(.ARM.exidx.text.CMP_PowerModeConfig), (8 bytes).
    Removing pt32x0xx_cmp.o(.text.CMP_OutputPolarityConfig), (60 bytes).
    Removing pt32x0xx_cmp.o(.ARM.exidx.text.CMP_OutputPolarityConfig), (8 bytes).
    Removing pt32x0xx_cmp.o(.text.CMP_HysteresisCmd), (72 bytes).
    Removing pt32x0xx_cmp.o(.ARM.exidx.text.CMP_HysteresisCmd), (8 bytes).
    Removing pt32x0xx_cmp.o(.text.CMP_NegativeIntputConfig), (72 bytes).
    Removing pt32x0xx_cmp.o(.ARM.exidx.text.CMP_NegativeIntputConfig), (8 bytes).
    Removing pt32x0xx_cmp.o(.text.CMP_DigitalFilterConfig), (76 bytes).
    Removing pt32x0xx_cmp.o(.ARM.exidx.text.CMP_DigitalFilterConfig), (8 bytes).
    Removing pt32x0xx_cmp.o(.text.CMP_HysteresisVoltageConfig), (68 bytes).
    Removing pt32x0xx_cmp.o(.ARM.exidx.text.CMP_HysteresisVoltageConfig), (8 bytes).
    Removing pt32x0xx_cmp.o(.text.CMP_PositiveIntputConfig), (80 bytes).
    Removing pt32x0xx_cmp.o(.ARM.exidx.text.CMP_PositiveIntputConfig), (8 bytes).
    Removing pt32x0xx_cmp.o(.text.CMP_OutputSynchronization), (76 bytes).
    Removing pt32x0xx_cmp.o(.ARM.exidx.text.CMP_OutputSynchronization), (8 bytes).
    Removing pt32x0xx_cmp.o(.text.CMP_OutputPWMPolarityConfig), (68 bytes).
    Removing pt32x0xx_cmp.o(.ARM.exidx.text.CMP_OutputPWMPolarityConfig), (8 bytes).
    Removing pt32x0xx_cmp.o(.text.CMP_OutputPWMConfig), (88 bytes).
    Removing pt32x0xx_cmp.o(.ARM.exidx.text.CMP_OutputPWMConfig), (8 bytes).
    Removing pt32x0xx_cmp.o(.text.CMP_ITConfig), (96 bytes).
    Removing pt32x0xx_cmp.o(.ARM.exidx.text.CMP_ITConfig), (8 bytes).
    Removing pt32x0xx_cmp.o(.text.CMP_GetFlagStatus), (80 bytes).
    Removing pt32x0xx_cmp.o(.ARM.exidx.text.CMP_GetFlagStatus), (8 bytes).
    Removing pt32x0xx_cmp.o(.text.CMP_ClearFlag), (60 bytes).
    Removing pt32x0xx_cmp.o(.ARM.exidx.text.CMP_ClearFlag), (8 bytes).
    Removing pt32x0xx_cmp.o(.text.CMP_GetITStatus), (76 bytes).
    Removing pt32x0xx_cmp.o(.ARM.exidx.text.CMP_GetITStatus), (8 bytes).
    Removing pt32x0xx_cmp.o(.text.CMP_GetPositiveIntput), (48 bytes).
    Removing pt32x0xx_cmp.o(.ARM.exidx.text.CMP_GetPositiveIntput), (8 bytes).
    Removing pt32x0xx_cmp.o(.text.CMP_InitializationDelayTime), (76 bytes).
    Removing pt32x0xx_cmp.o(.ARM.exidx.text.CMP_InitializationDelayTime), (8 bytes).
    Removing pt32x0xx_cmp.o(.text.CMP_SetClockDivision), (64 bytes).
    Removing pt32x0xx_cmp.o(.ARM.exidx.text.CMP_SetClockDivision), (8 bytes).
    Removing pt32x0xx_cmp.o(.text.CMP_ScanQueueConfig), (60 bytes).
    Removing pt32x0xx_cmp.o(.ARM.exidx.text.CMP_ScanQueueConfig), (8 bytes).
    Removing pt32x0xx_cmp.o(.text.CMP_ScanTimeConfig), (64 bytes).
    Removing pt32x0xx_cmp.o(.ARM.exidx.text.CMP_ScanTimeConfig), (8 bytes).
    Removing pt32x0xx_cmp.o(.rodata.str1.1), (53 bytes).
    Removing pt32x0xx_crc.o(.text), (0 bytes).
    Removing pt32x0xx_crc.o(.text.CRC_Init), (180 bytes).
    Removing pt32x0xx_crc.o(.ARM.exidx.text.CRC_Init), (8 bytes).
    Removing pt32x0xx_crc.o(.text.CRC_StructInit), (28 bytes).
    Removing pt32x0xx_crc.o(.ARM.exidx.text.CRC_StructInit), (8 bytes).
    Removing pt32x0xx_crc.o(.text.CRC_Cmd), (56 bytes).
    Removing pt32x0xx_crc.o(.ARM.exidx.text.CRC_Cmd), (8 bytes).
    Removing pt32x0xx_crc.o(.text.CRC_ResetDout), (36 bytes).
    Removing pt32x0xx_crc.o(.ARM.exidx.text.CRC_ResetDout), (8 bytes).
    Removing pt32x0xx_crc.o(.text.CRC_SetSeed), (32 bytes).
    Removing pt32x0xx_crc.o(.ARM.exidx.text.CRC_SetSeed), (8 bytes).
    Removing pt32x0xx_crc.o(.text.CRC_SetPoly), (60 bytes).
    Removing pt32x0xx_crc.o(.ARM.exidx.text.CRC_SetPoly), (8 bytes).
    Removing pt32x0xx_crc.o(.text.CRC_CalculateCRC), (36 bytes).
    Removing pt32x0xx_crc.o(.ARM.exidx.text.CRC_CalculateCRC), (8 bytes).
    Removing pt32x0xx_crc.o(.text.CRC_CalculateBlockCRC), (52 bytes).
    Removing pt32x0xx_crc.o(.ARM.exidx.text.CRC_CalculateBlockCRC), (8 bytes).
    Removing pt32x0xx_crc.o(.text.CRC_GetCRC), (32 bytes).
    Removing pt32x0xx_crc.o(.ARM.exidx.text.CRC_GetCRC), (8 bytes).
    Removing pt32x0xx_crc.o(.rodata.str1.1), (53 bytes).
    Removing pt32x0xx_dma.o(.text), (0 bytes).
    Removing pt32x0xx_dma.o(.text.DMA_Init), (272 bytes).
    Removing pt32x0xx_dma.o(.ARM.exidx.text.DMA_Init), (8 bytes).
    Removing pt32x0xx_dma.o(.text.DMA_StructInit), (44 bytes).
    Removing pt32x0xx_dma.o(.ARM.exidx.text.DMA_StructInit), (8 bytes).
    Removing pt32x0xx_dma.o(.text.DMA_Cmd), (68 bytes).
    Removing pt32x0xx_dma.o(.ARM.exidx.text.DMA_Cmd), (8 bytes).
    Removing pt32x0xx_dma.o(.text.DMA_GetCurrentSourceAddress), (44 bytes).
    Removing pt32x0xx_dma.o(.ARM.exidx.text.DMA_GetCurrentSourceAddress), (8 bytes).
    Removing pt32x0xx_dma.o(.text.DMA_GetCurrentDestinationAddress), (44 bytes).
    Removing pt32x0xx_dma.o(.ARM.exidx.text.DMA_GetCurrentDestinationAddress), (8 bytes).
    Removing pt32x0xx_dma.o(.text.DMA_GetNumberOfData), (40 bytes).
    Removing pt32x0xx_dma.o(.ARM.exidx.text.DMA_GetNumberOfData), (8 bytes).
    Removing pt32x0xx_dma.o(.text.DMA_ITConfig), (88 bytes).
    Removing pt32x0xx_dma.o(.ARM.exidx.text.DMA_ITConfig), (8 bytes).
    Removing pt32x0xx_dma.o(.text.DMA_ClearITFlag), (60 bytes).
    Removing pt32x0xx_dma.o(.ARM.exidx.text.DMA_ClearITFlag), (8 bytes).
    Removing pt32x0xx_dma.o(.text.DMA_GetFlagStatus), (64 bytes).
    Removing pt32x0xx_dma.o(.ARM.exidx.text.DMA_GetFlagStatus), (8 bytes).
    Removing pt32x0xx_dma.o(.text.DMA_PeripheralConfig), (312 bytes).
    Removing pt32x0xx_dma.o(.ARM.exidx.text.DMA_PeripheralConfig), (8 bytes).
    Removing pt32x0xx_dma.o(.rodata.str1.1), (53 bytes).
    Removing pt32x0xx_es.o(.text), (0 bytes).
    Removing pt32x0xx_es.o(.text.ES_GetChipInfo), (12 bytes).
    Removing pt32x0xx_es.o(.ARM.exidx.text.ES_GetChipInfo), (8 bytes).
    Removing pt32x0xx_es.o(.text.ES_GetCID), (32 bytes).
    Removing pt32x0xx_es.o(.ARM.exidx.text.ES_GetCID), (8 bytes).
    Removing pt32x0xx_es.o(.text.ES_GetUserDefinedInfo), (32 bytes).
    Removing pt32x0xx_es.o(.ARM.exidx.text.ES_GetUserDefinedInfo), (8 bytes).
    Removing pt32x0xx_es.o(.text.ES_SetUserDefinedInfo), (44 bytes).
    Removing pt32x0xx_es.o(.ARM.exidx.text.ES_SetUserDefinedInfo), (8 bytes).
    Removing pt32x0xx_es.o(.rodata.str1.1), (52 bytes).
    Removing pt32x0xx_exti.o(.text), (0 bytes).
    Removing pt32x0xx_exti.o(.text.EXTI_ITConfig), (92 bytes).
    Removing pt32x0xx_exti.o(.ARM.exidx.text.EXTI_ITConfig), (8 bytes).
    Removing pt32x0xx_exti.o(.text.EXTI_TriggerTypeConfig), (132 bytes).
    Removing pt32x0xx_exti.o(.ARM.exidx.text.EXTI_TriggerTypeConfig), (8 bytes).
    Removing pt32x0xx_exti.o(.text.EXTI_ClearFlag), (60 bytes).
    Removing pt32x0xx_exti.o(.ARM.exidx.text.EXTI_ClearFlag), (8 bytes).
    Removing pt32x0xx_exti.o(.text.EXTI_GetITStatus), (76 bytes).
    Removing pt32x0xx_exti.o(.ARM.exidx.text.EXTI_GetITStatus), (8 bytes).
    Removing pt32x0xx_exti.o(.rodata.str1.1), (54 bytes).
    Removing pt32x0xx_gpio.o(.text), (0 bytes).
    Removing pt32x0xx_gpio.o(.ARM.exidx.text.GPIO_Init), (8 bytes).
    Removing pt32x0xx_gpio.o(.text.GPIO_StructInit), (10 bytes).
    Removing pt32x0xx_gpio.o(.ARM.exidx.text.GPIO_StructInit), (8 bytes).
    Removing pt32x0xx_gpio.o(.text.GPIO_ReadData), (44 bytes).
    Removing pt32x0xx_gpio.o(.ARM.exidx.text.GPIO_ReadData), (8 bytes).
    Removing pt32x0xx_gpio.o(.text.GPIO_ReadDataBit), (64 bytes).
    Removing pt32x0xx_gpio.o(.ARM.exidx.text.GPIO_ReadDataBit), (8 bytes).
    Removing pt32x0xx_gpio.o(.text.GPIO_ReverseBits), (64 bytes).
    Removing pt32x0xx_gpio.o(.ARM.exidx.text.GPIO_ReverseBits), (8 bytes).
    Removing pt32x0xx_gpio.o(.text.GPIO_SetBits), (60 bytes).
    Removing pt32x0xx_gpio.o(.ARM.exidx.text.GPIO_SetBits), (8 bytes).
    Removing pt32x0xx_gpio.o(.text.GPIO_ResetBits), (60 bytes).
    Removing pt32x0xx_gpio.o(.ARM.exidx.text.GPIO_ResetBits), (8 bytes).
    Removing pt32x0xx_gpio.o(.text.GPIO_PullUpConfig), (96 bytes).
    Removing pt32x0xx_gpio.o(.ARM.exidx.text.GPIO_PullUpConfig), (8 bytes).
    Removing pt32x0xx_gpio.o(.text.GPIO_PullDownConfig), (96 bytes).
    Removing pt32x0xx_gpio.o(.ARM.exidx.text.GPIO_PullDownConfig), (8 bytes).
    Removing pt32x0xx_gpio.o(.text.GPIO_SchmittConfig), (100 bytes).
    Removing pt32x0xx_gpio.o(.ARM.exidx.text.GPIO_SchmittConfig), (8 bytes).
    Removing pt32x0xx_gpio.o(.ARM.exidx.text.GPIO_DigitalRemapConfig), (8 bytes).
    Removing pt32x0xx_gpio.o(.text.GPIO_AnalogRemapConfig), (100 bytes).
    Removing pt32x0xx_gpio.o(.ARM.exidx.text.GPIO_AnalogRemapConfig), (8 bytes).
    Removing pt32x0xx_i2c.o(.text), (0 bytes).
    Removing pt32x0xx_i2c.o(.ARM.exidx.text.I2C_Init), (8 bytes).
    Removing pt32x0xx_i2c.o(.text.I2C_StructInit), (14 bytes).
    Removing pt32x0xx_i2c.o(.ARM.exidx.text.I2C_StructInit), (8 bytes).
    Removing pt32x0xx_i2c.o(.ARM.exidx.text.I2C_Cmd), (8 bytes).
    Removing pt32x0xx_i2c.o(.ARM.exidx.text.I2C_GenerateEvent), (8 bytes).
    Removing pt32x0xx_i2c.o(.text.I2C_AcknowledgeConfig), (52 bytes).
    Removing pt32x0xx_i2c.o(.ARM.exidx.text.I2C_AcknowledgeConfig), (8 bytes).
    Removing pt32x0xx_i2c.o(.text.I2C_HighLevelDetectConfig), (52 bytes).
    Removing pt32x0xx_i2c.o(.ARM.exidx.text.I2C_HighLevelDetectConfig), (8 bytes).
    Removing pt32x0xx_i2c.o(.ARM.exidx.text.I2C_GetFlagStatus), (8 bytes).
    Removing pt32x0xx_i2c.o(.ARM.exidx.text.I2C_SendData), (8 bytes).
    Removing pt32x0xx_i2c.o(.ARM.exidx.text.I2C_SendAddress), (8 bytes).
    Removing pt32x0xx_i2c.o(.text.I2C_ReceiveData), (36 bytes).
    Removing pt32x0xx_i2c.o(.ARM.exidx.text.I2C_ReceiveData), (8 bytes).
    Removing pt32x0xx_ifmc.o(.text), (0 bytes).
    Removing pt32x0xx_ifmc.o(.text.IFMC_GetStatus), (44 bytes).
    Removing pt32x0xx_ifmc.o(.ARM.exidx.text.IFMC_GetStatus), (8 bytes).
    Removing pt32x0xx_ifmc.o(.ARM.exidx.text.IFMC_SetLatency), (8 bytes).
    Removing pt32x0xx_ifmc.o(.text.IFMC_ProgramWord), (140 bytes).
    Removing pt32x0xx_ifmc.o(.ARM.exidx.text.IFMC_ProgramWord), (8 bytes).
    Removing pt32x0xx_ifmc.o(.text.IFMC_ProgramWords), (212 bytes).
    Removing pt32x0xx_ifmc.o(.ARM.exidx.text.IFMC_ProgramWords), (8 bytes).
    Removing pt32x0xx_ifmc.o(.text.IFMC_ErasePage), (140 bytes).
    Removing pt32x0xx_ifmc.o(.ARM.exidx.text.IFMC_ErasePage), (8 bytes).
    Removing pt32x0xx_ifmc.o(.text.IFMC_EraseChip), (108 bytes).
    Removing pt32x0xx_ifmc.o(.ARM.exidx.text.IFMC_EraseChip), (8 bytes).
    Removing pt32x0xx_ifmc.o(.text.IFMC_ITConfig), (72 bytes).
    Removing pt32x0xx_ifmc.o(.ARM.exidx.text.IFMC_ITConfig), (8 bytes).
    Removing pt32x0xx_ifmc.o(.text.IFMC_GetFlagStatus), (48 bytes).
    Removing pt32x0xx_ifmc.o(.ARM.exidx.text.IFMC_GetFlagStatus), (8 bytes).
    Removing pt32x0xx_ifmc.o(.text.IFMC_ClearFlag), (40 bytes).
    Removing pt32x0xx_ifmc.o(.ARM.exidx.text.IFMC_ClearFlag), (8 bytes).
    Removing pt32x0xx_ifmc.o(.text.IFMC_GetReadProtectStatus), (20 bytes).
    Removing pt32x0xx_ifmc.o(.ARM.exidx.text.IFMC_GetReadProtectStatus), (8 bytes).
    Removing pt32x0xx_ifmc.o(.text.IFMC_SetReadProtect), (52 bytes).
    Removing pt32x0xx_ifmc.o(.ARM.exidx.text.IFMC_SetReadProtect), (8 bytes).
    Removing pt32x0xx_ifmc.o(.text.IFMC_ReadWord), (4 bytes).
    Removing pt32x0xx_ifmc.o(.ARM.exidx.text.IFMC_ReadWord), (8 bytes).
    Removing pt32x0xx_ifmc.o(.text.IFMC_ReadHalfWord), (4 bytes).
    Removing pt32x0xx_ifmc.o(.ARM.exidx.text.IFMC_ReadHalfWord), (8 bytes).
    Removing pt32x0xx_ifmc.o(.text.IFMC_ReadByte), (4 bytes).
    Removing pt32x0xx_ifmc.o(.ARM.exidx.text.IFMC_ReadByte), (8 bytes).
    Removing pt32x0xx_iwdg.o(.text), (0 bytes).
    Removing pt32x0xx_iwdg.o(.text.IWDG_SetReload), (32 bytes).
    Removing pt32x0xx_iwdg.o(.ARM.exidx.text.IWDG_SetReload), (8 bytes).
    Removing pt32x0xx_iwdg.o(.text.IWDG_Cmd), (56 bytes).
    Removing pt32x0xx_iwdg.o(.ARM.exidx.text.IWDG_Cmd), (8 bytes).
    Removing pt32x0xx_iwdg.o(.text.IWDG_DBGPendingCmd), (64 bytes).
    Removing pt32x0xx_iwdg.o(.ARM.exidx.text.IWDG_DBGPendingCmd), (8 bytes).
    Removing pt32x0xx_iwdg.o(.text.IWDG_ReloadCounter), (32 bytes).
    Removing pt32x0xx_iwdg.o(.ARM.exidx.text.IWDG_ReloadCounter), (8 bytes).
    Removing pt32x0xx_iwdg.o(.text.IWDG_GetFlagStatus), (68 bytes).
    Removing pt32x0xx_iwdg.o(.ARM.exidx.text.IWDG_GetFlagStatus), (8 bytes).
    Removing pt32x0xx_iwdg.o(.text.IWDG_LockCmd), (60 bytes).
    Removing pt32x0xx_iwdg.o(.ARM.exidx.text.IWDG_LockCmd), (8 bytes).
    Removing pt32x0xx_iwdg.o(.rodata.str1.1), (54 bytes).
    Removing pt32x0xx_ldac.o(.text), (0 bytes).
    Removing pt32x0xx_ldac.o(.text.LDAC_Cmd), (56 bytes).
    Removing pt32x0xx_ldac.o(.ARM.exidx.text.LDAC_Cmd), (8 bytes).
    Removing pt32x0xx_ldac.o(.text.LDAC_OutputConfig), (2 bytes).
    Removing pt32x0xx_ldac.o(.ARM.exidx.text.LDAC_OutputConfig), (8 bytes).
    Removing pt32x0xx_ldac.o(.text.LDAC_SetRVSPS), (48 bytes).
    Removing pt32x0xx_ldac.o(.ARM.exidx.text.LDAC_SetRVSPS), (8 bytes).
    Removing pt32x0xx_ldac.o(.text.LDAC_SetPowerMode), (52 bytes).
    Removing pt32x0xx_ldac.o(.ARM.exidx.text.LDAC_SetPowerMode), (8 bytes).
    Removing pt32x0xx_ldac.o(.text.LDAC_SetData), (44 bytes).
    Removing pt32x0xx_ldac.o(.ARM.exidx.text.LDAC_SetData), (8 bytes).
    Removing pt32x0xx_ldac.o(.rodata.str1.1), (54 bytes).
    Removing pt32x0xx_nvic.o(.text), (0 bytes).
    Removing pt32x0xx_nvic.o(.text.NVIC_Init), (116 bytes).
    Removing pt32x0xx_nvic.o(.ARM.exidx.text.NVIC_Init), (8 bytes).
    Removing pt32x0xx_nvic.o(.text.NVIC_SystemLPConfig), (80 bytes).
    Removing pt32x0xx_nvic.o(.ARM.exidx.text.NVIC_SystemLPConfig), (8 bytes).
    Removing pt32x0xx_nvic.o(.rodata.str1.1), (54 bytes).
    Removing pt32x0xx_opa.o(.text), (0 bytes).
    Removing pt32x0xx_opa.o(.text.OPA_Cmd), (68 bytes).
    Removing pt32x0xx_opa.o(.ARM.exidx.text.OPA_Cmd), (8 bytes).
    Removing pt32x0xx_opa.o(.text.OPA_PGAVcmConfig), (56 bytes).
    Removing pt32x0xx_opa.o(.ARM.exidx.text.OPA_PGAVcmConfig), (8 bytes).
    Removing pt32x0xx_opa.o(.text.OPA_PowerModeConfig), (56 bytes).
    Removing pt32x0xx_opa.o(.ARM.exidx.text.OPA_PowerModeConfig), (8 bytes).
    Removing pt32x0xx_opa.o(.text.OPA_PGAGainConfig), (92 bytes).
    Removing pt32x0xx_opa.o(.ARM.exidx.text.OPA_PGAGainConfig), (8 bytes).
    Removing pt32x0xx_opa.o(.text.OPA_PositiveInputsConfig), (76 bytes).
    Removing pt32x0xx_opa.o(.ARM.exidx.text.OPA_PositiveInputsConfig), (8 bytes).
    Removing pt32x0xx_opa.o(.text.OPA_NegativeInputsConfig), (76 bytes).
    Removing pt32x0xx_opa.o(.ARM.exidx.text.OPA_NegativeInputsConfig), (8 bytes).
    Removing pt32x0xx_opa.o(.text.OPA_OutputsConfig), (76 bytes).
    Removing pt32x0xx_opa.o(.ARM.exidx.text.OPA_OutputsConfig), (8 bytes).
    Removing pt32x0xx_opa.o(.text.OPA_VGndCmd), (72 bytes).
    Removing pt32x0xx_opa.o(.ARM.exidx.text.OPA_VGndCmd), (8 bytes).
    Removing pt32x0xx_opa.o(.text.OPA_CalibrationModeConfig), (72 bytes).
    Removing pt32x0xx_opa.o(.ARM.exidx.text.OPA_CalibrationModeConfig), (8 bytes).
    Removing pt32x0xx_opa.o(.text.OPA_AutoCalibrationModeConfig), (60 bytes).
    Removing pt32x0xx_opa.o(.ARM.exidx.text.OPA_AutoCalibrationModeConfig), (8 bytes).
    Removing pt32x0xx_opa.o(.text.OPA_OffsetTrimValueConfig), (68 bytes).
    Removing pt32x0xx_opa.o(.ARM.exidx.text.OPA_OffsetTrimValueConfig), (8 bytes).
    Removing pt32x0xx_opa.o(.text.OPA_OffsetTrimValueReset), (48 bytes).
    Removing pt32x0xx_opa.o(.ARM.exidx.text.OPA_OffsetTrimValueReset), (8 bytes).
    Removing pt32x0xx_opa.o(.text.OPA_GetCalibrationOutput), (48 bytes).
    Removing pt32x0xx_opa.o(.ARM.exidx.text.OPA_GetCalibrationOutput), (8 bytes).
    Removing pt32x0xx_opa.o(.text.OPA_GetOffsetTrimSourceStatus), (48 bytes).
    Removing pt32x0xx_opa.o(.ARM.exidx.text.OPA_GetOffsetTrimSourceStatus), (8 bytes).
    Removing pt32x0xx_opa.o(.rodata.str1.1), (53 bytes).
    Removing pt32x0xx_pwr.o(.text), (0 bytes).
    Removing pt32x0xx_pwr.o(.text.PWR_PVDCmd), (44 bytes).
    Removing pt32x0xx_pwr.o(.ARM.exidx.text.PWR_PVDCmd), (8 bytes).
    Removing pt32x0xx_pwr.o(.text.PWR_PVDLevelConfig), (60 bytes).
    Removing pt32x0xx_pwr.o(.ARM.exidx.text.PWR_PVDLevelConfig), (8 bytes).
    Removing pt32x0xx_pwr.o(.text.PWR_PVDLevelReset), (24 bytes).
    Removing pt32x0xx_pwr.o(.ARM.exidx.text.PWR_PVDLevelReset), (8 bytes).
    Removing pt32x0xx_pwr.o(.text.PWR_FlashWakeUpMode), (36 bytes).
    Removing pt32x0xx_pwr.o(.ARM.exidx.text.PWR_FlashWakeUpMode), (8 bytes).
    Removing pt32x0xx_pwr.o(.text.PWR_GetFlagStatus), (32 bytes).
    Removing pt32x0xx_pwr.o(.ARM.exidx.text.PWR_GetFlagStatus), (8 bytes).
    Removing pt32x0xx_pwr.o(.text.PWR_VREFBUF_Config), (36 bytes).
    Removing pt32x0xx_pwr.o(.ARM.exidx.text.PWR_VREFBUF_Config), (8 bytes).
    Removing pt32x0xx_pwr.o(.text.PWR_VREFBUF_InternalRefVoltageConfig), (36 bytes).
    Removing pt32x0xx_pwr.o(.ARM.exidx.text.PWR_VREFBUF_InternalRefVoltageConfig), (8 bytes).
    Removing pt32x0xx_pwr.o(.text.PWR_VREFBUF_BG2v0TrimValueConfig), (48 bytes).
    Removing pt32x0xx_pwr.o(.ARM.exidx.text.PWR_VREFBUF_BG2v0TrimValueConfig), (8 bytes).
    Removing pt32x0xx_pwr.o(.text.PWR_SDADC0_PowerCapModeConfig), (32 bytes).
    Removing pt32x0xx_pwr.o(.ARM.exidx.text.PWR_SDADC0_PowerCapModeConfig), (8 bytes).
    Removing pt32x0xx_pwr.o(.text.PWR_SDADC0_PowerVoltageConfig), (44 bytes).
    Removing pt32x0xx_pwr.o(.ARM.exidx.text.PWR_SDADC0_PowerVoltageConfig), (8 bytes).
    Removing pt32x0xx_pwr.o(.text.PWR_EnterSleepMode), (56 bytes).
    Removing pt32x0xx_pwr.o(.ARM.exidx.text.PWR_EnterSleepMode), (8 bytes).
    Removing pt32x0xx_pwr.o(.text.PWR_EnterDeepSleepMode), (52 bytes).
    Removing pt32x0xx_pwr.o(.ARM.exidx.text.PWR_EnterDeepSleepMode), (8 bytes).
    Removing pt32x0xx_pwr.o(.rodata.str1.1), (53 bytes).
    Removing pt32x0xx_rcc.o(.text), (0 bytes).
    Removing pt32x0xx_rcc.o(.text.RCC_APBPeriph1ResetCmd), (72 bytes).
    Removing pt32x0xx_rcc.o(.ARM.exidx.text.RCC_APBPeriph1ResetCmd), (8 bytes).
    Removing pt32x0xx_rcc.o(.text.RCC_APBPeriph2ResetCmd), (72 bytes).
    Removing pt32x0xx_rcc.o(.ARM.exidx.text.RCC_APBPeriph2ResetCmd), (8 bytes).
    Removing pt32x0xx_rcc.o(.text.RCC_APBPeriph3ResetCmd), (72 bytes).
    Removing pt32x0xx_rcc.o(.ARM.exidx.text.RCC_APBPeriph3ResetCmd), (8 bytes).
    Removing pt32x0xx_rcc.o(.text.RCC_APBPeriph4ResetCmd), (72 bytes).
    Removing pt32x0xx_rcc.o(.ARM.exidx.text.RCC_APBPeriph4ResetCmd), (8 bytes).
    Removing pt32x0xx_rcc.o(.text.RCC_AHBPeriphResetCmd), (72 bytes).
    Removing pt32x0xx_rcc.o(.ARM.exidx.text.RCC_AHBPeriphResetCmd), (8 bytes).
    Removing pt32x0xx_rcc.o(.text.RCC_GetResetFlagStatus), (48 bytes).
    Removing pt32x0xx_rcc.o(.ARM.exidx.text.RCC_GetResetFlagStatus), (8 bytes).
    Removing pt32x0xx_rcc.o(.text.RCC_ClearResetFlag), (44 bytes).
    Removing pt32x0xx_rcc.o(.ARM.exidx.text.RCC_ClearResetFlag), (8 bytes).
    Removing pt32x0xx_rcc.o(.text.RCC_ResetConfig), (76 bytes).
    Removing pt32x0xx_rcc.o(.ARM.exidx.text.RCC_ResetConfig), (8 bytes).
    Removing pt32x0xx_rcc.o(.text.RCC_AdvancedSoftwareReset), (56 bytes).
    Removing pt32x0xx_rcc.o(.ARM.exidx.text.RCC_AdvancedSoftwareReset), (8 bytes).
    Removing pt32x0xx_rcc.o(.text.RCC_APBPeriph1ClockCmd), (76 bytes).
    Removing pt32x0xx_rcc.o(.ARM.exidx.text.RCC_APBPeriph1ClockCmd), (8 bytes).
    Removing pt32x0xx_rcc.o(.ARM.exidx.text.RCC_APBPeriph2ClockCmd), (8 bytes).
    Removing pt32x0xx_rcc.o(.text.RCC_APBPeriph3ClockCmd), (76 bytes).
    Removing pt32x0xx_rcc.o(.ARM.exidx.text.RCC_APBPeriph3ClockCmd), (8 bytes).
    Removing pt32x0xx_rcc.o(.text.RCC_APBPeriph4ClockCmd), (76 bytes).
    Removing pt32x0xx_rcc.o(.ARM.exidx.text.RCC_APBPeriph4ClockCmd), (8 bytes).
    Removing pt32x0xx_rcc.o(.ARM.exidx.text.RCC_AHBPeriphClockCmd), (8 bytes).
    Removing pt32x0xx_rcc.o(.text.RCC_SetSystemClock), (40 bytes).
    Removing pt32x0xx_rcc.o(.ARM.exidx.text.RCC_SetSystemClock), (8 bytes).
    Removing pt32x0xx_rcc.o(.text.RCC_GetSystemClockSelection), (16 bytes).
    Removing pt32x0xx_rcc.o(.ARM.exidx.text.RCC_GetSystemClockSelection), (8 bytes).
    Removing pt32x0xx_rcc.o(.text.RCC_SetSystemClockAfterWakeUp), (48 bytes).
    Removing pt32x0xx_rcc.o(.ARM.exidx.text.RCC_SetSystemClockAfterWakeUp), (8 bytes).
    Removing pt32x0xx_rcc.o(.ARM.exidx.text.RCC_HCLKSetPrescaler), (8 bytes).
    Removing pt32x0xx_rcc.o(.ARM.exidx.text.RCC_PCLKSetPrescaler), (8 bytes).
    Removing pt32x0xx_rcc.o(.ARM.exidx.text.RCC_SetMCOSource), (8 bytes).
    Removing pt32x0xx_rcc.o(.text.RCC_MCOSetPrescaler), (48 bytes).
    Removing pt32x0xx_rcc.o(.ARM.exidx.text.RCC_MCOSetPrescaler), (8 bytes).
    Removing pt32x0xx_rcc.o(.text.RCC_Periph1ClockSourceConfig), (84 bytes).
    Removing pt32x0xx_rcc.o(.ARM.exidx.text.RCC_Periph1ClockSourceConfig), (8 bytes).
    Removing pt32x0xx_rcc.o(.text.RCC_Periph2ClockSourceConfig), (72 bytes).
    Removing pt32x0xx_rcc.o(.ARM.exidx.text.RCC_Periph2ClockSourceConfig), (8 bytes).
    Removing pt32x0xx_rcc.o(.text.RCC_ClockSourceConfig), (304 bytes).
    Removing pt32x0xx_rcc.o(.ARM.exidx.text.RCC_ClockSourceConfig), (8 bytes).
    Removing pt32x0xx_rcc.o(.text.RCC_LSIFreqConfig), (40 bytes).
    Removing pt32x0xx_rcc.o(.ARM.exidx.text.RCC_LSIFreqConfig), (8 bytes).
    Removing pt32x0xx_rcc.o(.text.RCC_HSEAmplitudeConfig), (48 bytes).
    Removing pt32x0xx_rcc.o(.ARM.exidx.text.RCC_HSEAmplitudeConfig), (8 bytes).
    Removing pt32x0xx_rcc.o(.text.RCC_HSEFreqRangeConfig), (36 bytes).
    Removing pt32x0xx_rcc.o(.ARM.exidx.text.RCC_HSEFreqRangeConfig), (8 bytes).
    Removing pt32x0xx_rcc.o(.text.RCC_HSEFailDetectConfig), (48 bytes).
    Removing pt32x0xx_rcc.o(.ARM.exidx.text.RCC_HSEFailDetectConfig), (8 bytes).
    Removing pt32x0xx_rcc.o(.text.RCC_ClockFilterBypassConfig), (80 bytes).
    Removing pt32x0xx_rcc.o(.ARM.exidx.text.RCC_ClockFilterBypassConfig), (8 bytes).
    Removing pt32x0xx_rcc.o(.text.RCC_HSEFilterConfig), (40 bytes).
    Removing pt32x0xx_rcc.o(.ARM.exidx.text.RCC_HSEFilterConfig), (8 bytes).
    Removing pt32x0xx_rcc.o(.text.RCC_LSEFilterConfig), (40 bytes).
    Removing pt32x0xx_rcc.o(.ARM.exidx.text.RCC_LSEFilterConfig), (8 bytes).
    Removing pt32x0xx_rcc.o(.text.RCC_PLLFilterConfig), (40 bytes).
    Removing pt32x0xx_rcc.o(.ARM.exidx.text.RCC_PLLFilterConfig), (8 bytes).
    Removing pt32x0xx_rcc.o(.text.RCC_HSEFeedbackResistanceConfig), (40 bytes).
    Removing pt32x0xx_rcc.o(.ARM.exidx.text.RCC_HSEFeedbackResistanceConfig), (8 bytes).
    Removing pt32x0xx_rcc.o(.text.RCC_LSEFeedbackResistanceConfig), (40 bytes).
    Removing pt32x0xx_rcc.o(.ARM.exidx.text.RCC_LSEFeedbackResistanceConfig), (8 bytes).
    Removing pt32x0xx_rcc.o(.text.RCC_PLLClockSourceDelayConfig), (36 bytes).
    Removing pt32x0xx_rcc.o(.ARM.exidx.text.RCC_PLLClockSourceDelayConfig), (8 bytes).
    Removing pt32x0xx_rcc.o(.text.RCC_PLLClockSourceConfig), (40 bytes).
    Removing pt32x0xx_rcc.o(.ARM.exidx.text.RCC_PLLClockSourceConfig), (8 bytes).
    Removing pt32x0xx_spi.o(.text), (0 bytes).
    Removing pt32x0xx_spi.o(.text.SPI_Init), (248 bytes).
    Removing pt32x0xx_spi.o(.ARM.exidx.text.SPI_Init), (8 bytes).
    Removing pt32x0xx_spi.o(.text.SPI_StructInit), (28 bytes).
    Removing pt32x0xx_spi.o(.ARM.exidx.text.SPI_StructInit), (8 bytes).
    Removing pt32x0xx_spi.o(.text.SPI_Cmd), (56 bytes).
    Removing pt32x0xx_spi.o(.ARM.exidx.text.SPI_Cmd), (8 bytes).
    Removing pt32x0xx_spi.o(.text.SPI_SlaveOutputConfig), (60 bytes).
    Removing pt32x0xx_spi.o(.ARM.exidx.text.SPI_SlaveOutputConfig), (8 bytes).
    Removing pt32x0xx_spi.o(.text.SPI_FrameFormatConfig), (60 bytes).
    Removing pt32x0xx_spi.o(.ARM.exidx.text.SPI_FrameFormatConfig), (8 bytes).
    Removing pt32x0xx_spi.o(.text.SPI_ReceiveDMACmd), (60 bytes).
    Removing pt32x0xx_spi.o(.ARM.exidx.text.SPI_ReceiveDMACmd), (8 bytes).
    Removing pt32x0xx_spi.o(.text.SPI_TransferDMACmd), (60 bytes).
    Removing pt32x0xx_spi.o(.ARM.exidx.text.SPI_TransferDMACmd), (8 bytes).
    Removing pt32x0xx_spi.o(.text.SPI_DMATriggerControlConfig), (56 bytes).
    Removing pt32x0xx_spi.o(.ARM.exidx.text.SPI_DMATriggerControlConfig), (8 bytes).
    Removing pt32x0xx_spi.o(.text.SPI_SoftwareControlCSSConfig), (60 bytes).
    Removing pt32x0xx_spi.o(.ARM.exidx.text.SPI_SoftwareControlCSSConfig), (8 bytes).
    Removing pt32x0xx_spi.o(.text.SPI_BaudRateConfig), (108 bytes).
    Removing pt32x0xx_spi.o(.ARM.exidx.text.SPI_BaudRateConfig), (8 bytes).
    Removing pt32x0xx_spi.o(.text.SPI_ITConfig), (92 bytes).
    Removing pt32x0xx_spi.o(.ARM.exidx.text.SPI_ITConfig), (8 bytes).
    Removing pt32x0xx_spi.o(.text.SPI_GetFlagStatus), (68 bytes).
    Removing pt32x0xx_spi.o(.ARM.exidx.text.SPI_GetFlagStatus), (8 bytes).
    Removing pt32x0xx_spi.o(.text.SPI_ClearFlag), (84 bytes).
    Removing pt32x0xx_spi.o(.ARM.exidx.text.SPI_ClearFlag), (8 bytes).
    Removing pt32x0xx_spi.o(.text.SPI_GetFifoSize), (64 bytes).
    Removing pt32x0xx_spi.o(.ARM.exidx.text.SPI_GetFifoSize), (8 bytes).
    Removing pt32x0xx_spi.o(.text.SPI_SendData), (36 bytes).
    Removing pt32x0xx_spi.o(.ARM.exidx.text.SPI_SendData), (8 bytes).
    Removing pt32x0xx_spi.o(.text.SPI_ReceiveData), (36 bytes).
    Removing pt32x0xx_spi.o(.ARM.exidx.text.SPI_ReceiveData), (8 bytes).
    Removing pt32x0xx_spi.o(.text.SPI_FifoReset), (68 bytes).
    Removing pt32x0xx_spi.o(.ARM.exidx.text.SPI_FifoReset), (8 bytes).
    Removing pt32x0xx_spi.o(.rodata.str1.1), (53 bytes).
    Removing pt32x0xx_syscfg.o(.text), (0 bytes).
    Removing pt32x0xx_syscfg.o(.text.SYSCFG_IAPConfig), (2 bytes).
    Removing pt32x0xx_syscfg.o(.ARM.exidx.text.SYSCFG_IAPConfig), (8 bytes).
    Removing pt32x0xx_syscfg.o(.text.SYSCFG_VTORSEnable), (112 bytes).
    Removing pt32x0xx_syscfg.o(.ARM.exidx.text.SYSCFG_VTORSEnable), (8 bytes).
    Removing pt32x0xx_syscfg.o(.text.SYSCFG_VTORSDisable), (12 bytes).
    Removing pt32x0xx_syscfg.o(.ARM.exidx.text.SYSCFG_VTORSDisable), (8 bytes).
    Removing pt32x0xx_tim.o(.text), (0 bytes).
    Removing pt32x0xx_tim.o(.text.TIM_TimeBaseInit), (264 bytes).
    Removing pt32x0xx_tim.o(.ARM.exidx.text.TIM_TimeBaseInit), (8 bytes).
    Removing pt32x0xx_tim.o(.text.TIM_TimeBaseStructInit), (20 bytes).
    Removing pt32x0xx_tim.o(.ARM.exidx.text.TIM_TimeBaseStructInit), (8 bytes).
    Removing pt32x0xx_tim.o(.text.TIM_Cmd), (152 bytes).
    Removing pt32x0xx_tim.o(.ARM.exidx.text.TIM_Cmd), (8 bytes).
    Removing pt32x0xx_tim.o(.text.TIM_UpdateEvent), (136 bytes).
    Removing pt32x0xx_tim.o(.ARM.exidx.text.TIM_UpdateEvent), (8 bytes).
    Removing pt32x0xx_tim.o(.text.TIM_SetOPM), (132 bytes).
    Removing pt32x0xx_tim.o(.ARM.exidx.text.TIM_SetOPM), (8 bytes).
    Removing pt32x0xx_tim.o(.text.TIM_SetClockDivision), (120 bytes).
    Removing pt32x0xx_tim.o(.ARM.exidx.text.TIM_SetClockDivision), (8 bytes).
    Removing pt32x0xx_tim.o(.text.TIM_DirectionConfig), (100 bytes).
    Removing pt32x0xx_tim.o(.ARM.exidx.text.TIM_DirectionConfig), (8 bytes).
    Removing pt32x0xx_tim.o(.text.TIM_GetDirection), (80 bytes).
    Removing pt32x0xx_tim.o(.ARM.exidx.text.TIM_GetDirection), (8 bytes).
    Removing pt32x0xx_tim.o(.text.TIM_SlaveModeInit), (240 bytes).
    Removing pt32x0xx_tim.o(.ARM.exidx.text.TIM_SlaveModeInit), (8 bytes).
    Removing pt32x0xx_tim.o(.text.TIM_SlaveModeStructInit), (16 bytes).
    Removing pt32x0xx_tim.o(.ARM.exidx.text.TIM_SlaveModeStructInit), (8 bytes).
    Removing pt32x0xx_tim.o(.text.TIM_MasterModeInit), (108 bytes).
    Removing pt32x0xx_tim.o(.ARM.exidx.text.TIM_MasterModeInit), (8 bytes).
    Removing pt32x0xx_tim.o(.text.TIM_MasterModeStructInit), (8 bytes).
    Removing pt32x0xx_tim.o(.ARM.exidx.text.TIM_MasterModeStructInit), (8 bytes).
    Removing pt32x0xx_tim.o(.text.TIM_ChannelPolarityEnable), (72 bytes).
    Removing pt32x0xx_tim.o(.ARM.exidx.text.TIM_ChannelPolarityEnable), (8 bytes).
    Removing pt32x0xx_tim.o(.text.TIM_ChannelPolarityDisable), (72 bytes).
    Removing pt32x0xx_tim.o(.ARM.exidx.text.TIM_ChannelPolarityDisable), (8 bytes).
    Removing pt32x0xx_tim.o(.text.TIM_ICInit), (232 bytes).
    Removing pt32x0xx_tim.o(.ARM.exidx.text.TIM_ICInit), (8 bytes).
    Removing pt32x0xx_tim.o(.text.TIM_ICStructInit), (34 bytes).
    Removing pt32x0xx_tim.o(.ARM.exidx.text.TIM_ICStructInit), (8 bytes).
    Removing pt32x0xx_tim.o(.text.TIM_OCInit), (208 bytes).
    Removing pt32x0xx_tim.o(.ARM.exidx.text.TIM_OCInit), (8 bytes).
    Removing pt32x0xx_tim.o(.text.TIM_OCStructInit), (24 bytes).
    Removing pt32x0xx_tim.o(.ARM.exidx.text.TIM_OCStructInit), (8 bytes).
    Removing pt32x0xx_tim.o(.text.TIM_BKICRInit), (160 bytes).
    Removing pt32x0xx_tim.o(.ARM.exidx.text.TIM_BKICRInit), (8 bytes).
    Removing pt32x0xx_tim.o(.text.TIM_BKICRStructInit), (22 bytes).
    Removing pt32x0xx_tim.o(.ARM.exidx.text.TIM_BKICRStructInit), (8 bytes).
    Removing pt32x0xx_tim.o(.text.TIM_SoftwareBreakCMD), (64 bytes).
    Removing pt32x0xx_tim.o(.ARM.exidx.text.TIM_SoftwareBreakCMD), (8 bytes).
    Removing pt32x0xx_tim.o(.text.TIM_BreakSourceConfig), (84 bytes).
    Removing pt32x0xx_tim.o(.ARM.exidx.text.TIM_BreakSourceConfig), (8 bytes).
    Removing pt32x0xx_tim.o(.text.TIM_SetDeadTime), (52 bytes).
    Removing pt32x0xx_tim.o(.ARM.exidx.text.TIM_SetDeadTime), (8 bytes).
    Removing pt32x0xx_tim.o(.text.TIM_DMAConfig), (136 bytes).
    Removing pt32x0xx_tim.o(.ARM.exidx.text.TIM_DMAConfig), (8 bytes).
    Removing pt32x0xx_tim.o(.text.TIM_ADCTrigger), (124 bytes).
    Removing pt32x0xx_tim.o(.ARM.exidx.text.TIM_ADCTrigger), (8 bytes).
    Removing pt32x0xx_tim.o(.text.TIM_GetFlagStatus), (144 bytes).
    Removing pt32x0xx_tim.o(.ARM.exidx.text.TIM_GetFlagStatus), (8 bytes).
    Removing pt32x0xx_tim.o(.text.TIM_ClearFlag), (128 bytes).
    Removing pt32x0xx_tim.o(.ARM.exidx.text.TIM_ClearFlag), (8 bytes).
    Removing pt32x0xx_tim.o(.text.TIM_ITConfig), (204 bytes).
    Removing pt32x0xx_tim.o(.ARM.exidx.text.TIM_ITConfig), (8 bytes).
    Removing pt32x0xx_tim.o(.text.TIM_SetInterruptAutoreload), (60 bytes).
    Removing pt32x0xx_tim.o(.ARM.exidx.text.TIM_SetInterruptAutoreload), (8 bytes).
    Removing pt32x0xx_tim.o(.text.TIM_SetPrescaler), (100 bytes).
    Removing pt32x0xx_tim.o(.ARM.exidx.text.TIM_SetPrescaler), (8 bytes).
    Removing pt32x0xx_tim.o(.text.TIM_GetPrescaler), (92 bytes).
    Removing pt32x0xx_tim.o(.ARM.exidx.text.TIM_GetPrescaler), (8 bytes).
    Removing pt32x0xx_tim.o(.text.TIM_SetCounter), (124 bytes).
    Removing pt32x0xx_tim.o(.ARM.exidx.text.TIM_SetCounter), (8 bytes).
    Removing pt32x0xx_tim.o(.text.TIM_GetCounter), (92 bytes).
    Removing pt32x0xx_tim.o(.ARM.exidx.text.TIM_GetCounter), (8 bytes).
    Removing pt32x0xx_tim.o(.text.TIM_SetAutoreload), (124 bytes).
    Removing pt32x0xx_tim.o(.ARM.exidx.text.TIM_SetAutoreload), (8 bytes).
    Removing pt32x0xx_tim.o(.text.TIM_GetAutoreload), (92 bytes).
    Removing pt32x0xx_tim.o(.ARM.exidx.text.TIM_GetAutoreload), (8 bytes).
    Removing pt32x0xx_tim.o(.text.TIM_SetOCxValue), (76 bytes).
    Removing pt32x0xx_tim.o(.ARM.exidx.text.TIM_SetOCxValue), (8 bytes).
    Removing pt32x0xx_tim.o(.text.TIM_SetUpDownOCxValue), (76 bytes).
    Removing pt32x0xx_tim.o(.ARM.exidx.text.TIM_SetUpDownOCxValue), (8 bytes).
    Removing pt32x0xx_tim.o(.text.TIM_GetICxValue), (56 bytes).
    Removing pt32x0xx_tim.o(.ARM.exidx.text.TIM_GetICxValue), (8 bytes).
    Removing pt32x0xx_tim.o(.rodata.str1.1), (53 bytes).
    Removing pt32x0xx_uart.o(.text), (0 bytes).
    Removing pt32x0xx_uart.o(.ARM.exidx.text.UART_Init), (8 bytes).
    Removing pt32x0xx_uart.o(.ARM.exidx.text.UART_BaudRateConfig), (8 bytes).
    Removing pt32x0xx_uart.o(.text.UART_SmartCardInit), (156 bytes).
    Removing pt32x0xx_uart.o(.ARM.exidx.text.UART_SmartCardInit), (8 bytes).
    Removing pt32x0xx_uart.o(.text.UART_StructInit), (30 bytes).
    Removing pt32x0xx_uart.o(.ARM.exidx.text.UART_StructInit), (8 bytes).
    Removing pt32x0xx_uart.o(.text.UART_SmartCardStructInit), (22 bytes).
    Removing pt32x0xx_uart.o(.ARM.exidx.text.UART_SmartCardStructInit), (8 bytes).
    Removing pt32x0xx_uart.o(.ARM.exidx.text.UART_Cmd), (8 bytes).
    Removing pt32x0xx_uart.o(.text.UART_ReceiverCmd), (104 bytes).
    Removing pt32x0xx_uart.o(.ARM.exidx.text.UART_ReceiverCmd), (8 bytes).
    Removing pt32x0xx_uart.o(.text.UART_ReceiveDMACmd), (112 bytes).
    Removing pt32x0xx_uart.o(.ARM.exidx.text.UART_ReceiveDMACmd), (8 bytes).
    Removing pt32x0xx_uart.o(.text.UART_TransferDMACmd), (108 bytes).
    Removing pt32x0xx_uart.o(.ARM.exidx.text.UART_TransferDMACmd), (8 bytes).
    Removing pt32x0xx_uart.o(.text.UART_WordLengthAndParityConfig), (120 bytes).
    Removing pt32x0xx_uart.o(.ARM.exidx.text.UART_WordLengthAndParityConfig), (8 bytes).
    Removing pt32x0xx_uart.o(.text.UART_StopBitLengthConfig), (112 bytes).
    Removing pt32x0xx_uart.o(.ARM.exidx.text.UART_StopBitLengthConfig), (8 bytes).
    Removing pt32x0xx_uart.o(.text.UART_DMATriggerControlConfig), (100 bytes).
    Removing pt32x0xx_uart.o(.ARM.exidx.text.UART_DMATriggerControlConfig), (8 bytes).
    Removing pt32x0xx_uart.o(.text.UART_PolarityControl), (144 bytes).
    Removing pt32x0xx_uart.o(.ARM.exidx.text.UART_PolarityControl), (8 bytes).
    Removing pt32x0xx_uart.o(.text.UART_SingleLineModeCmd), (108 bytes).
    Removing pt32x0xx_uart.o(.ARM.exidx.text.UART_SingleLineModeCmd), (8 bytes).
    Removing pt32x0xx_uart.o(.text.UART_SinglelineDirectionConfig), (112 bytes).
    Removing pt32x0xx_uart.o(.ARM.exidx.text.UART_SinglelineDirectionConfig), (8 bytes).
    Removing pt32x0xx_uart.o(.text.UART_MuteModeWakeupMethodConfig), (100 bytes).
    Removing pt32x0xx_uart.o(.ARM.exidx.text.UART_MuteModeWakeupMethodConfig), (8 bytes).
    Removing pt32x0xx_uart.o(.text.UART_MuteModeCmd), (44 bytes).
    Removing pt32x0xx_uart.o(.ARM.exidx.text.UART_MuteModeCmd), (8 bytes).
    Removing pt32x0xx_uart.o(.text.UART_LowPowerWakeupConfig), (100 bytes).
    Removing pt32x0xx_uart.o(.ARM.exidx.text.UART_LowPowerWakeupConfig), (8 bytes).
    Removing pt32x0xx_uart.o(.text.UART_LoopbackModeCmd), (116 bytes).
    Removing pt32x0xx_uart.o(.ARM.exidx.text.UART_LoopbackModeCmd), (8 bytes).
    Removing pt32x0xx_uart.o(.text.UART_SlaveDeviceAddressConfig), (48 bytes).
    Removing pt32x0xx_uart.o(.ARM.exidx.text.UART_SlaveDeviceAddressConfig), (8 bytes).
    Removing pt32x0xx_uart.o(.text.UART_ITConfig), (100 bytes).
    Removing pt32x0xx_uart.o(.ARM.exidx.text.UART_ITConfig), (8 bytes).
    Removing pt32x0xx_uart.o(.text.UART_GetFlagStatus), (68 bytes).
    Removing pt32x0xx_uart.o(.ARM.exidx.text.UART_GetFlagStatus), (8 bytes).
    Removing pt32x0xx_uart.o(.text.UART_ClearFlag), (64 bytes).
    Removing pt32x0xx_uart.o(.ARM.exidx.text.UART_ClearFlag), (8 bytes).
    Removing pt32x0xx_uart.o(.text.UART_GetITStatus), (76 bytes).
    Removing pt32x0xx_uart.o(.ARM.exidx.text.UART_GetITStatus), (8 bytes).
    Removing pt32x0xx_uart.o(.text.UART_SendData), (72 bytes).
    Removing pt32x0xx_uart.o(.ARM.exidx.text.UART_SendData), (8 bytes).
    Removing pt32x0xx_uart.o(.text.UART_ReceiveData), (44 bytes).
    Removing pt32x0xx_uart.o(.ARM.exidx.text.UART_ReceiveData), (8 bytes).
    Removing pt32x0xx_uart.o(.text.UART_SetFrameIntervalTime), (56 bytes).
    Removing pt32x0xx_uart.o(.ARM.exidx.text.UART_SetFrameIntervalTime), (8 bytes).
    Removing pt32x0xx_uart.o(.text.UART_SetTimeout), (52 bytes).
    Removing pt32x0xx_uart.o(.ARM.exidx.text.UART_SetTimeout), (8 bytes).
    Removing pt32x0xx_uart.o(.text.UART_FifoReset), (68 bytes).
    Removing pt32x0xx_uart.o(.ARM.exidx.text.UART_FifoReset), (8 bytes).
    Removing pt32x0xx_uart.o(.text.UART_SmartCardCmd), (52 bytes).
    Removing pt32x0xx_uart.o(.ARM.exidx.text.UART_SmartCardCmd), (8 bytes).
    Removing pt32x0xx_uart.o(.text.UART_SmartCardDirectionConfig), (56 bytes).
    Removing pt32x0xx_uart.o(.ARM.exidx.text.UART_SmartCardDirectionConfig), (8 bytes).
    Removing dadd.o(.text), (356 bytes).
    Removing dmul.o(.text), (208 bytes).
    Removing ddiv.o(.text), (240 bytes).
    Removing dfixul.o(.text), (64 bytes).
    Removing cdrcmple.o(.text), (40 bytes).
    Removing depilogue.o(.text), (190 bytes).
    Removing depilogue.o(i.__ARM_clz), (46 bytes).

667 unused section(s) (total 25542 bytes) removed from the image.

==============================================================================

Image Symbol Table

    Local Symbols

    Symbol Name                              Value     Ov Type        Size  Object(Section)

    ../clib/division.s                       0x00000000   Number         0  aeabi_sdivfast.o ABSOLUTE
    ../clib/division.s                       0x00000000   Number         0  aeabi_sdivfast_div0.o ABSOLUTE
    ../clib/microlib/division.c              0x00000000   Number         0  uidiv.o ABSOLUTE
    ../clib/microlib/division.c              0x00000000   Number         0  uidiv_div0.o ABSOLUTE
    ../clib/microlib/division.c              0x00000000   Number         0  idiv_div0.o ABSOLUTE
    ../clib/microlib/division.c              0x00000000   Number         0  idiv0.o ABSOLUTE
    ../clib/microlib/division.c              0x00000000   Number         0  uldiv.o ABSOLUTE
    ../clib/microlib/init/entry.s            0x00000000   Number         0  entry.o ABSOLUTE
    ../clib/microlib/init/entry.s            0x00000000   Number         0  entry2.o ABSOLUTE
    ../clib/microlib/init/entry.s            0x00000000   Number         0  entry5.o ABSOLUTE
    ../clib/microlib/init/entry.s            0x00000000   Number         0  entry7a.o ABSOLUTE
    ../clib/microlib/init/entry.s            0x00000000   Number         0  entry7b.o ABSOLUTE
    ../clib/microlib/init/entry.s            0x00000000   Number         0  entry8a.o ABSOLUTE
    ../clib/microlib/init/entry.s            0x00000000   Number         0  entry8b.o ABSOLUTE
    ../clib/microlib/init/entry.s            0x00000000   Number         0  entry9a.o ABSOLUTE
    ../clib/microlib/init/entry.s            0x00000000   Number         0  entry9b.o ABSOLUTE
    ../clib/microlib/init/entry.s            0x00000000   Number         0  entry10a.o ABSOLUTE
    ../clib/microlib/init/entry.s            0x00000000   Number         0  entry10b.o ABSOLUTE
    ../clib/microlib/init/entry.s            0x00000000   Number         0  entry11a.o ABSOLUTE
    ../clib/microlib/init/entry.s            0x00000000   Number         0  entry11b.o ABSOLUTE
    ../clib/microlib/longlong.c              0x00000000   Number         0  llshl.o ABSOLUTE
    ../clib/microlib/longlong.c              0x00000000   Number         0  llushr.o ABSOLUTE
    ../clib/microlib/longlong.c              0x00000000   Number         0  llsshr.o ABSOLUTE
    ../clib/microlib/printf/printf.c         0x00000000   Number         0  printfb.o ABSOLUTE
    ../clib/microlib/printf/printf.c         0x00000000   Number         0  printf0.o ABSOLUTE
    ../clib/microlib/printf/printf.c         0x00000000   Number         0  printf1.o ABSOLUTE
    ../clib/microlib/printf/printf.c         0x00000000   Number         0  printf2.o ABSOLUTE
    ../clib/microlib/printf/printf.c         0x00000000   Number         0  printf3.o ABSOLUTE
    ../clib/microlib/printf/printf.c         0x00000000   Number         0  printf4.o ABSOLUTE
    ../clib/microlib/printf/printf.c         0x00000000   Number         0  printf5.o ABSOLUTE
    ../clib/microlib/printf/printf.c         0x00000000   Number         0  printf6.o ABSOLUTE
    ../clib/microlib/printf/printf.c         0x00000000   Number         0  printf7.o ABSOLUTE
    ../clib/microlib/printf/printf.c         0x00000000   Number         0  printf8.o ABSOLUTE
    ../clib/microlib/printf/printf.c         0x00000000   Number         0  printfa.o ABSOLUTE
    ../clib/microlib/printf/stubs.s          0x00000000   Number         0  printfstubs.o ABSOLUTE
    ../clib/microlib/stdio/puts.c            0x00000000   Number         0  puts.o ABSOLUTE
    ../clib/microlib/stdio/puts.c            0x00000000   Number         0  puts_e.o ABSOLUTE
    ../clib/microlib/stubs.s                 0x00000000   Number         0  useno.o ABSOLUTE
    ../clib/microlib/stubs.s                 0x00000000   Number         0  iusefp.o ABSOLUTE
    ../fplib/microlib/fpadd.c                0x00000000   Number         0  dadd.o ABSOLUTE
    ../fplib/microlib/fpdiv.c                0x00000000   Number         0  ddiv.o ABSOLUTE
    ../fplib/microlib/fpepilogue.c           0x00000000   Number         0  depilogue.o ABSOLUTE
    ../fplib/microlib/fpfix.c                0x00000000   Number         0  dfixul.o ABSOLUTE
    ../fplib/microlib/fpmul.c                0x00000000   Number         0  dmul.o ABSOLUTE
    ..\..\..\Libraries\SYSTEM\PTM280x\arm\startup_PTM280x.s 0x00000000   Number         0  startup_ptm280x.o ABSOLUTE
    PT32x0xx_adc.c                           0x00000000   Number         0  pt32x0xx_adc.o ABSOLUTE
    PT32x0xx_cmp.c                           0x00000000   Number         0  pt32x0xx_cmp.o ABSOLUTE
    PT32x0xx_crc.c                           0x00000000   Number         0  pt32x0xx_crc.o ABSOLUTE
    PT32x0xx_dma.c                           0x00000000   Number         0  pt32x0xx_dma.o ABSOLUTE
    PT32x0xx_es.c                            0x00000000   Number         0  pt32x0xx_es.o ABSOLUTE
    PT32x0xx_exti.c                          0x00000000   Number         0  pt32x0xx_exti.o ABSOLUTE
    PT32x0xx_gpio.c                          0x00000000   Number         0  pt32x0xx_gpio.o ABSOLUTE
    PT32x0xx_i2c.c                           0x00000000   Number         0  pt32x0xx_i2c.o ABSOLUTE
    PT32x0xx_ifmc.c                          0x00000000   Number         0  pt32x0xx_ifmc.o ABSOLUTE
    PT32x0xx_iwdg.c                          0x00000000   Number         0  pt32x0xx_iwdg.o ABSOLUTE
    PT32x0xx_ldac.c                          0x00000000   Number         0  pt32x0xx_ldac.o ABSOLUTE
    PT32x0xx_nvic.c                          0x00000000   Number         0  pt32x0xx_nvic.o ABSOLUTE
    PT32x0xx_opa.c                           0x00000000   Number         0  pt32x0xx_opa.o ABSOLUTE
    PT32x0xx_pwr.c                           0x00000000   Number         0  pt32x0xx_pwr.o ABSOLUTE
    PT32x0xx_rcc.c                           0x00000000   Number         0  pt32x0xx_rcc.o ABSOLUTE
    PT32x0xx_retarget.c                      0x00000000   Number         0  pt32x0xx_retarget.o ABSOLUTE
    PT32x0xx_spi.c                           0x00000000   Number         0  pt32x0xx_spi.o ABSOLUTE
    PT32x0xx_syscfg.c                        0x00000000   Number         0  pt32x0xx_syscfg.o ABSOLUTE
    PT32x0xx_tim.c                           0x00000000   Number         0  pt32x0xx_tim.o ABSOLUTE
    PT32x0xx_uart.c                          0x00000000   Number         0  pt32x0xx_uart.o ABSOLUTE
    cdrcmple.s                               0x00000000   Number         0  cdrcmple.o ABSOLUTE
    dc.s                                     0x00000000   Number         0  dc.o ABSOLUTE
    handlers.s                               0x00000000   Number         0  handlers.o ABSOLUTE
    init.s                                   0x00000000   Number         0  init.o ABSOLUTE
    main.c                                   0x00000000   Number         0  main.o ABSOLUTE
    system_PTM280x.c                         0x00000000   Number         0  system_ptm280x.o ABSOLUTE
    RESET                                    0x00000000   Section      192  startup_ptm280x.o(RESET)
    .ARM.Collect$$$$00000000                 0x000000c0   Section        0  entry.o(.ARM.Collect$$$$00000000)
    .ARM.Collect$$$$00000001                 0x000000c0   Section        4  entry2.o(.ARM.Collect$$$$00000001)
    .ARM.Collect$$$$00000004                 0x000000c4   Section        4  entry5.o(.ARM.Collect$$$$00000004)
    .ARM.Collect$$$$00000008                 0x000000c8   Section        0  entry7b.o(.ARM.Collect$$$$00000008)
    .ARM.Collect$$$$0000000A                 0x000000c8   Section        0  entry8b.o(.ARM.Collect$$$$0000000A)
    .ARM.Collect$$$$0000000B                 0x000000c8   Section        8  entry9a.o(.ARM.Collect$$$$0000000B)
    __lit__00000000                          0x000000d0   Data           4  entry2.o(.ARM.Collect$$$$00002712)
    .ARM.Collect$$$$0000000D                 0x000000d0   Section        0  entry10a.o(.ARM.Collect$$$$0000000D)
    .ARM.Collect$$$$0000000F                 0x000000d0   Section        0  entry11a.o(.ARM.Collect$$$$0000000F)
    .ARM.Collect$$$$00002712                 0x000000d0   Section        4  entry2.o(.ARM.Collect$$$$00002712)
    .text                                    0x000000d4   Section       28  startup_ptm280x.o(.text)
    .text                                    0x000000f0   Section        0  uidiv_div0.o(.text)
    .text                                    0x0000012e   Section        0  uldiv.o(.text)
    .text                                    0x00000190   Section       48  init.o(.text)
    .text                                    0x000001c0   Section        0  llshl.o(.text)
    .text                                    0x000001e0   Section        0  llushr.o(.text)
    [Anonymous Symbol]                       0x00000204   Section        0  pt32x0xx_gpio.o(.text.GPIO_DigitalRemapConfig)
    __arm_cp.10_0                            0x00000290   Number         4  pt32x0xx_gpio.o(.text.GPIO_DigitalRemapConfig)
    [Anonymous Symbol]                       0x00000294   Section        0  pt32x0xx_gpio.o(.text.GPIO_Init)
    __arm_cp.0_0                             0x00000314   Number         4  pt32x0xx_gpio.o(.text.GPIO_Init)
    __arm_cp.0_1                             0x00000318   Number         4  pt32x0xx_gpio.o(.text.GPIO_Init)
    __arm_cp.0_2                             0x0000031c   Number         4  pt32x0xx_gpio.o(.text.GPIO_Init)
    [Anonymous Symbol]                       0x00000340   Section        0  system_ptm280x.o(.text.GetClockFreq)
    __arm_cp.4_1                             0x000003bc   Number         4  system_ptm280x.o(.text.GetClockFreq)
    [Anonymous Symbol]                       0x000003c0   Section        0  pt32x0xx_i2c.o(.text.I2C_Cmd)
    [Anonymous Symbol]                       0x000003ec   Section        0  main.o(.text.I2C_EE_Write)
    __arm_cp.8_1                             0x000004dc   Number         4  main.o(.text.I2C_EE_Write)
    __arm_cp.8_2                             0x000004e0   Number         4  main.o(.text.I2C_EE_Write)
    __arm_cp.8_3                             0x000004e4   Number         4  main.o(.text.I2C_EE_Write)
    [Anonymous Symbol]                       0x000004e8   Section        0  pt32x0xx_i2c.o(.text.I2C_GenerateEvent)
    [Anonymous Symbol]                       0x00000554   Section        0  pt32x0xx_i2c.o(.text.I2C_GetFlagStatus)
    [Anonymous Symbol]                       0x00000580   Section        0  pt32x0xx_i2c.o(.text.I2C_Init)
    __arm_cp.0_2                             0x000005f8   Number         4  pt32x0xx_i2c.o(.text.I2C_Init)
    __arm_cp.0_3                             0x000005fc   Number         4  pt32x0xx_i2c.o(.text.I2C_Init)
    __arm_cp.0_4                             0x00000600   Number         4  pt32x0xx_i2c.o(.text.I2C_Init)
    [Anonymous Symbol]                       0x00000604   Section        0  pt32x0xx_i2c.o(.text.I2C_SendAddress)
    [Anonymous Symbol]                       0x00000624   Section        0  pt32x0xx_i2c.o(.text.I2C_SendData)
    __arm_cp.7_0                             0x00000644   Number         4  pt32x0xx_i2c.o(.text.I2C_SendData)
    __arm_cp.7_1                             0x00000648   Number         4  pt32x0xx_i2c.o(.text.I2C_SendData)
    [Anonymous Symbol]                       0x0000064c   Section        0  pt32x0xx_ifmc.o(.text.IFMC_SetLatency)
    __arm_cp.1_0                             0x0000066c   Number         4  pt32x0xx_ifmc.o(.text.IFMC_SetLatency)
    [Anonymous Symbol]                       0x00000670   Section        0  pt32x0xx_rcc.o(.text.RCC_AHBPeriphClockCmd)
    __arm_cp.13_0                            0x000006b0   Number         4  pt32x0xx_rcc.o(.text.RCC_AHBPeriphClockCmd)
    __arm_cp.13_2                            0x000006b4   Number         4  pt32x0xx_rcc.o(.text.RCC_AHBPeriphClockCmd)
    [Anonymous Symbol]                       0x000006b8   Section        0  pt32x0xx_rcc.o(.text.RCC_APBPeriph2ClockCmd)
    __arm_cp.10_0                            0x000006f8   Number         4  pt32x0xx_rcc.o(.text.RCC_APBPeriph2ClockCmd)
    __arm_cp.10_2                            0x000006fc   Number         4  pt32x0xx_rcc.o(.text.RCC_APBPeriph2ClockCmd)
    [Anonymous Symbol]                       0x00000700   Section        0  pt32x0xx_rcc.o(.text.RCC_HCLKSetPrescaler)
    __arm_cp.17_1                            0x00000724   Number         4  pt32x0xx_rcc.o(.text.RCC_HCLKSetPrescaler)
    __arm_cp.17_2                            0x00000728   Number         4  pt32x0xx_rcc.o(.text.RCC_HCLKSetPrescaler)
    [Anonymous Symbol]                       0x0000072c   Section        0  pt32x0xx_rcc.o(.text.RCC_PCLKSetPrescaler)
    __arm_cp.18_1                            0x00000750   Number         4  pt32x0xx_rcc.o(.text.RCC_PCLKSetPrescaler)
    [Anonymous Symbol]                       0x00000754   Section        0  pt32x0xx_rcc.o(.text.RCC_SetMCOSource)
    __arm_cp.19_0                            0x00000784   Number         4  pt32x0xx_rcc.o(.text.RCC_SetMCOSource)
    __arm_cp.19_1                            0x00000788   Number         4  pt32x0xx_rcc.o(.text.RCC_SetMCOSource)
    __arm_cp.19_2                            0x0000078c   Number         4  pt32x0xx_rcc.o(.text.RCC_SetMCOSource)
    [Anonymous Symbol]                       0x00000790   Section        0  system_ptm280x.o(.text.SystemInit)
    [Anonymous Symbol]                       0x000007b0   Section        0  pt32x0xx_uart.o(.text.UART_BaudRateConfig)
    __arm_cp.1_0                             0x0000083c   Number         4  pt32x0xx_uart.o(.text.UART_BaudRateConfig)
    __arm_cp.1_1                             0x00000840   Number         4  pt32x0xx_uart.o(.text.UART_BaudRateConfig)
    __arm_cp.1_2                             0x00000844   Number         4  pt32x0xx_uart.o(.text.UART_BaudRateConfig)
    __arm_cp.1_3                             0x00000848   Number         4  pt32x0xx_uart.o(.text.UART_BaudRateConfig)
    __arm_cp.1_4                             0x0000084c   Number         4  pt32x0xx_uart.o(.text.UART_BaudRateConfig)
    [Anonymous Symbol]                       0x00000858   Section        0  pt32x0xx_uart.o(.text.UART_Cmd)
    [Anonymous Symbol]                       0x000008ac   Section        0  pt32x0xx_uart.o(.text.UART_Init)
    __arm_cp.0_1                             0x000009cc   Number         4  pt32x0xx_uart.o(.text.UART_Init)
    __arm_cp.0_2                             0x000009d0   Number         4  pt32x0xx_uart.o(.text.UART_Init)
    __arm_cp.0_3                             0x000009d4   Number         4  pt32x0xx_uart.o(.text.UART_Init)
    __arm_cp.0_4                             0x000009d8   Number         4  pt32x0xx_uart.o(.text.UART_Init)
    __arm_cp.0_5                             0x000009dc   Number         4  pt32x0xx_uart.o(.text.UART_Init)
    [Anonymous Symbol]                       0x000009e0   Section        0  main.o(.text.assert_failed)
    [Anonymous Symbol]                       0x00000a1c   Section        0  pt32x0xx_retarget.o(.text.fputc)
    __arm_cp.3_0                             0x00000a2c   Number         4  pt32x0xx_retarget.o(.text.fputc)
    [Anonymous Symbol]                       0x00000a30   Section        0  main.o(.text.main)
    __arm_cp.11_0                            0x00000b30   Number         4  main.o(.text.main)
    __arm_cp.11_1                            0x00000b34   Number         4  main.o(.text.main)
    __arm_cp.11_2                            0x00000b38   Number         4  main.o(.text.main)
    __arm_cp.11_3                            0x00000b3c   Number         4  main.o(.text.main)
    __arm_cp.11_4                            0x00000b40   Number         4  main.o(.text.main)
    __arm_cp.11_6                            0x00000b58   Number         4  main.o(.text.main)
    i.__0printf$4                            0x00000b5c   Section        0  printf4.o(i.__0printf$4)
    i.__scatterload_copy                     0x00000b7c   Section       14  handlers.o(i.__scatterload_copy)
    i.__scatterload_null                     0x00000b8a   Section        2  handlers.o(i.__scatterload_null)
    i.__scatterload_zeroinit                 0x00000b8c   Section       14  handlers.o(i.__scatterload_zeroinit)
    _printf_core                             0x00000b9d   Thumb Code   560  printf4.o(i._printf_core)
    i._printf_core                           0x00000b9c   Section        0  printf4.o(i._printf_core)
    i.puts                                   0x00000dd0   Section        0  puts.o(i.puts)
    [Anonymous Symbol]                       0x00000df0   Section        0  pt32x0xx_gpio.o(.rodata.str1.1)
    [Anonymous Symbol]                       0x00000e26   Section        0  pt32x0xx_i2c.o(.rodata.str1.1)
    [Anonymous Symbol]                       0x00000e5b   Section        0  pt32x0xx_ifmc.o(.rodata.str1.1)
    [Anonymous Symbol]                       0x00000e91   Section        0  pt32x0xx_rcc.o(.rodata.str1.1)
    [Anonymous Symbol]                       0x00000ec6   Section        0  pt32x0xx_uart.o(.rodata.str1.1)
    I2C_EE_Write.count                       0x20000008   Data           4  main.o(.bss.I2C_EE_Write.count)
    [Anonymous Symbol]                       0x20000008   Section        0  main.o(.bss.I2C_EE_Write.count)
    STACK                                    0x20000060   Section     1024  startup_ptm280x.o(STACK)

    Global Symbols

    Symbol Name                              Value     Ov Type        Size  Object(Section)

    BuildAttributes$$THM_ISAv3M$S$PE$A:L22$X:L11$S22$IEEE1$IW$~IW$USESV6$~STKCKD$USESV7$~SHL$OTIME$ROPI$EBA8$MICROLIB$REQ8$PRES8$EABIv2 0x00000000   Number         0  anon$$obj.o ABSOLUTE
    __Vectors                                0x00000000   Data           4  startup_ptm280x.o(RESET)
    __use_no_errno                           0x00000000   Number         0  useno.o ABSOLUTE
    __use_no_exception_handling              0x00000000   Number         0  useno.o ABSOLUTE
    __use_no_fp                              0x00000000   Number         0  useno.o ABSOLUTE
    __use_no_heap                            0x00000000   Number         0  useno.o ABSOLUTE
    __use_no_heap_region                     0x00000000   Number         0  useno.o ABSOLUTE
    __use_no_semihosting                     0x00000000   Number         0  useno.o ABSOLUTE
    __use_no_semihosting_swi                 0x00000000   Number         0  useno.o ABSOLUTE
    __use_no_signal_handling                 0x00000000   Number         0  useno.o ABSOLUTE
    _printf_a                                0x00000000   Number         0  printfstubs.o ABSOLUTE
    _printf_c                                0x00000000   Number         0  printfstubs.o ABSOLUTE
    _printf_charcount                        0x00000000   Number         0  printfstubs.o ABSOLUTE
    _printf_d                                0x00000000   Number         0  printfstubs.o ABSOLUTE
    _printf_e                                0x00000000   Number         0  printfstubs.o ABSOLUTE
    _printf_f                                0x00000000   Number         0  printfstubs.o ABSOLUTE
    _printf_flags                            0x00000000   Number         0  printfstubs.o ABSOLUTE
    _printf_fp_dec                           0x00000000   Number         0  printfstubs.o ABSOLUTE
    _printf_fp_hex                           0x00000000   Number         0  printfstubs.o ABSOLUTE
    _printf_g                                0x00000000   Number         0  printfstubs.o ABSOLUTE
    _printf_i                                0x00000000   Number         0  printfstubs.o ABSOLUTE
    _printf_int_dec                          0x00000000   Number         0  printfstubs.o ABSOLUTE
    _printf_l                                0x00000000   Number         0  printfstubs.o ABSOLUTE
    _printf_lc                               0x00000000   Number         0  printfstubs.o ABSOLUTE
    _printf_ll                               0x00000000   Number         0  printfstubs.o ABSOLUTE
    _printf_lld                              0x00000000   Number         0  printfstubs.o ABSOLUTE
    _printf_lli                              0x00000000   Number         0  printfstubs.o ABSOLUTE
    _printf_llo                              0x00000000   Number         0  printfstubs.o ABSOLUTE
    _printf_llu                              0x00000000   Number         0  printfstubs.o ABSOLUTE
    _printf_llx                              0x00000000   Number         0  printfstubs.o ABSOLUTE
    _printf_longlong_dec                     0x00000000   Number         0  printfstubs.o ABSOLUTE
    _printf_longlong_hex                     0x00000000   Number         0  printfstubs.o ABSOLUTE
    _printf_longlong_oct                     0x00000000   Number         0  printfstubs.o ABSOLUTE
    _printf_ls                               0x00000000   Number         0  printfstubs.o ABSOLUTE
    _printf_mbtowc                           0x00000000   Number         0  printfstubs.o ABSOLUTE
    _printf_n                                0x00000000   Number         0  printfstubs.o ABSOLUTE
    _printf_o                                0x00000000   Number         0  printfstubs.o ABSOLUTE
    _printf_p                                0x00000000   Number         0  printfstubs.o ABSOLUTE
    _printf_percent                          0x00000000   Number         0  printfstubs.o ABSOLUTE
    _printf_pre_padding                      0x00000000   Number         0  printfstubs.o ABSOLUTE
    _printf_return_value                     0x00000000   Number         0  printfstubs.o ABSOLUTE
    _printf_s                                0x00000000   Number         0  printfstubs.o ABSOLUTE
    _printf_sizespec                         0x00000000   Number         0  printfstubs.o ABSOLUTE
    _printf_str                              0x00000000   Number         0  printfstubs.o ABSOLUTE
    _printf_truncate_signed                  0x00000000   Number         0  printfstubs.o ABSOLUTE
    _printf_truncate_unsigned                0x00000000   Number         0  printfstubs.o ABSOLUTE
    _printf_u                                0x00000000   Number         0  printfstubs.o ABSOLUTE
    _printf_wc                               0x00000000   Number         0  printfstubs.o ABSOLUTE
    _printf_wctomb                           0x00000000   Number         0  printfstubs.o ABSOLUTE
    _printf_widthprec                        0x00000000   Number         0  printfstubs.o ABSOLUTE
    _printf_x                                0x00000000   Number         0  printfstubs.o ABSOLUTE
    __cpp_initialize__aeabi_                  - Undefined Weak Reference
    __cxa_finalize                            - Undefined Weak Reference
    __decompress                              - Undefined Weak Reference
    _clock_init                               - Undefined Weak Reference
    _microlib_exit                            - Undefined Weak Reference
    __Vectors_End                            0x000000c0   Data           0  startup_ptm280x.o(RESET)
    __Vectors_Size                           0x000000c0   Number         0  startup_ptm280x.o ABSOLUTE
    __main                                   0x000000c1   Thumb Code     0  entry.o(.ARM.Collect$$$$00000000)
    _main_stk                                0x000000c1   Thumb Code     0  entry2.o(.ARM.Collect$$$$00000001)
    _main_scatterload                        0x000000c5   Thumb Code     0  entry5.o(.ARM.Collect$$$$00000004)
    __main_after_scatterload                 0x000000c9   Thumb Code     0  entry5.o(.ARM.Collect$$$$00000004)
    _main_clock                              0x000000c9   Thumb Code     0  entry7b.o(.ARM.Collect$$$$00000008)
    _main_cpp_init                           0x000000c9   Thumb Code     0  entry8b.o(.ARM.Collect$$$$0000000A)
    _main_init                               0x000000c9   Thumb Code     0  entry9a.o(.ARM.Collect$$$$0000000B)
    __rt_final_cpp                           0x000000d1   Thumb Code     0  entry10a.o(.ARM.Collect$$$$0000000D)
    __rt_final_exit                          0x000000d1   Thumb Code     0  entry11a.o(.ARM.Collect$$$$0000000F)
    Reset_Handler                            0x000000d5   Thumb Code     8  startup_ptm280x.o(.text)
    NMI_Handler                              0x000000dd   Thumb Code     2  startup_ptm280x.o(.text)
    HardFault_Handler                        0x000000df   Thumb Code     2  startup_ptm280x.o(.text)
    SVC_Handler                              0x000000e1   Thumb Code     2  startup_ptm280x.o(.text)
    PendSV_Handler                           0x000000e3   Thumb Code     2  startup_ptm280x.o(.text)
    SysTick_Handler                          0x000000e5   Thumb Code     2  startup_ptm280x.o(.text)
    ADC0_Handler                             0x000000e7   Thumb Code     0  startup_ptm280x.o(.text)
    ALU_Handler                              0x000000e7   Thumb Code     0  startup_ptm280x.o(.text)
    CMP0_Handler                             0x000000e7   Thumb Code     0  startup_ptm280x.o(.text)
    CMP1_Handler                             0x000000e7   Thumb Code     0  startup_ptm280x.o(.text)
    DMA_Handler                              0x000000e7   Thumb Code     0  startup_ptm280x.o(.text)
    EXTIA_Handler                            0x000000e7   Thumb Code     0  startup_ptm280x.o(.text)
    EXTIB_Handler                            0x000000e7   Thumb Code     0  startup_ptm280x.o(.text)
    I2C0_Handler                             0x000000e7   Thumb Code     0  startup_ptm280x.o(.text)
    IFMC_Handler                             0x000000e7   Thumb Code     0  startup_ptm280x.o(.text)
    PVD_Handler                              0x000000e7   Thumb Code     0  startup_ptm280x.o(.text)
    SPI0_Handler                             0x000000e7   Thumb Code     0  startup_ptm280x.o(.text)
    TIM1_Handler                             0x000000e7   Thumb Code     0  startup_ptm280x.o(.text)
    TIM2_Handler                             0x000000e7   Thumb Code     0  startup_ptm280x.o(.text)
    TIM3_Handler                             0x000000e7   Thumb Code     0  startup_ptm280x.o(.text)
    TIM4_Handler                             0x000000e7   Thumb Code     0  startup_ptm280x.o(.text)
    TIM8_Handler                             0x000000e7   Thumb Code     0  startup_ptm280x.o(.text)
    UART0_Handler                            0x000000e7   Thumb Code     0  startup_ptm280x.o(.text)
    __aeabi_uidiv                            0x000000f1   Thumb Code     0  uidiv_div0.o(.text)
    __aeabi_uidivmod                         0x000000f1   Thumb Code    62  uidiv_div0.o(.text)
    __aeabi_uldivmod                         0x0000012f   Thumb Code    96  uldiv.o(.text)
    __scatterload                            0x00000191   Thumb Code    38  init.o(.text)
    __scatterload_rt2                        0x00000191   Thumb Code     0  init.o(.text)
    __aeabi_llsl                             0x000001c1   Thumb Code    32  llshl.o(.text)
    _ll_shift_l                              0x000001c1   Thumb Code     0  llshl.o(.text)
    __aeabi_llsr                             0x000001e1   Thumb Code    34  llushr.o(.text)
    _ll_ushift_r                             0x000001e1   Thumb Code     0  llushr.o(.text)
    GPIO_DigitalRemapConfig                  0x00000205   Thumb Code   140  pt32x0xx_gpio.o(.text.GPIO_DigitalRemapConfig)
    GPIO_Init                                0x00000295   Thumb Code   128  pt32x0xx_gpio.o(.text.GPIO_Init)
    GetClockFreq                             0x00000341   Thumb Code    72  system_ptm280x.o(.text.GetClockFreq)
    I2C_Cmd                                  0x000003c1   Thumb Code    44  pt32x0xx_i2c.o(.text.I2C_Cmd)
    I2C_EE_Write                             0x000003ed   Thumb Code   240  main.o(.text.I2C_EE_Write)
    I2C_GenerateEvent                        0x000004e9   Thumb Code   108  pt32x0xx_i2c.o(.text.I2C_GenerateEvent)
    I2C_GetFlagStatus                        0x00000555   Thumb Code    44  pt32x0xx_i2c.o(.text.I2C_GetFlagStatus)
    I2C_Init                                 0x00000581   Thumb Code   120  pt32x0xx_i2c.o(.text.I2C_Init)
    I2C_SendAddress                          0x00000605   Thumb Code    32  pt32x0xx_i2c.o(.text.I2C_SendAddress)
    I2C_SendData                             0x00000625   Thumb Code    32  pt32x0xx_i2c.o(.text.I2C_SendData)
    IFMC_SetLatency                          0x0000064d   Thumb Code    32  pt32x0xx_ifmc.o(.text.IFMC_SetLatency)
    RCC_AHBPeriphClockCmd                    0x00000671   Thumb Code    64  pt32x0xx_rcc.o(.text.RCC_AHBPeriphClockCmd)
    RCC_APBPeriph2ClockCmd                   0x000006b9   Thumb Code    64  pt32x0xx_rcc.o(.text.RCC_APBPeriph2ClockCmd)
    RCC_HCLKSetPrescaler                     0x00000701   Thumb Code    36  pt32x0xx_rcc.o(.text.RCC_HCLKSetPrescaler)
    RCC_PCLKSetPrescaler                     0x0000072d   Thumb Code    36  pt32x0xx_rcc.o(.text.RCC_PCLKSetPrescaler)
    RCC_SetMCOSource                         0x00000755   Thumb Code    48  pt32x0xx_rcc.o(.text.RCC_SetMCOSource)
    SystemInit                               0x00000791   Thumb Code    30  system_ptm280x.o(.text.SystemInit)
    UART_BaudRateConfig                      0x000007b1   Thumb Code   140  pt32x0xx_uart.o(.text.UART_BaudRateConfig)
    UART_Cmd                                 0x00000859   Thumb Code    84  pt32x0xx_uart.o(.text.UART_Cmd)
    UART_Init                                0x000008ad   Thumb Code   288  pt32x0xx_uart.o(.text.UART_Init)
    assert_failed                            0x000009e1   Thumb Code    12  main.o(.text.assert_failed)
    fputc                                    0x00000a1d   Thumb Code    16  pt32x0xx_retarget.o(.text.fputc)
    main                                     0x00000a31   Thumb Code   256  main.o(.text.main)
    __0printf$4                              0x00000b5d   Thumb Code    24  printf4.o(i.__0printf$4)
    __1printf$4                              0x00000b5d   Thumb Code     0  printf4.o(i.__0printf$4)
    __2printf                                0x00000b5d   Thumb Code     0  printf4.o(i.__0printf$4)
    __scatterload_copy                       0x00000b7d   Thumb Code    14  handlers.o(i.__scatterload_copy)
    __scatterload_null                       0x00000b8b   Thumb Code     2  handlers.o(i.__scatterload_null)
    __scatterload_zeroinit                   0x00000b8d   Thumb Code    14  handlers.o(i.__scatterload_zeroinit)
    puts                                     0x00000dd1   Thumb Code    28  puts.o(i.puts)
    Region$$Table$$Base                      0x00000efc   Number         0  anon$$obj.o(Region$$Table)
    Region$$Table$$Limit                     0x00000f1c   Number         0  anon$$obj.o(Region$$Table)
    arry_write                               0x20000000   Data           8  main.o(.data.arry_write)
    __stdout                                 0x2000000c   Data          84  pt32x0xx_retarget.o(.bss.__stdout)
    __initial_sp                             0x20000460   Data           0  startup_ptm280x.o(STACK)



==============================================================================

Memory Map of the image

  Image Entry point : 0x000000c1

  Load Region LR_IROM1 (Base: 0x00000000, Size: 0x00000f28, Max: 0x00008000, ABSOLUTE)

    Execution Region ER_IROM1 (Exec base: 0x00000000, Load base: 0x00000000, Size: 0x00000f1c, Max: 0x00008000, ABSOLUTE)

    Exec Addr    Load Addr    Size         Type   Attr      Idx    E Section Name        Object

    0x00000000   0x00000000   0x000000c0   Code   RO           23    RESET               startup_ptm280x.o
    0x000000c0   0x000000c0   0x00000000   Code   RO          856  * .ARM.Collect$$$$00000000  mc_p.l(entry.o)
    0x000000c0   0x000000c0   0x00000004   Code   RO         1130    .ARM.Collect$$$$00000001  mc_p.l(entry2.o)
    0x000000c4   0x000000c4   0x00000004   Code   RO         1133    .ARM.Collect$$$$00000004  mc_p.l(entry5.o)
    0x000000c8   0x000000c8   0x00000000   Code   RO         1135    .ARM.Collect$$$$00000008  mc_p.l(entry7b.o)
    0x000000c8   0x000000c8   0x00000000   Code   RO         1137    .ARM.Collect$$$$0000000A  mc_p.l(entry8b.o)
    0x000000c8   0x000000c8   0x00000008   Code   RO         1138    .ARM.Collect$$$$0000000B  mc_p.l(entry9a.o)
    0x000000d0   0x000000d0   0x00000000   Code   RO         1140    .ARM.Collect$$$$0000000D  mc_p.l(entry10a.o)
    0x000000d0   0x000000d0   0x00000000   Code   RO         1142    .ARM.Collect$$$$0000000F  mc_p.l(entry11a.o)
    0x000000d0   0x000000d0   0x00000004   Code   RO         1131    .ARM.Collect$$$$00002712  mc_p.l(entry2.o)
    0x000000d4   0x000000d4   0x0000001c   Code   RO           24    .text               startup_ptm280x.o
    0x000000f0   0x000000f0   0x0000003e   Code   RO         1148    .text               mc_p.l(uidiv_div0.o)
    0x0000012e   0x0000012e   0x00000060   Code   RO         1154    .text               mc_p.l(uldiv.o)
    0x0000018e   0x0000018e   0x00000002   PAD
    0x00000190   0x00000190   0x00000030   Code   RO         1167    .text               mc_p.l(init.o)
    0x000001c0   0x000001c0   0x00000020   Code   RO         1169    .text               mc_p.l(llshl.o)
    0x000001e0   0x000001e0   0x00000022   Code   RO         1171    .text               mc_p.l(llushr.o)
    0x00000202   0x00000202   0x00000002   PAD
    0x00000204   0x00000204   0x00000090   Code   RO          361    .text.GPIO_DigitalRemapConfig  pt32x0xx_gpio.o
    0x00000294   0x00000294   0x000000ac   Code   RO          341    .text.GPIO_Init     pt32x0xx_gpio.o
    0x00000340   0x00000340   0x00000080   Code   RO           10    .text.GetClockFreq  system_ptm280x.o
    0x000003c0   0x000003c0   0x0000002c   Code   RO          378    .text.I2C_Cmd       pt32x0xx_i2c.o
    0x000003ec   0x000003ec   0x000000fc   Code   RO           49    .text.I2C_EE_Write  main.o
    0x000004e8   0x000004e8   0x0000006c   Code   RO          380    .text.I2C_GenerateEvent  pt32x0xx_i2c.o
    0x00000554   0x00000554   0x0000002c   Code   RO          386    .text.I2C_GetFlagStatus  pt32x0xx_i2c.o
    0x00000580   0x00000580   0x00000084   Code   RO          374    .text.I2C_Init      pt32x0xx_i2c.o
    0x00000604   0x00000604   0x00000020   Code   RO          390    .text.I2C_SendAddress  pt32x0xx_i2c.o
    0x00000624   0x00000624   0x00000028   Code   RO          388    .text.I2C_SendData  pt32x0xx_i2c.o
    0x0000064c   0x0000064c   0x00000024   Code   RO          405    .text.IFMC_SetLatency  pt32x0xx_ifmc.o
    0x00000670   0x00000670   0x00000048   Code   RO          589    .text.RCC_AHBPeriphClockCmd  pt32x0xx_rcc.o
    0x000006b8   0x000006b8   0x00000048   Code   RO          583    .text.RCC_APBPeriph2ClockCmd  pt32x0xx_rcc.o
    0x00000700   0x00000700   0x0000002c   Code   RO          597    .text.RCC_HCLKSetPrescaler  pt32x0xx_rcc.o
    0x0000072c   0x0000072c   0x00000028   Code   RO          599    .text.RCC_PCLKSetPrescaler  pt32x0xx_rcc.o
    0x00000754   0x00000754   0x0000003c   Code   RO          601    .text.RCC_SetMCOSource  pt32x0xx_rcc.o
    0x00000790   0x00000790   0x0000001e   Code   RO           12    .text.SystemInit    system_ptm280x.o
    0x000007ae   0x000007ae   0x00000002   PAD
    0x000007b0   0x000007b0   0x000000a8   Code   RO          788    .text.UART_BaudRateConfig  pt32x0xx_uart.o
    0x00000858   0x00000858   0x00000054   Code   RO          796    .text.UART_Cmd      pt32x0xx_uart.o
    0x000008ac   0x000008ac   0x00000134   Code   RO          786    .text.UART_Init     pt32x0xx_uart.o
    0x000009e0   0x000009e0   0x0000003c   Code   RO           57    .text.assert_failed  main.o
    0x00000a1c   0x00000a1c   0x00000014   Code   RO           78    .text.fputc         pt32x0xx_retarget.o
    0x00000a30   0x00000a30   0x0000012c   Code   RO           55    .text.main          main.o
    0x00000b5c   0x00000b5c   0x00000020   Code   RO          980    i.__0printf$4       mc_p.l(printf4.o)
    0x00000b7c   0x00000b7c   0x0000000e   Code   RO         1181    i.__scatterload_copy  mc_p.l(handlers.o)
    0x00000b8a   0x00000b8a   0x00000002   Code   RO         1182    i.__scatterload_null  mc_p.l(handlers.o)
    0x00000b8c   0x00000b8c   0x0000000e   Code   RO         1183    i.__scatterload_zeroinit  mc_p.l(handlers.o)
    0x00000b9a   0x00000b9a   0x00000002   PAD
    0x00000b9c   0x00000b9c   0x00000234   Code   RO          987    i._printf_core      mc_p.l(printf4.o)
    0x00000dd0   0x00000dd0   0x00000020   Code   RO          859    i.puts              mc_p.l(puts.o)
    0x00000df0   0x00000df0   0x00000036   Data   RO          365    .rodata.str1.1      pt32x0xx_gpio.o
    0x00000e26   0x00000e26   0x00000035   Data   RO          394    .rodata.str1.1      pt32x0xx_i2c.o
    0x00000e5b   0x00000e5b   0x00000036   Data   RO          431    .rodata.str1.1      pt32x0xx_ifmc.o
    0x00000e91   0x00000e91   0x00000035   Data   RO          635    .rodata.str1.1      pt32x0xx_rcc.o
    0x00000ec6   0x00000ec6   0x00000036   Data   RO          848    .rodata.str1.1      pt32x0xx_uart.o
    0x00000efc   0x00000efc   0x00000020   Data   RO         1180    Region$$Table       anon$$obj.o


    Execution Region RW_IRAM1 (Exec base: 0x20000000, Load base: 0x00000f20, Size: 0x00000460, Max: 0x00002000, ABSOLUTE)

    Exec Addr    Load Addr    Size         Type   Attr      Idx    E Section Name        Object

    0x20000000   0x00000f20   0x00000008   Data   RW           59    .data.arry_write    main.o
    0x20000008        -       0x00000004   Zero   RW           61    .bss.I2C_EE_Write.count  main.o
    0x2000000c        -       0x00000054   Zero   RW           82    .bss.__stdout       pt32x0xx_retarget.o
    0x20000060        -       0x00000400   Zero   RW           21    STACK               startup_ptm280x.o


==============================================================================

Image component sizes


      Code (inc. data)   RO Data    RW Data    ZI Data      Debug   Object Name

       612        104          0          8          4       7642   main.o
       316         48         54          0          0       5085   pt32x0xx_gpio.o
       400         20         53          0          0       3767   pt32x0xx_i2c.o
        36          4         54          0          0       6066   pt32x0xx_ifmc.o
       288         40         53          0          0      10901   pt32x0xx_rcc.o
        20          4          0          0         84       1985   pt32x0xx_retarget.o
       560         48         54          0          0      12214   pt32x0xx_uart.o
       220        200          0          0       1024       1040   startup_ptm280x.o
       158         56          0          0          0       2578   system_ptm280x.o

    ----------------------------------------------------------------------
      2612        524        300          8       1112      51278   Object Totals
         0          0         32          0          0          0   (incl. Generated)
         2          0          0          0          0          0   (incl. Padding)

    ----------------------------------------------------------------------

      Code (inc. data)   RO Data    RW Data    ZI Data      Debug   Library Member Name

         0          0          0          0          0          0   entry.o
         0          0          0          0          0          0   entry10a.o
         0          0          0          0          0          0   entry11a.o
         8          4          0          0          0          0   entry2.o
         4          0          0          0          0          0   entry5.o
         0          0          0          0          0          0   entry7b.o
         0          0          0          0          0          0   entry8b.o
         8          4          0          0          0          0   entry9a.o
        30          0          0          0          0          0   handlers.o
        48         10          0          0          0         68   init.o
        32          0          0          0          0         68   llshl.o
        34          0          0          0          0         68   llushr.o
       596         12          0          0          0        168   printf4.o
        32          4          0          0          0         68   puts.o
        62          0          0          0          0         72   uidiv_div0.o
        96          0          0          0          0         84   uldiv.o

    ----------------------------------------------------------------------
       956         34          0          0          0        596   Library Totals
         6          0          0          0          0          0   (incl. Padding)

    ----------------------------------------------------------------------

      Code (inc. data)   RO Data    RW Data    ZI Data      Debug   Library Name

       950         34          0          0          0        596   mc_p.l

    ----------------------------------------------------------------------
       956         34          0          0          0        596   Library Totals

    ----------------------------------------------------------------------

==============================================================================


      Code (inc. data)   RO Data    RW Data    ZI Data      Debug   

      3568        558        300          8       1112      51666   Grand Totals
      3568        558        300          8       1112      51666   ELF Image Totals
      3568        558        300          8          0          0   ROM Totals

==============================================================================

    Total RO  Size (Code + RO Data)                 3868 (   3.78kB)
    Total RW  Size (RW Data + ZI Data)              1120 (   1.09kB)
    Total ROM Size (Code + RO Data + RW Data)       3876 (   3.79kB)

==============================================================================

